Archive member included to satisfy reference by file (symbol)

C:/GCC_Toolchain/bin/../lib/gcc/arm-none-eabi/15.2.1/../../../../arm-none-eabi/lib/thumb/v7e-m/nofp\libc_nano.a(libc_a-exit.o)
                              C:/GCC_Toolchain/bin/../lib/gcc/arm-none-eabi/15.2.1/../../../../arm-none-eabi/lib/thumb/v7e-m/nofp/crt0.o (exit)
C:/GCC_Toolchain/bin/../lib/gcc/arm-none-eabi/15.2.1/../../../../arm-none-eabi/lib/thumb/v7e-m/nofp\libc_nano.a(libc_a-findfp.o)
                              C:/GCC_Toolchain/bin/../lib/gcc/arm-none-eabi/15.2.1/../../../../arm-none-eabi/lib/thumb/v7e-m/nofp\libc_nano.a(libc_a-exit.o) (__stdio_exit_handler)
C:/GCC_Toolchain/bin/../lib/gcc/arm-none-eabi/15.2.1/../../../../arm-none-eabi/lib/thumb/v7e-m/nofp\libc_nano.a(libc_a-fwalk.o)
                              C:/GCC_Toolchain/bin/../lib/gcc/arm-none-eabi/15.2.1/../../../../arm-none-eabi/lib/thumb/v7e-m/nofp\libc_nano.a(libc_a-findfp.o) (_fwalk_sglue)
C:/GCC_Toolchain/bin/../lib/gcc/arm-none-eabi/15.2.1/../../../../arm-none-eabi/lib/thumb/v7e-m/nofp\libc_nano.a(libc_a-stdio.o)
                              C:/GCC_Toolchain/bin/../lib/gcc/arm-none-eabi/15.2.1/../../../../arm-none-eabi/lib/thumb/v7e-m/nofp\libc_nano.a(libc_a-findfp.o) (__sread)
C:/GCC_Toolchain/bin/../lib/gcc/arm-none-eabi/15.2.1/../../../../arm-none-eabi/lib/thumb/v7e-m/nofp\libc_nano.a(libc_a-memset.o)
                              C:/GCC_Toolchain/bin/../lib/gcc/arm-none-eabi/15.2.1/../../../../arm-none-eabi/lib/thumb/v7e-m/nofp/crt0.o (memset)
C:/GCC_Toolchain/bin/../lib/gcc/arm-none-eabi/15.2.1/../../../../arm-none-eabi/lib/thumb/v7e-m/nofp\libc_nano.a(libc_a-closer.o)
                              C:/GCC_Toolchain/bin/../lib/gcc/arm-none-eabi/15.2.1/../../../../arm-none-eabi/lib/thumb/v7e-m/nofp\libc_nano.a(libc_a-stdio.o) (_close_r)
C:/GCC_Toolchain/bin/../lib/gcc/arm-none-eabi/15.2.1/../../../../arm-none-eabi/lib/thumb/v7e-m/nofp\libc_nano.a(libc_a-reent.o)
                              C:/GCC_Toolchain/bin/../lib/gcc/arm-none-eabi/15.2.1/../../../../arm-none-eabi/lib/thumb/v7e-m/nofp\libc_nano.a(libc_a-closer.o) (errno)
C:/GCC_Toolchain/bin/../lib/gcc/arm-none-eabi/15.2.1/../../../../arm-none-eabi/lib/thumb/v7e-m/nofp\libc_nano.a(libc_a-impure.o)
                              C:/GCC_Toolchain/bin/../lib/gcc/arm-none-eabi/15.2.1/../../../../arm-none-eabi/lib/thumb/v7e-m/nofp\libc_nano.a(libc_a-reent.o) (_impure_ptr)
C:/GCC_Toolchain/bin/../lib/gcc/arm-none-eabi/15.2.1/../../../../arm-none-eabi/lib/thumb/v7e-m/nofp\libc_nano.a(libc_a-lseekr.o)
                              C:/GCC_Toolchain/bin/../lib/gcc/arm-none-eabi/15.2.1/../../../../arm-none-eabi/lib/thumb/v7e-m/nofp\libc_nano.a(libc_a-stdio.o) (_lseek_r)
C:/GCC_Toolchain/bin/../lib/gcc/arm-none-eabi/15.2.1/../../../../arm-none-eabi/lib/thumb/v7e-m/nofp\libc_nano.a(libc_a-readr.o)
                              C:/GCC_Toolchain/bin/../lib/gcc/arm-none-eabi/15.2.1/../../../../arm-none-eabi/lib/thumb/v7e-m/nofp\libc_nano.a(libc_a-stdio.o) (_read_r)
C:/GCC_Toolchain/bin/../lib/gcc/arm-none-eabi/15.2.1/../../../../arm-none-eabi/lib/thumb/v7e-m/nofp\libc_nano.a(libc_a-writer.o)
                              C:/GCC_Toolchain/bin/../lib/gcc/arm-none-eabi/15.2.1/../../../../arm-none-eabi/lib/thumb/v7e-m/nofp\libc_nano.a(libc_a-stdio.o) (_write_r)
C:/GCC_Toolchain/bin/../lib/gcc/arm-none-eabi/15.2.1/../../../../arm-none-eabi/lib/thumb/v7e-m/nofp\libc_nano.a(libc_a-init.o)
                              C:/GCC_Toolchain/bin/../lib/gcc/arm-none-eabi/15.2.1/../../../../arm-none-eabi/lib/thumb/v7e-m/nofp/crt0.o (__libc_init_array)
C:/GCC_Toolchain/bin/../lib/gcc/arm-none-eabi/15.2.1/../../../../arm-none-eabi/lib/thumb/v7e-m/nofp\libc_nano.a(libc_a-lock.o)
                              C:/GCC_Toolchain/bin/../lib/gcc/arm-none-eabi/15.2.1/../../../../arm-none-eabi/lib/thumb/v7e-m/nofp\libc_nano.a(libc_a-findfp.o) (__retarget_lock_init_recursive)
C:/GCC_Toolchain/bin/../lib/gcc/arm-none-eabi/15.2.1/../../../../arm-none-eabi/lib/thumb/v7e-m/nofp\libc_nano.a(libc_a-freer.o)
                              C:/GCC_Toolchain/bin/../lib/gcc/arm-none-eabi/15.2.1/../../../../arm-none-eabi/lib/thumb/v7e-m/nofp\libc_nano.a(libc_a-reent.o) (_free_r)
C:/GCC_Toolchain/bin/../lib/gcc/arm-none-eabi/15.2.1/../../../../arm-none-eabi/lib/thumb/v7e-m/nofp\libc_nano.a(libc_a-mallocr.o)
                              C:/GCC_Toolchain/bin/../lib/gcc/arm-none-eabi/15.2.1/../../../../arm-none-eabi/lib/thumb/v7e-m/nofp\libc_nano.a(libc_a-findfp.o) (_malloc_r)
C:/GCC_Toolchain/bin/../lib/gcc/arm-none-eabi/15.2.1/../../../../arm-none-eabi/lib/thumb/v7e-m/nofp\libc_nano.a(libc_a-mlock.o)
                              C:/GCC_Toolchain/bin/../lib/gcc/arm-none-eabi/15.2.1/../../../../arm-none-eabi/lib/thumb/v7e-m/nofp\libc_nano.a(libc_a-freer.o) (__malloc_lock)
C:/GCC_Toolchain/bin/../lib/gcc/arm-none-eabi/15.2.1/../../../../arm-none-eabi/lib/thumb/v7e-m/nofp\libc_nano.a(libc_a-fflush.o)
                              C:/GCC_Toolchain/bin/../lib/gcc/arm-none-eabi/15.2.1/../../../../arm-none-eabi/lib/thumb/v7e-m/nofp\libc_nano.a(libc_a-findfp.o) (_fflush_r)
C:/GCC_Toolchain/bin/../lib/gcc/arm-none-eabi/15.2.1/../../../../arm-none-eabi/lib/thumb/v7e-m/nofp\libc_nano.a(libc_a-sbrkr.o)
                              C:/GCC_Toolchain/bin/../lib/gcc/arm-none-eabi/15.2.1/../../../../arm-none-eabi/lib/thumb/v7e-m/nofp\libc_nano.a(libc_a-mallocr.o) (_sbrk_r)
C:/GCC_Toolchain/bin/../lib/gcc/arm-none-eabi/15.2.1/../../../../arm-none-eabi/lib/thumb/v7e-m/nofp\libnosys.a(close.o)
                              C:/GCC_Toolchain/bin/../lib/gcc/arm-none-eabi/15.2.1/../../../../arm-none-eabi/lib/thumb/v7e-m/nofp\libc_nano.a(libc_a-closer.o) (_close)
C:/GCC_Toolchain/bin/../lib/gcc/arm-none-eabi/15.2.1/../../../../arm-none-eabi/lib/thumb/v7e-m/nofp\libnosys.a(lseek.o)
                              C:/GCC_Toolchain/bin/../lib/gcc/arm-none-eabi/15.2.1/../../../../arm-none-eabi/lib/thumb/v7e-m/nofp\libc_nano.a(libc_a-lseekr.o) (_lseek)
C:/GCC_Toolchain/bin/../lib/gcc/arm-none-eabi/15.2.1/../../../../arm-none-eabi/lib/thumb/v7e-m/nofp\libnosys.a(read.o)
                              C:/GCC_Toolchain/bin/../lib/gcc/arm-none-eabi/15.2.1/../../../../arm-none-eabi/lib/thumb/v7e-m/nofp\libc_nano.a(libc_a-readr.o) (_read)
C:/GCC_Toolchain/bin/../lib/gcc/arm-none-eabi/15.2.1/../../../../arm-none-eabi/lib/thumb/v7e-m/nofp\libnosys.a(sbrk.o)
                              C:/GCC_Toolchain/bin/../lib/gcc/arm-none-eabi/15.2.1/../../../../arm-none-eabi/lib/thumb/v7e-m/nofp\libc_nano.a(libc_a-sbrkr.o) (_sbrk)
C:/GCC_Toolchain/bin/../lib/gcc/arm-none-eabi/15.2.1/../../../../arm-none-eabi/lib/thumb/v7e-m/nofp\libnosys.a(write.o)
                              C:/GCC_Toolchain/bin/../lib/gcc/arm-none-eabi/15.2.1/../../../../arm-none-eabi/lib/thumb/v7e-m/nofp\libc_nano.a(libc_a-writer.o) (_write)
C:/GCC_Toolchain/bin/../lib/gcc/arm-none-eabi/15.2.1/../../../../arm-none-eabi/lib/thumb/v7e-m/nofp\libnosys.a(_exit.o)
                              C:/GCC_Toolchain/bin/../lib/gcc/arm-none-eabi/15.2.1/../../../../arm-none-eabi/lib/thumb/v7e-m/nofp\libc_nano.a(libc_a-exit.o) (_exit)

Discarded input sections

 .text          0x00000000        0x0 C:/GCC_Toolchain/bin/../lib/gcc/arm-none-eabi/15.2.1/thumb/v7e-m/nofp/crti.o
 .data          0x00000000        0x0 C:/GCC_Toolchain/bin/../lib/gcc/arm-none-eabi/15.2.1/thumb/v7e-m/nofp/crti.o
 .bss           0x00000000        0x0 C:/GCC_Toolchain/bin/../lib/gcc/arm-none-eabi/15.2.1/thumb/v7e-m/nofp/crti.o
 .text          0x00000000        0x0 C:/GCC_Toolchain/bin/../lib/gcc/arm-none-eabi/15.2.1/thumb/v7e-m/nofp/crtbegin.o
 .data          0x00000000        0x0 C:/GCC_Toolchain/bin/../lib/gcc/arm-none-eabi/15.2.1/thumb/v7e-m/nofp/crtbegin.o
 .bss           0x00000000        0x0 C:/GCC_Toolchain/bin/../lib/gcc/arm-none-eabi/15.2.1/thumb/v7e-m/nofp/crtbegin.o
 .rodata.all_implied_fbits
                0x00000000       0x24 C:/GCC_Toolchain/bin/../lib/gcc/arm-none-eabi/15.2.1/thumb/v7e-m/nofp/crtbegin.o
 .init_array    0x00000000        0x4 C:/GCC_Toolchain/bin/../lib/gcc/arm-none-eabi/15.2.1/thumb/v7e-m/nofp/crtbegin.o
 .fini_array    0x00000000        0x4 C:/GCC_Toolchain/bin/../lib/gcc/arm-none-eabi/15.2.1/thumb/v7e-m/nofp/crtbegin.o
 .eh_frame      0x00000000        0x0 C:/GCC_Toolchain/bin/../lib/gcc/arm-none-eabi/15.2.1/thumb/v7e-m/nofp/crtbegin.o
 .tm_clone_table
                0x00000000        0x0 C:/GCC_Toolchain/bin/../lib/gcc/arm-none-eabi/15.2.1/thumb/v7e-m/nofp/crtbegin.o
 .text.deregister_tm_clones
                0x00000000       0x1c C:/GCC_Toolchain/bin/../lib/gcc/arm-none-eabi/15.2.1/thumb/v7e-m/nofp/crtbegin.o
 .text.register_tm_clones
                0x00000000       0x24 C:/GCC_Toolchain/bin/../lib/gcc/arm-none-eabi/15.2.1/thumb/v7e-m/nofp/crtbegin.o
 .data.__dso_handle
                0x00000000        0x4 C:/GCC_Toolchain/bin/../lib/gcc/arm-none-eabi/15.2.1/thumb/v7e-m/nofp/crtbegin.o
 .text.__do_global_dtors_aux
                0x00000000       0x28 C:/GCC_Toolchain/bin/../lib/gcc/arm-none-eabi/15.2.1/thumb/v7e-m/nofp/crtbegin.o
 .text.frame_dummy
                0x00000000       0x24 C:/GCC_Toolchain/bin/../lib/gcc/arm-none-eabi/15.2.1/thumb/v7e-m/nofp/crtbegin.o
 .bss.completed.1
                0x00000000        0x1 C:/GCC_Toolchain/bin/../lib/gcc/arm-none-eabi/15.2.1/thumb/v7e-m/nofp/crtbegin.o
 .bss.object.0  0x00000000       0x18 C:/GCC_Toolchain/bin/../lib/gcc/arm-none-eabi/15.2.1/thumb/v7e-m/nofp/crtbegin.o
 .ARM.attributes
                0x00000000       0x2e C:/GCC_Toolchain/bin/../lib/gcc/arm-none-eabi/15.2.1/thumb/v7e-m/nofp/crtbegin.o
 .text          0x00000000       0x7c C:/GCC_Toolchain/bin/../lib/gcc/arm-none-eabi/15.2.1/../../../../arm-none-eabi/lib/thumb/v7e-m/nofp/crt0.o
 .data          0x00000000        0x0 C:/GCC_Toolchain/bin/../lib/gcc/arm-none-eabi/15.2.1/../../../../arm-none-eabi/lib/thumb/v7e-m/nofp/crt0.o
 .bss           0x00000000        0x0 C:/GCC_Toolchain/bin/../lib/gcc/arm-none-eabi/15.2.1/../../../../arm-none-eabi/lib/thumb/v7e-m/nofp/crt0.o
 .ARM.extab     0x00000000        0x0 C:/GCC_Toolchain/bin/../lib/gcc/arm-none-eabi/15.2.1/../../../../arm-none-eabi/lib/thumb/v7e-m/nofp/crt0.o
 .ARM.exidx     0x00000000       0x10 C:/GCC_Toolchain/bin/../lib/gcc/arm-none-eabi/15.2.1/../../../../arm-none-eabi/lib/thumb/v7e-m/nofp/crt0.o
 .debug_line_str
                0x00000000       0xd3 C:/GCC_Toolchain/bin/../lib/gcc/arm-none-eabi/15.2.1/../../../../arm-none-eabi/lib/thumb/v7e-m/nofp/crt0.o
 .ARM.attributes
                0x00000000       0x1c C:/GCC_Toolchain/bin/../lib/gcc/arm-none-eabi/15.2.1/../../../../arm-none-eabi/lib/thumb/v7e-m/nofp/crt0.o
 .group         0x00000000        0xc ./output/obj/main.o
 .group         0x00000000        0xc ./output/obj/main.o
 .group         0x00000000        0xc ./output/obj/main.o
 .group         0x00000000        0xc ./output/obj/main.o
 .group         0x00000000        0xc ./output/obj/main.o
 .group         0x00000000        0xc ./output/obj/main.o
 .group         0x00000000        0xc ./output/obj/main.o
 .group         0x00000000        0xc ./output/obj/main.o
 .group         0x00000000        0xc ./output/obj/main.o
 .group         0x00000000        0xc ./output/obj/main.o
 .group         0x00000000        0xc ./output/obj/main.o
 .group         0x00000000        0xc ./output/obj/main.o
 .group         0x00000000        0xc ./output/obj/main.o
 .group         0x00000000        0xc ./output/obj/main.o
 .text          0x00000000        0x0 ./output/obj/main.o
 .data          0x00000000        0x0 ./output/obj/main.o
 .bss           0x00000000        0x0 ./output/obj/main.o
 .group         0x00000000        0xc ./output/obj/stm32f407xxx_it.o
 .group         0x00000000        0xc ./output/obj/stm32f407xxx_it.o
 .group         0x00000000        0xc ./output/obj/stm32f407xxx_it.o
 .group         0x00000000        0xc ./output/obj/stm32f407xxx_it.o
 .group         0x00000000        0xc ./output/obj/stm32f407xxx_it.o
 .group         0x00000000        0xc ./output/obj/stm32f407xxx_it.o
 .group         0x00000000        0xc ./output/obj/stm32f407xxx_it.o
 .group         0x00000000        0xc ./output/obj/stm32f407xxx_it.o
 .group         0x00000000        0xc ./output/obj/stm32f407xxx_it.o
 .group         0x00000000        0xc ./output/obj/stm32f407xxx_it.o
 .group         0x00000000        0xc ./output/obj/stm32f407xxx_it.o
 .text          0x00000000        0x0 ./output/obj/stm32f407xxx_it.o
 .data          0x00000000        0x0 ./output/obj/stm32f407xxx_it.o
 .bss           0x00000000        0x0 ./output/obj/stm32f407xxx_it.o
 .debug_macro   0x00000000      0xacc ./output/obj/stm32f407xxx_it.o
 .debug_macro   0x00000000       0x22 ./output/obj/stm32f407xxx_it.o
 .debug_macro   0x00000000       0x8e ./output/obj/stm32f407xxx_it.o
 .debug_macro   0x00000000       0x51 ./output/obj/stm32f407xxx_it.o
 .debug_macro   0x00000000      0x103 ./output/obj/stm32f407xxx_it.o
 .debug_macro   0x00000000       0x6a ./output/obj/stm32f407xxx_it.o
 .debug_macro   0x00000000      0x1df ./output/obj/stm32f407xxx_it.o
 .debug_macro   0x00000000      0x1ca ./output/obj/stm32f407xxx_it.o
 .group         0x00000000        0xc ./output/obj/stm32f407xxx_nvic.o
 .group         0x00000000        0xc ./output/obj/stm32f407xxx_nvic.o
 .group         0x00000000        0xc ./output/obj/stm32f407xxx_nvic.o
 .group         0x00000000        0xc ./output/obj/stm32f407xxx_nvic.o
 .group         0x00000000        0xc ./output/obj/stm32f407xxx_nvic.o
 .group         0x00000000        0xc ./output/obj/stm32f407xxx_nvic.o
 .group         0x00000000        0xc ./output/obj/stm32f407xxx_nvic.o
 .group         0x00000000        0xc ./output/obj/stm32f407xxx_nvic.o
 .text          0x00000000        0x0 ./output/obj/stm32f407xxx_nvic.o
 .data          0x00000000        0x0 ./output/obj/stm32f407xxx_nvic.o
 .bss           0x00000000        0x0 ./output/obj/stm32f407xxx_nvic.o
 .text.NVIC_DisableIRQ
                0x00000000       0x44 ./output/obj/stm32f407xxx_nvic.o
 .text.NVIC_SetPendingIRQ
                0x00000000       0x44 ./output/obj/stm32f407xxx_nvic.o
 .text.NVIC_SetPriority
                0x00000000       0x30 ./output/obj/stm32f407xxx_nvic.o
 .debug_macro   0x00000000      0xacc ./output/obj/stm32f407xxx_nvic.o
 .debug_macro   0x00000000       0x22 ./output/obj/stm32f407xxx_nvic.o
 .debug_macro   0x00000000       0x8e ./output/obj/stm32f407xxx_nvic.o
 .debug_macro   0x00000000       0x51 ./output/obj/stm32f407xxx_nvic.o
 .debug_macro   0x00000000      0x103 ./output/obj/stm32f407xxx_nvic.o
 .debug_macro   0x00000000       0x6a ./output/obj/stm32f407xxx_nvic.o
 .debug_macro   0x00000000      0x1df ./output/obj/stm32f407xxx_nvic.o
 .debug_macro   0x00000000      0x265 ./output/obj/stm32f407xxx_nvic.o
 .group         0x00000000        0xc ./output/obj/stm32f407xxx_systick.o
 .group         0x00000000        0xc ./output/obj/stm32f407xxx_systick.o
 .group         0x00000000        0xc ./output/obj/stm32f407xxx_systick.o
 .group         0x00000000        0xc ./output/obj/stm32f407xxx_systick.o
 .group         0x00000000        0xc ./output/obj/stm32f407xxx_systick.o
 .group         0x00000000        0xc ./output/obj/stm32f407xxx_systick.o
 .group         0x00000000        0xc ./output/obj/stm32f407xxx_systick.o
 .group         0x00000000        0xc ./output/obj/stm32f407xxx_systick.o
 .group         0x00000000        0xc ./output/obj/stm32f407xxx_systick.o
 .text          0x00000000        0x0 ./output/obj/stm32f407xxx_systick.o
 .data          0x00000000        0x0 ./output/obj/stm32f407xxx_systick.o
 .bss           0x00000000        0x0 ./output/obj/stm32f407xxx_systick.o
 .debug_macro   0x00000000      0xacc ./output/obj/stm32f407xxx_systick.o
 .debug_macro   0x00000000       0x22 ./output/obj/stm32f407xxx_systick.o
 .debug_macro   0x00000000       0x8e ./output/obj/stm32f407xxx_systick.o
 .debug_macro   0x00000000       0x51 ./output/obj/stm32f407xxx_systick.o
 .debug_macro   0x00000000      0x103 ./output/obj/stm32f407xxx_systick.o
 .debug_macro   0x00000000       0x6a ./output/obj/stm32f407xxx_systick.o
 .debug_macro   0x00000000      0x1df ./output/obj/stm32f407xxx_systick.o
 .debug_macro   0x00000000      0x265 ./output/obj/stm32f407xxx_systick.o
 .group         0x00000000        0xc ./output/obj/stm32f407xx_start_up.o
 .group         0x00000000        0xc ./output/obj/stm32f407xx_start_up.o
 .group         0x00000000        0xc ./output/obj/stm32f407xx_start_up.o
 .group         0x00000000        0xc ./output/obj/stm32f407xx_start_up.o
 .group         0x00000000        0xc ./output/obj/stm32f407xx_start_up.o
 .group         0x00000000        0xc ./output/obj/stm32f407xx_start_up.o
 .group         0x00000000        0xc ./output/obj/stm32f407xx_start_up.o
 .text          0x00000000        0x0 ./output/obj/stm32f407xx_start_up.o
 .data          0x00000000        0x0 ./output/obj/stm32f407xx_start_up.o
 .bss           0x00000000        0x0 ./output/obj/stm32f407xx_start_up.o
 .debug_macro   0x00000000      0xacc ./output/obj/stm32f407xx_start_up.o
 .debug_macro   0x00000000       0x22 ./output/obj/stm32f407xx_start_up.o
 .debug_macro   0x00000000       0x8e ./output/obj/stm32f407xx_start_up.o
 .debug_macro   0x00000000       0x51 ./output/obj/stm32f407xx_start_up.o
 .debug_macro   0x00000000      0x103 ./output/obj/stm32f407xx_start_up.o
 .debug_macro   0x00000000       0x6a ./output/obj/stm32f407xx_start_up.o
 .debug_macro   0x00000000      0x1df ./output/obj/stm32f407xx_start_up.o
 .group         0x00000000        0xc ./output/obj/stm32f407xx_gpio.o
 .group         0x00000000        0xc ./output/obj/stm32f407xx_gpio.o
 .group         0x00000000        0xc ./output/obj/stm32f407xx_gpio.o
 .group         0x00000000        0xc ./output/obj/stm32f407xx_gpio.o
 .group         0x00000000        0xc ./output/obj/stm32f407xx_gpio.o
 .group         0x00000000        0xc ./output/obj/stm32f407xx_gpio.o
 .group         0x00000000        0xc ./output/obj/stm32f407xx_gpio.o
 .group         0x00000000        0xc ./output/obj/stm32f407xx_gpio.o
 .group         0x00000000        0xc ./output/obj/stm32f407xx_gpio.o
 .group         0x00000000        0xc ./output/obj/stm32f407xx_gpio.o
 .group         0x00000000        0xc ./output/obj/stm32f407xx_gpio.o
 .text          0x00000000        0x0 ./output/obj/stm32f407xx_gpio.o
 .data          0x00000000        0x0 ./output/obj/stm32f407xx_gpio.o
 .bss           0x00000000        0x0 ./output/obj/stm32f407xx_gpio.o
 .text.GPIO_ReadPin
                0x00000000       0x28 ./output/obj/stm32f407xx_gpio.o
 .text.GPIO_WritePin
                0x00000000       0x30 ./output/obj/stm32f407xx_gpio.o
 .debug_macro   0x00000000      0xacc ./output/obj/stm32f407xx_gpio.o
 .debug_macro   0x00000000       0x22 ./output/obj/stm32f407xx_gpio.o
 .debug_macro   0x00000000       0x8e ./output/obj/stm32f407xx_gpio.o
 .debug_macro   0x00000000       0x51 ./output/obj/stm32f407xx_gpio.o
 .debug_macro   0x00000000      0x103 ./output/obj/stm32f407xx_gpio.o
 .debug_macro   0x00000000       0x6a ./output/obj/stm32f407xx_gpio.o
 .debug_macro   0x00000000      0x1df ./output/obj/stm32f407xx_gpio.o
 .debug_macro   0x00000000      0x26b ./output/obj/stm32f407xx_gpio.o
 .debug_macro   0x00000000      0x27a ./output/obj/stm32f407xx_gpio.o
 .group         0x00000000        0xc ./output/obj/stm32f407xxx_rcc.o
 .group         0x00000000        0xc ./output/obj/stm32f407xxx_rcc.o
 .group         0x00000000        0xc ./output/obj/stm32f407xxx_rcc.o
 .group         0x00000000        0xc ./output/obj/stm32f407xxx_rcc.o
 .group         0x00000000        0xc ./output/obj/stm32f407xxx_rcc.o
 .group         0x00000000        0xc ./output/obj/stm32f407xxx_rcc.o
 .group         0x00000000        0xc ./output/obj/stm32f407xxx_rcc.o
 .group         0x00000000        0xc ./output/obj/stm32f407xxx_rcc.o
 .group         0x00000000        0xc ./output/obj/stm32f407xxx_rcc.o
 .group         0x00000000        0xc ./output/obj/stm32f407xxx_rcc.o
 .group         0x00000000        0xc ./output/obj/stm32f407xxx_rcc.o
 .text          0x00000000        0x0 ./output/obj/stm32f407xxx_rcc.o
 .data          0x00000000        0x0 ./output/obj/stm32f407xxx_rcc.o
 .bss           0x00000000        0x0 ./output/obj/stm32f407xxx_rcc.o
 .text.RCC_DisableHSI
                0x00000000       0x2c ./output/obj/stm32f407xxx_rcc.o
 .text.RCC_DisableHSE
                0x00000000       0x2c ./output/obj/stm32f407xxx_rcc.o
 .text.RCC_SetSystemClockTo84MHz
                0x00000000       0x42 ./output/obj/stm32f407xxx_rcc.o
 .debug_macro   0x00000000      0xacc ./output/obj/stm32f407xxx_rcc.o
 .debug_macro   0x00000000       0x22 ./output/obj/stm32f407xxx_rcc.o
 .debug_macro   0x00000000       0x8e ./output/obj/stm32f407xxx_rcc.o
 .debug_macro   0x00000000       0x51 ./output/obj/stm32f407xxx_rcc.o
 .debug_macro   0x00000000      0x103 ./output/obj/stm32f407xxx_rcc.o
 .debug_macro   0x00000000       0x6a ./output/obj/stm32f407xxx_rcc.o
 .debug_macro   0x00000000      0x1df ./output/obj/stm32f407xxx_rcc.o
 .debug_macro   0x00000000      0x26b ./output/obj/stm32f407xxx_rcc.o
 .debug_macro   0x00000000      0x27a ./output/obj/stm32f407xxx_rcc.o
 .debug_macro   0x00000000      0x7ca ./output/obj/stm32f407xxx_rcc.o
 .group         0x00000000        0xc ./output/obj/stm32_f407xxx_flash.o
 .group         0x00000000        0xc ./output/obj/stm32_f407xxx_flash.o
 .group         0x00000000        0xc ./output/obj/stm32_f407xxx_flash.o
 .group         0x00000000        0xc ./output/obj/stm32_f407xxx_flash.o
 .group         0x00000000        0xc ./output/obj/stm32_f407xxx_flash.o
 .group         0x00000000        0xc ./output/obj/stm32_f407xxx_flash.o
 .group         0x00000000        0xc ./output/obj/stm32_f407xxx_flash.o
 .group         0x00000000        0xc ./output/obj/stm32_f407xxx_flash.o
 .group         0x00000000        0xc ./output/obj/stm32_f407xxx_flash.o
 .group         0x00000000        0xc ./output/obj/stm32_f407xxx_flash.o
 .text          0x00000000        0x0 ./output/obj/stm32_f407xxx_flash.o
 .data          0x00000000        0x0 ./output/obj/stm32_f407xxx_flash.o
 .bss           0x00000000        0x0 ./output/obj/stm32_f407xxx_flash.o
 .debug_macro   0x00000000      0xacc ./output/obj/stm32_f407xxx_flash.o
 .debug_macro   0x00000000       0x22 ./output/obj/stm32_f407xxx_flash.o
 .debug_macro   0x00000000       0x8e ./output/obj/stm32_f407xxx_flash.o
 .debug_macro   0x00000000       0x51 ./output/obj/stm32_f407xxx_flash.o
 .debug_macro   0x00000000      0x103 ./output/obj/stm32_f407xxx_flash.o
 .debug_macro   0x00000000       0x6a ./output/obj/stm32_f407xxx_flash.o
 .debug_macro   0x00000000      0x1df ./output/obj/stm32_f407xxx_flash.o
 .debug_macro   0x00000000      0x26b ./output/obj/stm32_f407xxx_flash.o
 .debug_macro   0x00000000      0x27a ./output/obj/stm32_f407xxx_flash.o
 .group         0x00000000        0xc ./output/obj/stm32f407xxx_exti.o
 .group         0x00000000        0xc ./output/obj/stm32f407xxx_exti.o
 .group         0x00000000        0xc ./output/obj/stm32f407xxx_exti.o
 .group         0x00000000        0xc ./output/obj/stm32f407xxx_exti.o
 .group         0x00000000        0xc ./output/obj/stm32f407xxx_exti.o
 .group         0x00000000        0xc ./output/obj/stm32f407xxx_exti.o
 .group         0x00000000        0xc ./output/obj/stm32f407xxx_exti.o
 .group         0x00000000        0xc ./output/obj/stm32f407xxx_exti.o
 .group         0x00000000        0xc ./output/obj/stm32f407xxx_exti.o
 .group         0x00000000        0xc ./output/obj/stm32f407xxx_exti.o
 .text          0x00000000        0x0 ./output/obj/stm32f407xxx_exti.o
 .data          0x00000000        0x0 ./output/obj/stm32f407xxx_exti.o
 .bss           0x00000000        0x0 ./output/obj/stm32f407xxx_exti.o
 .debug_macro   0x00000000      0xacc ./output/obj/stm32f407xxx_exti.o
 .debug_macro   0x00000000       0x22 ./output/obj/stm32f407xxx_exti.o
 .debug_macro   0x00000000       0x8e ./output/obj/stm32f407xxx_exti.o
 .debug_macro   0x00000000       0x51 ./output/obj/stm32f407xxx_exti.o
 .debug_macro   0x00000000      0x103 ./output/obj/stm32f407xxx_exti.o
 .debug_macro   0x00000000       0x6a ./output/obj/stm32f407xxx_exti.o
 .debug_macro   0x00000000      0x1df ./output/obj/stm32f407xxx_exti.o
 .debug_macro   0x00000000      0x26b ./output/obj/stm32f407xxx_exti.o
 .debug_macro   0x00000000      0x27a ./output/obj/stm32f407xxx_exti.o
 .debug_macro   0x00000000      0x4ae ./output/obj/stm32f407xxx_exti.o
 .group         0x00000000        0xc ./output/obj/stm32f407xxx_uart.o
 .group         0x00000000        0xc ./output/obj/stm32f407xxx_uart.o
 .group         0x00000000        0xc ./output/obj/stm32f407xxx_uart.o
 .group         0x00000000        0xc ./output/obj/stm32f407xxx_uart.o
 .group         0x00000000        0xc ./output/obj/stm32f407xxx_uart.o
 .group         0x00000000        0xc ./output/obj/stm32f407xxx_uart.o
 .group         0x00000000        0xc ./output/obj/stm32f407xxx_uart.o
 .group         0x00000000        0xc ./output/obj/stm32f407xxx_uart.o
 .group         0x00000000        0xc ./output/obj/stm32f407xxx_uart.o
 .group         0x00000000        0xc ./output/obj/stm32f407xxx_uart.o
 .group         0x00000000        0xc ./output/obj/stm32f407xxx_uart.o
 .text          0x00000000        0x0 ./output/obj/stm32f407xxx_uart.o
 .data          0x00000000        0x0 ./output/obj/stm32f407xxx_uart.o
 .bss           0x00000000        0x0 ./output/obj/stm32f407xxx_uart.o
 .text.USART_Transmit_Polling
                0x00000000       0x5a ./output/obj/stm32f407xxx_uart.o
 .text.USART_Receive_Polling
                0x00000000       0x4c ./output/obj/stm32f407xxx_uart.o
 .debug_macro   0x00000000      0xacc ./output/obj/stm32f407xxx_uart.o
 .debug_macro   0x00000000       0x22 ./output/obj/stm32f407xxx_uart.o
 .debug_macro   0x00000000       0x8e ./output/obj/stm32f407xxx_uart.o
 .debug_macro   0x00000000       0x51 ./output/obj/stm32f407xxx_uart.o
 .debug_macro   0x00000000      0x103 ./output/obj/stm32f407xxx_uart.o
 .debug_macro   0x00000000       0x6a ./output/obj/stm32f407xxx_uart.o
 .debug_macro   0x00000000      0x1df ./output/obj/stm32f407xxx_uart.o
 .debug_macro   0x00000000      0x26b ./output/obj/stm32f407xxx_uart.o
 .debug_macro   0x00000000      0x27a ./output/obj/stm32f407xxx_uart.o
 .debug_macro   0x00000000      0x7d0 ./output/obj/stm32f407xxx_uart.o
 .text          0x00000000        0x0 C:/GCC_Toolchain/bin/../lib/gcc/arm-none-eabi/15.2.1/../../../../arm-none-eabi/lib/thumb/v7e-m/nofp\libc_nano.a(libc_a-exit.o)
 .data          0x00000000        0x0 C:/GCC_Toolchain/bin/../lib/gcc/arm-none-eabi/15.2.1/../../../../arm-none-eabi/lib/thumb/v7e-m/nofp\libc_nano.a(libc_a-exit.o)
 .bss           0x00000000        0x0 C:/GCC_Toolchain/bin/../lib/gcc/arm-none-eabi/15.2.1/../../../../arm-none-eabi/lib/thumb/v7e-m/nofp\libc_nano.a(libc_a-exit.o)
 .text.exit     0x00000000       0x24 C:/GCC_Toolchain/bin/../lib/gcc/arm-none-eabi/15.2.1/../../../../arm-none-eabi/lib/thumb/v7e-m/nofp\libc_nano.a(libc_a-exit.o)
 .debug_frame   0x00000000       0x28 C:/GCC_Toolchain/bin/../lib/gcc/arm-none-eabi/15.2.1/../../../../arm-none-eabi/lib/thumb/v7e-m/nofp\libc_nano.a(libc_a-exit.o)
 .ARM.attributes
                0x00000000       0x2e C:/GCC_Toolchain/bin/../lib/gcc/arm-none-eabi/15.2.1/../../../../arm-none-eabi/lib/thumb/v7e-m/nofp\libc_nano.a(libc_a-exit.o)
 .text          0x00000000        0x0 C:/GCC_Toolchain/bin/../lib/gcc/arm-none-eabi/15.2.1/../../../../arm-none-eabi/lib/thumb/v7e-m/nofp\libc_nano.a(libc_a-findfp.o)
 .data          0x00000000        0x0 C:/GCC_Toolchain/bin/../lib/gcc/arm-none-eabi/15.2.1/../../../../arm-none-eabi/lib/thumb/v7e-m/nofp\libc_nano.a(libc_a-findfp.o)
 .bss           0x00000000        0x0 C:/GCC_Toolchain/bin/../lib/gcc/arm-none-eabi/15.2.1/../../../../arm-none-eabi/lib/thumb/v7e-m/nofp\libc_nano.a(libc_a-findfp.o)
 .text.std      0x00000000       0x6c C:/GCC_Toolchain/bin/../lib/gcc/arm-none-eabi/15.2.1/../../../../arm-none-eabi/lib/thumb/v7e-m/nofp\libc_nano.a(libc_a-findfp.o)
 .text.stdio_exit_handler
                0x00000000       0x18 C:/GCC_Toolchain/bin/../lib/gcc/arm-none-eabi/15.2.1/../../../../arm-none-eabi/lib/thumb/v7e-m/nofp\libc_nano.a(libc_a-findfp.o)
 .text.cleanup_stdio
                0x00000000       0x40 C:/GCC_Toolchain/bin/../lib/gcc/arm-none-eabi/15.2.1/../../../../arm-none-eabi/lib/thumb/v7e-m/nofp\libc_nano.a(libc_a-findfp.o)
 .text.__fp_lock
                0x00000000       0x18 C:/GCC_Toolchain/bin/../lib/gcc/arm-none-eabi/15.2.1/../../../../arm-none-eabi/lib/thumb/v7e-m/nofp\libc_nano.a(libc_a-findfp.o)
 .text.__fp_unlock
                0x00000000       0x18 C:/GCC_Toolchain/bin/../lib/gcc/arm-none-eabi/15.2.1/../../../../arm-none-eabi/lib/thumb/v7e-m/nofp\libc_nano.a(libc_a-findfp.o)
 .text.global_stdio_init.part.0
                0x00000000       0x40 C:/GCC_Toolchain/bin/../lib/gcc/arm-none-eabi/15.2.1/../../../../arm-none-eabi/lib/thumb/v7e-m/nofp\libc_nano.a(libc_a-findfp.o)
 .text.__sfp_lock_acquire
                0x00000000        0xc C:/GCC_Toolchain/bin/../lib/gcc/arm-none-eabi/15.2.1/../../../../arm-none-eabi/lib/thumb/v7e-m/nofp\libc_nano.a(libc_a-findfp.o)
 .text.__sfp_lock_release
                0x00000000        0xc C:/GCC_Toolchain/bin/../lib/gcc/arm-none-eabi/15.2.1/../../../../arm-none-eabi/lib/thumb/v7e-m/nofp\libc_nano.a(libc_a-findfp.o)
 .text.__sfp    0x00000000       0xa4 C:/GCC_Toolchain/bin/../lib/gcc/arm-none-eabi/15.2.1/../../../../arm-none-eabi/lib/thumb/v7e-m/nofp\libc_nano.a(libc_a-findfp.o)
 .text.__sinit  0x00000000       0x30 C:/GCC_Toolchain/bin/../lib/gcc/arm-none-eabi/15.2.1/../../../../arm-none-eabi/lib/thumb/v7e-m/nofp\libc_nano.a(libc_a-findfp.o)
 .text.__fp_lock_all
                0x00000000       0x1c C:/GCC_Toolchain/bin/../lib/gcc/arm-none-eabi/15.2.1/../../../../arm-none-eabi/lib/thumb/v7e-m/nofp\libc_nano.a(libc_a-findfp.o)
 .text.__fp_unlock_all
                0x00000000       0x1c C:/GCC_Toolchain/bin/../lib/gcc/arm-none-eabi/15.2.1/../../../../arm-none-eabi/lib/thumb/v7e-m/nofp\libc_nano.a(libc_a-findfp.o)
 .data.__sglue  0x00000000        0xc C:/GCC_Toolchain/bin/../lib/gcc/arm-none-eabi/15.2.1/../../../../arm-none-eabi/lib/thumb/v7e-m/nofp\libc_nano.a(libc_a-findfp.o)
 .bss.__sf      0x00000000      0x138 C:/GCC_Toolchain/bin/../lib/gcc/arm-none-eabi/15.2.1/../../../../arm-none-eabi/lib/thumb/v7e-m/nofp\libc_nano.a(libc_a-findfp.o)
 .bss.__stdio_exit_handler
                0x00000000        0x4 C:/GCC_Toolchain/bin/../lib/gcc/arm-none-eabi/15.2.1/../../../../arm-none-eabi/lib/thumb/v7e-m/nofp\libc_nano.a(libc_a-findfp.o)
 .debug_frame   0x00000000      0x144 C:/GCC_Toolchain/bin/../lib/gcc/arm-none-eabi/15.2.1/../../../../arm-none-eabi/lib/thumb/v7e-m/nofp\libc_nano.a(libc_a-findfp.o)
 .ARM.attributes
                0x00000000       0x2e C:/GCC_Toolchain/bin/../lib/gcc/arm-none-eabi/15.2.1/../../../../arm-none-eabi/lib/thumb/v7e-m/nofp\libc_nano.a(libc_a-findfp.o)
 .text          0x00000000        0x0 C:/GCC_Toolchain/bin/../lib/gcc/arm-none-eabi/15.2.1/../../../../arm-none-eabi/lib/thumb/v7e-m/nofp\libc_nano.a(libc_a-fwalk.o)
 .data          0x00000000        0x0 C:/GCC_Toolchain/bin/../lib/gcc/arm-none-eabi/15.2.1/../../../../arm-none-eabi/lib/thumb/v7e-m/nofp\libc_nano.a(libc_a-fwalk.o)
 .bss           0x00000000        0x0 C:/GCC_Toolchain/bin/../lib/gcc/arm-none-eabi/15.2.1/../../../../arm-none-eabi/lib/thumb/v7e-m/nofp\libc_nano.a(libc_a-fwalk.o)
 .text._fwalk_sglue
                0x00000000       0x3a C:/GCC_Toolchain/bin/../lib/gcc/arm-none-eabi/15.2.1/../../../../arm-none-eabi/lib/thumb/v7e-m/nofp\libc_nano.a(libc_a-fwalk.o)
 .debug_frame   0x00000000       0x34 C:/GCC_Toolchain/bin/../lib/gcc/arm-none-eabi/15.2.1/../../../../arm-none-eabi/lib/thumb/v7e-m/nofp\libc_nano.a(libc_a-fwalk.o)
 .ARM.attributes
                0x00000000       0x2e C:/GCC_Toolchain/bin/../lib/gcc/arm-none-eabi/15.2.1/../../../../arm-none-eabi/lib/thumb/v7e-m/nofp\libc_nano.a(libc_a-fwalk.o)
 .text          0x00000000        0x0 C:/GCC_Toolchain/bin/../lib/gcc/arm-none-eabi/15.2.1/../../../../arm-none-eabi/lib/thumb/v7e-m/nofp\libc_nano.a(libc_a-stdio.o)
 .data          0x00000000        0x0 C:/GCC_Toolchain/bin/../lib/gcc/arm-none-eabi/15.2.1/../../../../arm-none-eabi/lib/thumb/v7e-m/nofp\libc_nano.a(libc_a-stdio.o)
 .bss           0x00000000        0x0 C:/GCC_Toolchain/bin/../lib/gcc/arm-none-eabi/15.2.1/../../../../arm-none-eabi/lib/thumb/v7e-m/nofp\libc_nano.a(libc_a-stdio.o)
 .text.__sread  0x00000000       0x22 C:/GCC_Toolchain/bin/../lib/gcc/arm-none-eabi/15.2.1/../../../../arm-none-eabi/lib/thumb/v7e-m/nofp\libc_nano.a(libc_a-stdio.o)
 .text.__seofread
                0x00000000        0x4 C:/GCC_Toolchain/bin/../lib/gcc/arm-none-eabi/15.2.1/../../../../arm-none-eabi/lib/thumb/v7e-m/nofp\libc_nano.a(libc_a-stdio.o)
 .text.__swrite
                0x00000000       0x38 C:/GCC_Toolchain/bin/../lib/gcc/arm-none-eabi/15.2.1/../../../../arm-none-eabi/lib/thumb/v7e-m/nofp\libc_nano.a(libc_a-stdio.o)
 .text.__sseek  0x00000000       0x26 C:/GCC_Toolchain/bin/../lib/gcc/arm-none-eabi/15.2.1/../../../../arm-none-eabi/lib/thumb/v7e-m/nofp\libc_nano.a(libc_a-stdio.o)
 .text.__sclose
                0x00000000        0x8 C:/GCC_Toolchain/bin/../lib/gcc/arm-none-eabi/15.2.1/../../../../arm-none-eabi/lib/thumb/v7e-m/nofp\libc_nano.a(libc_a-stdio.o)
 .debug_frame   0x00000000       0x88 C:/GCC_Toolchain/bin/../lib/gcc/arm-none-eabi/15.2.1/../../../../arm-none-eabi/lib/thumb/v7e-m/nofp\libc_nano.a(libc_a-stdio.o)
 .ARM.attributes
                0x00000000       0x2e C:/GCC_Toolchain/bin/../lib/gcc/arm-none-eabi/15.2.1/../../../../arm-none-eabi/lib/thumb/v7e-m/nofp\libc_nano.a(libc_a-stdio.o)
 .text          0x00000000        0x0 C:/GCC_Toolchain/bin/../lib/gcc/arm-none-eabi/15.2.1/../../../../arm-none-eabi/lib/thumb/v7e-m/nofp\libc_nano.a(libc_a-memset.o)
 .data          0x00000000        0x0 C:/GCC_Toolchain/bin/../lib/gcc/arm-none-eabi/15.2.1/../../../../arm-none-eabi/lib/thumb/v7e-m/nofp\libc_nano.a(libc_a-memset.o)
 .bss           0x00000000        0x0 C:/GCC_Toolchain/bin/../lib/gcc/arm-none-eabi/15.2.1/../../../../arm-none-eabi/lib/thumb/v7e-m/nofp\libc_nano.a(libc_a-memset.o)
 .text.memset   0x00000000       0x10 C:/GCC_Toolchain/bin/../lib/gcc/arm-none-eabi/15.2.1/../../../../arm-none-eabi/lib/thumb/v7e-m/nofp\libc_nano.a(libc_a-memset.o)
 .debug_frame   0x00000000       0x20 C:/GCC_Toolchain/bin/../lib/gcc/arm-none-eabi/15.2.1/../../../../arm-none-eabi/lib/thumb/v7e-m/nofp\libc_nano.a(libc_a-memset.o)
 .ARM.attributes
                0x00000000       0x2e C:/GCC_Toolchain/bin/../lib/gcc/arm-none-eabi/15.2.1/../../../../arm-none-eabi/lib/thumb/v7e-m/nofp\libc_nano.a(libc_a-memset.o)
 .text          0x00000000        0x0 C:/GCC_Toolchain/bin/../lib/gcc/arm-none-eabi/15.2.1/../../../../arm-none-eabi/lib/thumb/v7e-m/nofp\libc_nano.a(libc_a-closer.o)
 .data          0x00000000        0x0 C:/GCC_Toolchain/bin/../lib/gcc/arm-none-eabi/15.2.1/../../../../arm-none-eabi/lib/thumb/v7e-m/nofp\libc_nano.a(libc_a-closer.o)
 .bss           0x00000000        0x0 C:/GCC_Toolchain/bin/../lib/gcc/arm-none-eabi/15.2.1/../../../../arm-none-eabi/lib/thumb/v7e-m/nofp\libc_nano.a(libc_a-closer.o)
 .text._close_r
                0x00000000       0x20 C:/GCC_Toolchain/bin/../lib/gcc/arm-none-eabi/15.2.1/../../../../arm-none-eabi/lib/thumb/v7e-m/nofp\libc_nano.a(libc_a-closer.o)
 .debug_frame   0x00000000       0x2c C:/GCC_Toolchain/bin/../lib/gcc/arm-none-eabi/15.2.1/../../../../arm-none-eabi/lib/thumb/v7e-m/nofp\libc_nano.a(libc_a-closer.o)
 .ARM.attributes
                0x00000000       0x2e C:/GCC_Toolchain/bin/../lib/gcc/arm-none-eabi/15.2.1/../../../../arm-none-eabi/lib/thumb/v7e-m/nofp\libc_nano.a(libc_a-closer.o)
 .text          0x00000000        0x0 C:/GCC_Toolchain/bin/../lib/gcc/arm-none-eabi/15.2.1/../../../../arm-none-eabi/lib/thumb/v7e-m/nofp\libc_nano.a(libc_a-reent.o)
 .data          0x00000000        0x0 C:/GCC_Toolchain/bin/../lib/gcc/arm-none-eabi/15.2.1/../../../../arm-none-eabi/lib/thumb/v7e-m/nofp\libc_nano.a(libc_a-reent.o)
 .bss           0x00000000        0x0 C:/GCC_Toolchain/bin/../lib/gcc/arm-none-eabi/15.2.1/../../../../arm-none-eabi/lib/thumb/v7e-m/nofp\libc_nano.a(libc_a-reent.o)
 .text._reclaim_reent
                0x00000000       0xbc C:/GCC_Toolchain/bin/../lib/gcc/arm-none-eabi/15.2.1/../../../../arm-none-eabi/lib/thumb/v7e-m/nofp\libc_nano.a(libc_a-reent.o)
 .bss.errno     0x00000000        0x4 C:/GCC_Toolchain/bin/../lib/gcc/arm-none-eabi/15.2.1/../../../../arm-none-eabi/lib/thumb/v7e-m/nofp\libc_nano.a(libc_a-reent.o)
 .debug_frame   0x00000000       0x38 C:/GCC_Toolchain/bin/../lib/gcc/arm-none-eabi/15.2.1/../../../../arm-none-eabi/lib/thumb/v7e-m/nofp\libc_nano.a(libc_a-reent.o)
 .ARM.attributes
                0x00000000       0x2e C:/GCC_Toolchain/bin/../lib/gcc/arm-none-eabi/15.2.1/../../../../arm-none-eabi/lib/thumb/v7e-m/nofp\libc_nano.a(libc_a-reent.o)
 .text          0x00000000        0x0 C:/GCC_Toolchain/bin/../lib/gcc/arm-none-eabi/15.2.1/../../../../arm-none-eabi/lib/thumb/v7e-m/nofp\libc_nano.a(libc_a-impure.o)
 .data          0x00000000        0x0 C:/GCC_Toolchain/bin/../lib/gcc/arm-none-eabi/15.2.1/../../../../arm-none-eabi/lib/thumb/v7e-m/nofp\libc_nano.a(libc_a-impure.o)
 .bss           0x00000000        0x0 C:/GCC_Toolchain/bin/../lib/gcc/arm-none-eabi/15.2.1/../../../../arm-none-eabi/lib/thumb/v7e-m/nofp\libc_nano.a(libc_a-impure.o)
 .data._impure_ptr
                0x00000000        0x4 C:/GCC_Toolchain/bin/../lib/gcc/arm-none-eabi/15.2.1/../../../../arm-none-eabi/lib/thumb/v7e-m/nofp\libc_nano.a(libc_a-impure.o)
 .data._impure_data
                0x00000000       0x4c C:/GCC_Toolchain/bin/../lib/gcc/arm-none-eabi/15.2.1/../../../../arm-none-eabi/lib/thumb/v7e-m/nofp\libc_nano.a(libc_a-impure.o)
 .ARM.attributes
                0x00000000       0x2e C:/GCC_Toolchain/bin/../lib/gcc/arm-none-eabi/15.2.1/../../../../arm-none-eabi/lib/thumb/v7e-m/nofp\libc_nano.a(libc_a-impure.o)
 .text          0x00000000        0x0 C:/GCC_Toolchain/bin/../lib/gcc/arm-none-eabi/15.2.1/../../../../arm-none-eabi/lib/thumb/v7e-m/nofp\libc_nano.a(libc_a-lseekr.o)
 .data          0x00000000        0x0 C:/GCC_Toolchain/bin/../lib/gcc/arm-none-eabi/15.2.1/../../../../arm-none-eabi/lib/thumb/v7e-m/nofp\libc_nano.a(libc_a-lseekr.o)
 .bss           0x00000000        0x0 C:/GCC_Toolchain/bin/../lib/gcc/arm-none-eabi/15.2.1/../../../../arm-none-eabi/lib/thumb/v7e-m/nofp\libc_nano.a(libc_a-lseekr.o)
 .text._lseek_r
                0x00000000       0x24 C:/GCC_Toolchain/bin/../lib/gcc/arm-none-eabi/15.2.1/../../../../arm-none-eabi/lib/thumb/v7e-m/nofp\libc_nano.a(libc_a-lseekr.o)
 .debug_frame   0x00000000       0x2c C:/GCC_Toolchain/bin/../lib/gcc/arm-none-eabi/15.2.1/../../../../arm-none-eabi/lib/thumb/v7e-m/nofp\libc_nano.a(libc_a-lseekr.o)
 .ARM.attributes
                0x00000000       0x2e C:/GCC_Toolchain/bin/../lib/gcc/arm-none-eabi/15.2.1/../../../../arm-none-eabi/lib/thumb/v7e-m/nofp\libc_nano.a(libc_a-lseekr.o)
 .text          0x00000000        0x0 C:/GCC_Toolchain/bin/../lib/gcc/arm-none-eabi/15.2.1/../../../../arm-none-eabi/lib/thumb/v7e-m/nofp\libc_nano.a(libc_a-readr.o)
 .data          0x00000000        0x0 C:/GCC_Toolchain/bin/../lib/gcc/arm-none-eabi/15.2.1/../../../../arm-none-eabi/lib/thumb/v7e-m/nofp\libc_nano.a(libc_a-readr.o)
 .bss           0x00000000        0x0 C:/GCC_Toolchain/bin/../lib/gcc/arm-none-eabi/15.2.1/../../../../arm-none-eabi/lib/thumb/v7e-m/nofp\libc_nano.a(libc_a-readr.o)
 .text._read_r  0x00000000       0x24 C:/GCC_Toolchain/bin/../lib/gcc/arm-none-eabi/15.2.1/../../../../arm-none-eabi/lib/thumb/v7e-m/nofp\libc_nano.a(libc_a-readr.o)
 .debug_frame   0x00000000       0x2c C:/GCC_Toolchain/bin/../lib/gcc/arm-none-eabi/15.2.1/../../../../arm-none-eabi/lib/thumb/v7e-m/nofp\libc_nano.a(libc_a-readr.o)
 .ARM.attributes
                0x00000000       0x2e C:/GCC_Toolchain/bin/../lib/gcc/arm-none-eabi/15.2.1/../../../../arm-none-eabi/lib/thumb/v7e-m/nofp\libc_nano.a(libc_a-readr.o)
 .text          0x00000000        0x0 C:/GCC_Toolchain/bin/../lib/gcc/arm-none-eabi/15.2.1/../../../../arm-none-eabi/lib/thumb/v7e-m/nofp\libc_nano.a(libc_a-writer.o)
 .data          0x00000000        0x0 C:/GCC_Toolchain/bin/../lib/gcc/arm-none-eabi/15.2.1/../../../../arm-none-eabi/lib/thumb/v7e-m/nofp\libc_nano.a(libc_a-writer.o)
 .bss           0x00000000        0x0 C:/GCC_Toolchain/bin/../lib/gcc/arm-none-eabi/15.2.1/../../../../arm-none-eabi/lib/thumb/v7e-m/nofp\libc_nano.a(libc_a-writer.o)
 .text._write_r
                0x00000000       0x24 C:/GCC_Toolchain/bin/../lib/gcc/arm-none-eabi/15.2.1/../../../../arm-none-eabi/lib/thumb/v7e-m/nofp\libc_nano.a(libc_a-writer.o)
 .debug_frame   0x00000000       0x2c C:/GCC_Toolchain/bin/../lib/gcc/arm-none-eabi/15.2.1/../../../../arm-none-eabi/lib/thumb/v7e-m/nofp\libc_nano.a(libc_a-writer.o)
 .ARM.attributes
                0x00000000       0x2e C:/GCC_Toolchain/bin/../lib/gcc/arm-none-eabi/15.2.1/../../../../arm-none-eabi/lib/thumb/v7e-m/nofp\libc_nano.a(libc_a-writer.o)
 .text          0x00000000        0x0 C:/GCC_Toolchain/bin/../lib/gcc/arm-none-eabi/15.2.1/../../../../arm-none-eabi/lib/thumb/v7e-m/nofp\libc_nano.a(libc_a-init.o)
 .data          0x00000000        0x0 C:/GCC_Toolchain/bin/../lib/gcc/arm-none-eabi/15.2.1/../../../../arm-none-eabi/lib/thumb/v7e-m/nofp\libc_nano.a(libc_a-init.o)
 .bss           0x00000000        0x0 C:/GCC_Toolchain/bin/../lib/gcc/arm-none-eabi/15.2.1/../../../../arm-none-eabi/lib/thumb/v7e-m/nofp\libc_nano.a(libc_a-init.o)
 .text.__libc_init_array
                0x00000000       0x48 C:/GCC_Toolchain/bin/../lib/gcc/arm-none-eabi/15.2.1/../../../../arm-none-eabi/lib/thumb/v7e-m/nofp\libc_nano.a(libc_a-init.o)
 .debug_frame   0x00000000       0x2c C:/GCC_Toolchain/bin/../lib/gcc/arm-none-eabi/15.2.1/../../../../arm-none-eabi/lib/thumb/v7e-m/nofp\libc_nano.a(libc_a-init.o)
 .ARM.attributes
                0x00000000       0x2e C:/GCC_Toolchain/bin/../lib/gcc/arm-none-eabi/15.2.1/../../../../arm-none-eabi/lib/thumb/v7e-m/nofp\libc_nano.a(libc_a-init.o)
 .text          0x00000000        0x0 C:/GCC_Toolchain/bin/../lib/gcc/arm-none-eabi/15.2.1/../../../../arm-none-eabi/lib/thumb/v7e-m/nofp\libc_nano.a(libc_a-lock.o)
 .data          0x00000000        0x0 C:/GCC_Toolchain/bin/../lib/gcc/arm-none-eabi/15.2.1/../../../../arm-none-eabi/lib/thumb/v7e-m/nofp\libc_nano.a(libc_a-lock.o)
 .bss           0x00000000        0x0 C:/GCC_Toolchain/bin/../lib/gcc/arm-none-eabi/15.2.1/../../../../arm-none-eabi/lib/thumb/v7e-m/nofp\libc_nano.a(libc_a-lock.o)
 .text.__retarget_lock_init
                0x00000000        0x2 C:/GCC_Toolchain/bin/../lib/gcc/arm-none-eabi/15.2.1/../../../../arm-none-eabi/lib/thumb/v7e-m/nofp\libc_nano.a(libc_a-lock.o)
 .text.__retarget_lock_init_recursive
                0x00000000        0x2 C:/GCC_Toolchain/bin/../lib/gcc/arm-none-eabi/15.2.1/../../../../arm-none-eabi/lib/thumb/v7e-m/nofp\libc_nano.a(libc_a-lock.o)
 .text.__retarget_lock_close
                0x00000000        0x2 C:/GCC_Toolchain/bin/../lib/gcc/arm-none-eabi/15.2.1/../../../../arm-none-eabi/lib/thumb/v7e-m/nofp\libc_nano.a(libc_a-lock.o)
 .text.__retarget_lock_close_recursive
                0x00000000        0x2 C:/GCC_Toolchain/bin/../lib/gcc/arm-none-eabi/15.2.1/../../../../arm-none-eabi/lib/thumb/v7e-m/nofp\libc_nano.a(libc_a-lock.o)
 .text.__retarget_lock_acquire
                0x00000000        0x2 C:/GCC_Toolchain/bin/../lib/gcc/arm-none-eabi/15.2.1/../../../../arm-none-eabi/lib/thumb/v7e-m/nofp\libc_nano.a(libc_a-lock.o)
 .text.__retarget_lock_acquire_recursive
                0x00000000        0x2 C:/GCC_Toolchain/bin/../lib/gcc/arm-none-eabi/15.2.1/../../../../arm-none-eabi/lib/thumb/v7e-m/nofp\libc_nano.a(libc_a-lock.o)
 .text.__retarget_lock_try_acquire
                0x00000000        0x4 C:/GCC_Toolchain/bin/../lib/gcc/arm-none-eabi/15.2.1/../../../../arm-none-eabi/lib/thumb/v7e-m/nofp\libc_nano.a(libc_a-lock.o)
 .text.__retarget_lock_try_acquire_recursive
                0x00000000        0x4 C:/GCC_Toolchain/bin/../lib/gcc/arm-none-eabi/15.2.1/../../../../arm-none-eabi/lib/thumb/v7e-m/nofp\libc_nano.a(libc_a-lock.o)
 .text.__retarget_lock_release
                0x00000000        0x2 C:/GCC_Toolchain/bin/../lib/gcc/arm-none-eabi/15.2.1/../../../../arm-none-eabi/lib/thumb/v7e-m/nofp\libc_nano.a(libc_a-lock.o)
 .text.__retarget_lock_release_recursive
                0x00000000        0x2 C:/GCC_Toolchain/bin/../lib/gcc/arm-none-eabi/15.2.1/../../../../arm-none-eabi/lib/thumb/v7e-m/nofp\libc_nano.a(libc_a-lock.o)
 .bss.__lock___arc4random_mutex
                0x00000000        0x1 C:/GCC_Toolchain/bin/../lib/gcc/arm-none-eabi/15.2.1/../../../../arm-none-eabi/lib/thumb/v7e-m/nofp\libc_nano.a(libc_a-lock.o)
 .bss.__lock___dd_hash_mutex
                0x00000000        0x1 C:/GCC_Toolchain/bin/../lib/gcc/arm-none-eabi/15.2.1/../../../../arm-none-eabi/lib/thumb/v7e-m/nofp\libc_nano.a(libc_a-lock.o)
 .bss.__lock___tz_mutex
                0x00000000        0x1 C:/GCC_Toolchain/bin/../lib/gcc/arm-none-eabi/15.2.1/../../../../arm-none-eabi/lib/thumb/v7e-m/nofp\libc_nano.a(libc_a-lock.o)
 .bss.__lock___env_recursive_mutex
                0x00000000        0x1 C:/GCC_Toolchain/bin/../lib/gcc/arm-none-eabi/15.2.1/../../../../arm-none-eabi/lib/thumb/v7e-m/nofp\libc_nano.a(libc_a-lock.o)
 .bss.__lock___malloc_recursive_mutex
                0x00000000        0x1 C:/GCC_Toolchain/bin/../lib/gcc/arm-none-eabi/15.2.1/../../../../arm-none-eabi/lib/thumb/v7e-m/nofp\libc_nano.a(libc_a-lock.o)
 .bss.__lock___at_quick_exit_mutex
                0x00000000        0x1 C:/GCC_Toolchain/bin/../lib/gcc/arm-none-eabi/15.2.1/../../../../arm-none-eabi/lib/thumb/v7e-m/nofp\libc_nano.a(libc_a-lock.o)
 .bss.__lock___atexit_recursive_mutex
                0x00000000        0x1 C:/GCC_Toolchain/bin/../lib/gcc/arm-none-eabi/15.2.1/../../../../arm-none-eabi/lib/thumb/v7e-m/nofp\libc_nano.a(libc_a-lock.o)
 .bss.__lock___sfp_recursive_mutex
                0x00000000        0x1 C:/GCC_Toolchain/bin/../lib/gcc/arm-none-eabi/15.2.1/../../../../arm-none-eabi/lib/thumb/v7e-m/nofp\libc_nano.a(libc_a-lock.o)
 .debug_frame   0x00000000       0xb0 C:/GCC_Toolchain/bin/../lib/gcc/arm-none-eabi/15.2.1/../../../../arm-none-eabi/lib/thumb/v7e-m/nofp\libc_nano.a(libc_a-lock.o)
 .ARM.attributes
                0x00000000       0x2e C:/GCC_Toolchain/bin/../lib/gcc/arm-none-eabi/15.2.1/../../../../arm-none-eabi/lib/thumb/v7e-m/nofp\libc_nano.a(libc_a-lock.o)
 .text          0x00000000        0x0 C:/GCC_Toolchain/bin/../lib/gcc/arm-none-eabi/15.2.1/../../../../arm-none-eabi/lib/thumb/v7e-m/nofp\libc_nano.a(libc_a-freer.o)
 .data          0x00000000        0x0 C:/GCC_Toolchain/bin/../lib/gcc/arm-none-eabi/15.2.1/../../../../arm-none-eabi/lib/thumb/v7e-m/nofp\libc_nano.a(libc_a-freer.o)
 .bss           0x00000000        0x0 C:/GCC_Toolchain/bin/../lib/gcc/arm-none-eabi/15.2.1/../../../../arm-none-eabi/lib/thumb/v7e-m/nofp\libc_nano.a(libc_a-freer.o)
 .text._free_r  0x00000000       0x98 C:/GCC_Toolchain/bin/../lib/gcc/arm-none-eabi/15.2.1/../../../../arm-none-eabi/lib/thumb/v7e-m/nofp\libc_nano.a(libc_a-freer.o)
 .debug_frame   0x00000000       0x38 C:/GCC_Toolchain/bin/../lib/gcc/arm-none-eabi/15.2.1/../../../../arm-none-eabi/lib/thumb/v7e-m/nofp\libc_nano.a(libc_a-freer.o)
 .ARM.attributes
                0x00000000       0x2e C:/GCC_Toolchain/bin/../lib/gcc/arm-none-eabi/15.2.1/../../../../arm-none-eabi/lib/thumb/v7e-m/nofp\libc_nano.a(libc_a-freer.o)
 .text          0x00000000        0x0 C:/GCC_Toolchain/bin/../lib/gcc/arm-none-eabi/15.2.1/../../../../arm-none-eabi/lib/thumb/v7e-m/nofp\libc_nano.a(libc_a-mallocr.o)
 .data          0x00000000        0x0 C:/GCC_Toolchain/bin/../lib/gcc/arm-none-eabi/15.2.1/../../../../arm-none-eabi/lib/thumb/v7e-m/nofp\libc_nano.a(libc_a-mallocr.o)
 .bss           0x00000000        0x0 C:/GCC_Toolchain/bin/../lib/gcc/arm-none-eabi/15.2.1/../../../../arm-none-eabi/lib/thumb/v7e-m/nofp\libc_nano.a(libc_a-mallocr.o)
 .text.sbrk_aligned
                0x00000000       0x44 C:/GCC_Toolchain/bin/../lib/gcc/arm-none-eabi/15.2.1/../../../../arm-none-eabi/lib/thumb/v7e-m/nofp\libc_nano.a(libc_a-mallocr.o)
 .text._malloc_r
                0x00000000       0xf8 C:/GCC_Toolchain/bin/../lib/gcc/arm-none-eabi/15.2.1/../../../../arm-none-eabi/lib/thumb/v7e-m/nofp\libc_nano.a(libc_a-mallocr.o)
 .bss.__malloc_sbrk_start
                0x00000000        0x4 C:/GCC_Toolchain/bin/../lib/gcc/arm-none-eabi/15.2.1/../../../../arm-none-eabi/lib/thumb/v7e-m/nofp\libc_nano.a(libc_a-mallocr.o)
 .bss.__malloc_free_list
                0x00000000        0x4 C:/GCC_Toolchain/bin/../lib/gcc/arm-none-eabi/15.2.1/../../../../arm-none-eabi/lib/thumb/v7e-m/nofp\libc_nano.a(libc_a-mallocr.o)
 .debug_frame   0x00000000       0x50 C:/GCC_Toolchain/bin/../lib/gcc/arm-none-eabi/15.2.1/../../../../arm-none-eabi/lib/thumb/v7e-m/nofp\libc_nano.a(libc_a-mallocr.o)
 .ARM.attributes
                0x00000000       0x2e C:/GCC_Toolchain/bin/../lib/gcc/arm-none-eabi/15.2.1/../../../../arm-none-eabi/lib/thumb/v7e-m/nofp\libc_nano.a(libc_a-mallocr.o)
 .text          0x00000000        0x0 C:/GCC_Toolchain/bin/../lib/gcc/arm-none-eabi/15.2.1/../../../../arm-none-eabi/lib/thumb/v7e-m/nofp\libc_nano.a(libc_a-mlock.o)
 .data          0x00000000        0x0 C:/GCC_Toolchain/bin/../lib/gcc/arm-none-eabi/15.2.1/../../../../arm-none-eabi/lib/thumb/v7e-m/nofp\libc_nano.a(libc_a-mlock.o)
 .bss           0x00000000        0x0 C:/GCC_Toolchain/bin/../lib/gcc/arm-none-eabi/15.2.1/../../../../arm-none-eabi/lib/thumb/v7e-m/nofp\libc_nano.a(libc_a-mlock.o)
 .text.__malloc_lock
                0x00000000        0xc C:/GCC_Toolchain/bin/../lib/gcc/arm-none-eabi/15.2.1/../../../../arm-none-eabi/lib/thumb/v7e-m/nofp\libc_nano.a(libc_a-mlock.o)
 .text.__malloc_unlock
                0x00000000        0xc C:/GCC_Toolchain/bin/../lib/gcc/arm-none-eabi/15.2.1/../../../../arm-none-eabi/lib/thumb/v7e-m/nofp\libc_nano.a(libc_a-mlock.o)
 .debug_frame   0x00000000       0x30 C:/GCC_Toolchain/bin/../lib/gcc/arm-none-eabi/15.2.1/../../../../arm-none-eabi/lib/thumb/v7e-m/nofp\libc_nano.a(libc_a-mlock.o)
 .ARM.attributes
                0x00000000       0x2e C:/GCC_Toolchain/bin/../lib/gcc/arm-none-eabi/15.2.1/../../../../arm-none-eabi/lib/thumb/v7e-m/nofp\libc_nano.a(libc_a-mlock.o)
 .text          0x00000000        0x0 C:/GCC_Toolchain/bin/../lib/gcc/arm-none-eabi/15.2.1/../../../../arm-none-eabi/lib/thumb/v7e-m/nofp\libc_nano.a(libc_a-fflush.o)
 .data          0x00000000        0x0 C:/GCC_Toolchain/bin/../lib/gcc/arm-none-eabi/15.2.1/../../../../arm-none-eabi/lib/thumb/v7e-m/nofp\libc_nano.a(libc_a-fflush.o)
 .bss           0x00000000        0x0 C:/GCC_Toolchain/bin/../lib/gcc/arm-none-eabi/15.2.1/../../../../arm-none-eabi/lib/thumb/v7e-m/nofp\libc_nano.a(libc_a-fflush.o)
 .text.__sflush_r
                0x00000000       0xf8 C:/GCC_Toolchain/bin/../lib/gcc/arm-none-eabi/15.2.1/../../../../arm-none-eabi/lib/thumb/v7e-m/nofp\libc_nano.a(libc_a-fflush.o)
 .text._fflush_r
                0x00000000       0x50 C:/GCC_Toolchain/bin/../lib/gcc/arm-none-eabi/15.2.1/../../../../arm-none-eabi/lib/thumb/v7e-m/nofp\libc_nano.a(libc_a-fflush.o)
 .text.fflush   0x00000000       0x28 C:/GCC_Toolchain/bin/../lib/gcc/arm-none-eabi/15.2.1/../../../../arm-none-eabi/lib/thumb/v7e-m/nofp\libc_nano.a(libc_a-fflush.o)
 .debug_frame   0x00000000       0x5c C:/GCC_Toolchain/bin/../lib/gcc/arm-none-eabi/15.2.1/../../../../arm-none-eabi/lib/thumb/v7e-m/nofp\libc_nano.a(libc_a-fflush.o)
 .ARM.attributes
                0x00000000       0x2e C:/GCC_Toolchain/bin/../lib/gcc/arm-none-eabi/15.2.1/../../../../arm-none-eabi/lib/thumb/v7e-m/nofp\libc_nano.a(libc_a-fflush.o)
 .text          0x00000000        0x0 C:/GCC_Toolchain/bin/../lib/gcc/arm-none-eabi/15.2.1/../../../../arm-none-eabi/lib/thumb/v7e-m/nofp\libc_nano.a(libc_a-sbrkr.o)
 .data          0x00000000        0x0 C:/GCC_Toolchain/bin/../lib/gcc/arm-none-eabi/15.2.1/../../../../arm-none-eabi/lib/thumb/v7e-m/nofp\libc_nano.a(libc_a-sbrkr.o)
 .bss           0x00000000        0x0 C:/GCC_Toolchain/bin/../lib/gcc/arm-none-eabi/15.2.1/../../../../arm-none-eabi/lib/thumb/v7e-m/nofp\libc_nano.a(libc_a-sbrkr.o)
 .text._sbrk_r  0x00000000       0x20 C:/GCC_Toolchain/bin/../lib/gcc/arm-none-eabi/15.2.1/../../../../arm-none-eabi/lib/thumb/v7e-m/nofp\libc_nano.a(libc_a-sbrkr.o)
 .debug_frame   0x00000000       0x2c C:/GCC_Toolchain/bin/../lib/gcc/arm-none-eabi/15.2.1/../../../../arm-none-eabi/lib/thumb/v7e-m/nofp\libc_nano.a(libc_a-sbrkr.o)
 .ARM.attributes
                0x00000000       0x2e C:/GCC_Toolchain/bin/../lib/gcc/arm-none-eabi/15.2.1/../../../../arm-none-eabi/lib/thumb/v7e-m/nofp\libc_nano.a(libc_a-sbrkr.o)
 .text          0x00000000        0x0 C:/GCC_Toolchain/bin/../lib/gcc/arm-none-eabi/15.2.1/../../../../arm-none-eabi/lib/thumb/v7e-m/nofp\libnosys.a(close.o)
 .data          0x00000000        0x0 C:/GCC_Toolchain/bin/../lib/gcc/arm-none-eabi/15.2.1/../../../../arm-none-eabi/lib/thumb/v7e-m/nofp\libnosys.a(close.o)
 .bss           0x00000000        0x0 C:/GCC_Toolchain/bin/../lib/gcc/arm-none-eabi/15.2.1/../../../../arm-none-eabi/lib/thumb/v7e-m/nofp\libnosys.a(close.o)
 .text._close   0x00000000       0x10 C:/GCC_Toolchain/bin/../lib/gcc/arm-none-eabi/15.2.1/../../../../arm-none-eabi/lib/thumb/v7e-m/nofp\libnosys.a(close.o)
 .gnu.warning._close
                0x00000000        0x0 C:/GCC_Toolchain/bin/../lib/gcc/arm-none-eabi/15.2.1/../../../../arm-none-eabi/lib/thumb/v7e-m/nofp\libnosys.a(close.o)
 .debug_frame   0x00000000       0x20 C:/GCC_Toolchain/bin/../lib/gcc/arm-none-eabi/15.2.1/../../../../arm-none-eabi/lib/thumb/v7e-m/nofp\libnosys.a(close.o)
 .ARM.attributes
                0x00000000       0x2e C:/GCC_Toolchain/bin/../lib/gcc/arm-none-eabi/15.2.1/../../../../arm-none-eabi/lib/thumb/v7e-m/nofp\libnosys.a(close.o)
 .text          0x00000000        0x0 C:/GCC_Toolchain/bin/../lib/gcc/arm-none-eabi/15.2.1/../../../../arm-none-eabi/lib/thumb/v7e-m/nofp\libnosys.a(lseek.o)
 .data          0x00000000        0x0 C:/GCC_Toolchain/bin/../lib/gcc/arm-none-eabi/15.2.1/../../../../arm-none-eabi/lib/thumb/v7e-m/nofp\libnosys.a(lseek.o)
 .bss           0x00000000        0x0 C:/GCC_Toolchain/bin/../lib/gcc/arm-none-eabi/15.2.1/../../../../arm-none-eabi/lib/thumb/v7e-m/nofp\libnosys.a(lseek.o)
 .text._lseek   0x00000000       0x10 C:/GCC_Toolchain/bin/../lib/gcc/arm-none-eabi/15.2.1/../../../../arm-none-eabi/lib/thumb/v7e-m/nofp\libnosys.a(lseek.o)
 .gnu.warning._lseek
                0x00000000        0x0 C:/GCC_Toolchain/bin/../lib/gcc/arm-none-eabi/15.2.1/../../../../arm-none-eabi/lib/thumb/v7e-m/nofp\libnosys.a(lseek.o)
 .debug_frame   0x00000000       0x20 C:/GCC_Toolchain/bin/../lib/gcc/arm-none-eabi/15.2.1/../../../../arm-none-eabi/lib/thumb/v7e-m/nofp\libnosys.a(lseek.o)
 .ARM.attributes
                0x00000000       0x2e C:/GCC_Toolchain/bin/../lib/gcc/arm-none-eabi/15.2.1/../../../../arm-none-eabi/lib/thumb/v7e-m/nofp\libnosys.a(lseek.o)
 .text          0x00000000        0x0 C:/GCC_Toolchain/bin/../lib/gcc/arm-none-eabi/15.2.1/../../../../arm-none-eabi/lib/thumb/v7e-m/nofp\libnosys.a(read.o)
 .data          0x00000000        0x0 C:/GCC_Toolchain/bin/../lib/gcc/arm-none-eabi/15.2.1/../../../../arm-none-eabi/lib/thumb/v7e-m/nofp\libnosys.a(read.o)
 .bss           0x00000000        0x0 C:/GCC_Toolchain/bin/../lib/gcc/arm-none-eabi/15.2.1/../../../../arm-none-eabi/lib/thumb/v7e-m/nofp\libnosys.a(read.o)
 .text._read    0x00000000       0x10 C:/GCC_Toolchain/bin/../lib/gcc/arm-none-eabi/15.2.1/../../../../arm-none-eabi/lib/thumb/v7e-m/nofp\libnosys.a(read.o)
 .gnu.warning._read
                0x00000000        0x0 C:/GCC_Toolchain/bin/../lib/gcc/arm-none-eabi/15.2.1/../../../../arm-none-eabi/lib/thumb/v7e-m/nofp\libnosys.a(read.o)
 .debug_frame   0x00000000       0x20 C:/GCC_Toolchain/bin/../lib/gcc/arm-none-eabi/15.2.1/../../../../arm-none-eabi/lib/thumb/v7e-m/nofp\libnosys.a(read.o)
 .ARM.attributes
                0x00000000       0x2e C:/GCC_Toolchain/bin/../lib/gcc/arm-none-eabi/15.2.1/../../../../arm-none-eabi/lib/thumb/v7e-m/nofp\libnosys.a(read.o)
 .text          0x00000000        0x0 C:/GCC_Toolchain/bin/../lib/gcc/arm-none-eabi/15.2.1/../../../../arm-none-eabi/lib/thumb/v7e-m/nofp\libnosys.a(sbrk.o)
 .data          0x00000000        0x0 C:/GCC_Toolchain/bin/../lib/gcc/arm-none-eabi/15.2.1/../../../../arm-none-eabi/lib/thumb/v7e-m/nofp\libnosys.a(sbrk.o)
 .bss           0x00000000        0x0 C:/GCC_Toolchain/bin/../lib/gcc/arm-none-eabi/15.2.1/../../../../arm-none-eabi/lib/thumb/v7e-m/nofp\libnosys.a(sbrk.o)
 .text._sbrk    0x00000000       0x1c C:/GCC_Toolchain/bin/../lib/gcc/arm-none-eabi/15.2.1/../../../../arm-none-eabi/lib/thumb/v7e-m/nofp\libnosys.a(sbrk.o)
 .bss.heap_end.0
                0x00000000        0x4 C:/GCC_Toolchain/bin/../lib/gcc/arm-none-eabi/15.2.1/../../../../arm-none-eabi/lib/thumb/v7e-m/nofp\libnosys.a(sbrk.o)
 .debug_frame   0x00000000       0x20 C:/GCC_Toolchain/bin/../lib/gcc/arm-none-eabi/15.2.1/../../../../arm-none-eabi/lib/thumb/v7e-m/nofp\libnosys.a(sbrk.o)
 .ARM.attributes
                0x00000000       0x2e C:/GCC_Toolchain/bin/../lib/gcc/arm-none-eabi/15.2.1/../../../../arm-none-eabi/lib/thumb/v7e-m/nofp\libnosys.a(sbrk.o)
 .text          0x00000000        0x0 C:/GCC_Toolchain/bin/../lib/gcc/arm-none-eabi/15.2.1/../../../../arm-none-eabi/lib/thumb/v7e-m/nofp\libnosys.a(write.o)
 .data          0x00000000        0x0 C:/GCC_Toolchain/bin/../lib/gcc/arm-none-eabi/15.2.1/../../../../arm-none-eabi/lib/thumb/v7e-m/nofp\libnosys.a(write.o)
 .bss           0x00000000        0x0 C:/GCC_Toolchain/bin/../lib/gcc/arm-none-eabi/15.2.1/../../../../arm-none-eabi/lib/thumb/v7e-m/nofp\libnosys.a(write.o)
 .text._write   0x00000000       0x10 C:/GCC_Toolchain/bin/../lib/gcc/arm-none-eabi/15.2.1/../../../../arm-none-eabi/lib/thumb/v7e-m/nofp\libnosys.a(write.o)
 .gnu.warning._write
                0x00000000        0x0 C:/GCC_Toolchain/bin/../lib/gcc/arm-none-eabi/15.2.1/../../../../arm-none-eabi/lib/thumb/v7e-m/nofp\libnosys.a(write.o)
 .debug_frame   0x00000000       0x20 C:/GCC_Toolchain/bin/../lib/gcc/arm-none-eabi/15.2.1/../../../../arm-none-eabi/lib/thumb/v7e-m/nofp\libnosys.a(write.o)
 .ARM.attributes
                0x00000000       0x2e C:/GCC_Toolchain/bin/../lib/gcc/arm-none-eabi/15.2.1/../../../../arm-none-eabi/lib/thumb/v7e-m/nofp\libnosys.a(write.o)
 .text          0x00000000        0x0 C:/GCC_Toolchain/bin/../lib/gcc/arm-none-eabi/15.2.1/../../../../arm-none-eabi/lib/thumb/v7e-m/nofp\libnosys.a(_exit.o)
 .data          0x00000000        0x0 C:/GCC_Toolchain/bin/../lib/gcc/arm-none-eabi/15.2.1/../../../../arm-none-eabi/lib/thumb/v7e-m/nofp\libnosys.a(_exit.o)
 .bss           0x00000000        0x0 C:/GCC_Toolchain/bin/../lib/gcc/arm-none-eabi/15.2.1/../../../../arm-none-eabi/lib/thumb/v7e-m/nofp\libnosys.a(_exit.o)
 .text._exit    0x00000000        0x4 C:/GCC_Toolchain/bin/../lib/gcc/arm-none-eabi/15.2.1/../../../../arm-none-eabi/lib/thumb/v7e-m/nofp\libnosys.a(_exit.o)
 .debug_frame   0x00000000       0x20 C:/GCC_Toolchain/bin/../lib/gcc/arm-none-eabi/15.2.1/../../../../arm-none-eabi/lib/thumb/v7e-m/nofp\libnosys.a(_exit.o)
 .ARM.attributes
                0x00000000       0x2e C:/GCC_Toolchain/bin/../lib/gcc/arm-none-eabi/15.2.1/../../../../arm-none-eabi/lib/thumb/v7e-m/nofp\libnosys.a(_exit.o)
 .text          0x00000000        0x0 C:/GCC_Toolchain/bin/../lib/gcc/arm-none-eabi/15.2.1/thumb/v7e-m/nofp/crtend.o
 .data          0x00000000        0x0 C:/GCC_Toolchain/bin/../lib/gcc/arm-none-eabi/15.2.1/thumb/v7e-m/nofp/crtend.o
 .bss           0x00000000        0x0 C:/GCC_Toolchain/bin/../lib/gcc/arm-none-eabi/15.2.1/thumb/v7e-m/nofp/crtend.o
 .rodata.all_implied_fbits
                0x00000000       0x24 C:/GCC_Toolchain/bin/../lib/gcc/arm-none-eabi/15.2.1/thumb/v7e-m/nofp/crtend.o
 .eh_frame      0x00000000        0x4 C:/GCC_Toolchain/bin/../lib/gcc/arm-none-eabi/15.2.1/thumb/v7e-m/nofp/crtend.o
 .tm_clone_table
                0x00000000        0x0 C:/GCC_Toolchain/bin/../lib/gcc/arm-none-eabi/15.2.1/thumb/v7e-m/nofp/crtend.o
 .ARM.attributes
                0x00000000       0x2e C:/GCC_Toolchain/bin/../lib/gcc/arm-none-eabi/15.2.1/thumb/v7e-m/nofp/crtend.o
 .text          0x00000000        0x0 C:/GCC_Toolchain/bin/../lib/gcc/arm-none-eabi/15.2.1/thumb/v7e-m/nofp/crtn.o
 .data          0x00000000        0x0 C:/GCC_Toolchain/bin/../lib/gcc/arm-none-eabi/15.2.1/thumb/v7e-m/nofp/crtn.o
 .bss           0x00000000        0x0 C:/GCC_Toolchain/bin/../lib/gcc/arm-none-eabi/15.2.1/thumb/v7e-m/nofp/crtn.o
 .init          0x00000000        0x8 C:/GCC_Toolchain/bin/../lib/gcc/arm-none-eabi/15.2.1/thumb/v7e-m/nofp/crtn.o
 .fini          0x00000000        0x8 C:/GCC_Toolchain/bin/../lib/gcc/arm-none-eabi/15.2.1/thumb/v7e-m/nofp/crtn.o
 .ARM.attributes
                0x00000000       0x1e C:/GCC_Toolchain/bin/../lib/gcc/arm-none-eabi/15.2.1/thumb/v7e-m/nofp/crtn.o

Memory Configuration

Name             Origin             Length             Attributes
FLASH            0x08000000         0x00080000         xr
SRAM             0x20000000         0x00020000         xrw
*default*        0x00000000         0xffffffff

Linker script and memory map

LOAD C:/GCC_Toolchain/bin/../lib/gcc/arm-none-eabi/15.2.1/thumb/v7e-m/nofp/crti.o
LOAD C:/GCC_Toolchain/bin/../lib/gcc/arm-none-eabi/15.2.1/thumb/v7e-m/nofp/crtbegin.o
LOAD C:/GCC_Toolchain/bin/../lib/gcc/arm-none-eabi/15.2.1/../../../../arm-none-eabi/lib/thumb/v7e-m/nofp/crt0.o
LOAD ./output/obj/main.o
LOAD ./output/obj/stm32f407xxx_it.o
LOAD ./output/obj/stm32f407xxx_nvic.o
LOAD ./output/obj/stm32f407xxx_systick.o
LOAD ./output/obj/stm32f407xx_start_up.o
LOAD ./output/obj/stm32f407xx_gpio.o
LOAD ./output/obj/stm32f407xxx_rcc.o
LOAD ./output/obj/stm32_f407xxx_flash.o
LOAD ./output/obj/stm32f407xxx_exti.o
LOAD ./output/obj/stm32f407xxx_uart.o
START GROUP
LOAD C:/GCC_Toolchain/bin/../lib/gcc/arm-none-eabi/15.2.1/thumb/v7e-m/nofp\libgcc.a
LOAD C:/GCC_Toolchain/bin/../lib/gcc/arm-none-eabi/15.2.1/../../../../arm-none-eabi/lib/thumb/v7e-m/nofp\libc_nano.a
END GROUP
START GROUP
LOAD C:/GCC_Toolchain/bin/../lib/gcc/arm-none-eabi/15.2.1/thumb/v7e-m/nofp\libgcc.a
LOAD C:/GCC_Toolchain/bin/../lib/gcc/arm-none-eabi/15.2.1/../../../../arm-none-eabi/lib/thumb/v7e-m/nofp\libc_nano.a
LOAD C:/GCC_Toolchain/bin/../lib/gcc/arm-none-eabi/15.2.1/../../../../arm-none-eabi/lib/thumb/v7e-m/nofp\libnosys.a
END GROUP
START GROUP
LOAD C:/GCC_Toolchain/bin/../lib/gcc/arm-none-eabi/15.2.1/thumb/v7e-m/nofp\libgcc.a
LOAD C:/GCC_Toolchain/bin/../lib/gcc/arm-none-eabi/15.2.1/../../../../arm-none-eabi/lib/thumb/v7e-m/nofp\libc_nano.a
LOAD C:/GCC_Toolchain/bin/../lib/gcc/arm-none-eabi/15.2.1/../../../../arm-none-eabi/lib/thumb/v7e-m/nofp\libnosys.a
END GROUP
LOAD C:/GCC_Toolchain/bin/../lib/gcc/arm-none-eabi/15.2.1/thumb/v7e-m/nofp/crtend.o
LOAD C:/GCC_Toolchain/bin/../lib/gcc/arm-none-eabi/15.2.1/thumb/v7e-m/nofp/crtn.o
                0x20020000                        _estack = (ORIGIN (SRAM) + LENGTH (SRAM))

.text           0x08000000     0x1588
                0x08000000                        _stext = .
 *(.isr_vector)
 .isr_vector    0x08000000      0x188 ./output/obj/stm32f407xx_start_up.o
                0x08000000                vector_table
 *(.text*)
 .text.EXTI_Callback
                0x08000188       0x14 ./output/obj/main.o
                0x08000188                EXTI_Callback
 .text.main     0x0800019c       0x7c ./output/obj/main.o
                0x0800019c                main
 .text.GPIO_INIT
                0x08000218       0xf4 ./output/obj/main.o
 .text.USART_INIT
                0x0800030c       0x58 ./output/obj/main.o
 .text.USART1_IRQHandler
                0x08000364       0x14 ./output/obj/stm32f407xxx_it.o
                0x08000364                USART1_IRQHandler
 .text.USART2_IRQHandler
                0x08000378       0x14 ./output/obj/stm32f407xxx_it.o
                0x08000378                USART2_IRQHandler
 .text.USART3_IRQHandler
                0x0800038c       0x14 ./output/obj/stm32f407xxx_it.o
                0x0800038c                USART3_IRQHandler
 .text.UART4_IRQHandler
                0x080003a0       0x14 ./output/obj/stm32f407xxx_it.o
                0x080003a0                UART4_IRQHandler
 .text.UART5_IRQHandler
                0x080003b4       0x14 ./output/obj/stm32f407xxx_it.o
                0x080003b4                UART5_IRQHandler
 .text.USART6_IRQHandler
                0x080003c8       0x14 ./output/obj/stm32f407xxx_it.o
                0x080003c8                USART6_IRQHandler
 .text.EXTI0_IRQHandler
                0x080003dc        0xe ./output/obj/stm32f407xxx_it.o
                0x080003dc                EXTI0_IRQHandler
 .text.EXTI1_IRQHandler
                0x080003ea        0xe ./output/obj/stm32f407xxx_it.o
                0x080003ea                EXTI1_IRQHandler
 .text.EXTI2_IRQHandler
                0x080003f8        0xe ./output/obj/stm32f407xxx_it.o
                0x080003f8                EXTI2_IRQHandler
 .text.EXTI3_IRQHandler
                0x08000406        0xe ./output/obj/stm32f407xxx_it.o
                0x08000406                EXTI3_IRQHandler
 .text.EXTI4_IRQHandler
                0x08000414        0xe ./output/obj/stm32f407xxx_it.o
                0x08000414                EXTI4_IRQHandler
 *fill*         0x08000422        0x2 
 .text.EXTI15_10_IRQHandler
                0x08000424       0xa4 ./output/obj/stm32f407xxx_it.o
                0x08000424                EXTI15_10_IRQHandler
 .text.EXTI9_5_IRQHandler
                0x080004c8       0x8c ./output/obj/stm32f407xxx_it.o
                0x080004c8                EXTI9_5_IRQHandler
 .text.NVIC_EnableIRQ
                0x08000554       0x40 ./output/obj/stm32f407xxx_nvic.o
                0x08000554                NVIC_EnableIRQ
 .text.NVIC_ClearPendingIRQ
                0x08000594       0x44 ./output/obj/stm32f407xxx_nvic.o
                0x08000594                NVIC_ClearPendingIRQ
 .text.SYSTICK_Init
                0x080005d8       0x6c ./output/obj/stm32f407xxx_systick.o
                0x080005d8                SYSTICK_Init
 .text.SYSTICK_DelayMs
                0x08000644       0x2a ./output/obj/stm32f407xxx_systick.o
                0x08000644                SYSTICK_DelayMs
 *fill*         0x0800066e        0x2 
 .text.SYSTICK_GetTick
                0x08000670       0x14 ./output/obj/stm32f407xxx_systick.o
                0x08000670                SYSTICK_GetTick
 .text.SYSTICK_IncTick
                0x08000684       0x1c ./output/obj/stm32f407xxx_systick.o
                0x08000684                SYSTICK_IncTick
 .text.SysTick_Handler
                0x080006a0        0xc ./output/obj/stm32f407xxx_systick.o
                0x080006a0                SysTick_Handler
 .text.Reset_Handler
                0x080006ac       0x70 ./output/obj/stm32f407xx_start_up.o
                0x080006ac                Reset_Handler
 .text.Default_Handler
                0x0800071c        0x8 ./output/obj/stm32f407xx_start_up.o
                0x0800071c                RTC_Alarm_IRQHandler
                0x0800071c                TIM8_CC_IRQHandler
                0x0800071c                DebugMon_Handler
                0x0800071c                TIM1_CC_IRQHandler
                0x0800071c                DMA2_Stream5_IRQHandler
                0x0800071c                HardFault_Handler
                0x0800071c                DMA1_Stream5_IRQHandler
                0x0800071c                PVD_IRQHandler
                0x0800071c                SDIO_IRQHandler
                0x0800071c                TAMP_STAMP_IRQHandler
                0x0800071c                PendSV_Handler
                0x0800071c                NMI_Handler
                0x0800071c                CAN2_RX1_IRQHandler
                0x0800071c                TIM8_TRG_COM_TIM14_IRQHandler
                0x0800071c                TIM1_UP_TIM10_IRQHandler
                0x0800071c                TIM8_UP_TIM13_IRQHandler
                0x0800071c                I2C3_ER_IRQHandler
                0x0800071c                I2C2_EV_IRQHandler
                0x0800071c                DMA1_Stream2_IRQHandler
                0x0800071c                CAN1_RX0_IRQHandler
                0x0800071c                FPU_IRQHandler
                0x0800071c                OTG_HS_WKUP_IRQHandler
                0x0800071c                UsageFault_Handler
                0x0800071c                CAN2_SCE_IRQHandler
                0x0800071c                DMA2_Stream2_IRQHandler
                0x0800071c                SPI1_IRQHandler
                0x0800071c                TIM6_DAC_IRQHandler
                0x0800071c                TIM1_BRK_TIM9_IRQHandler
                0x0800071c                DCMI_IRQHandler
                0x0800071c                CAN2_RX0_IRQHandler
                0x0800071c                DMA2_Stream3_IRQHandler
                0x0800071c                CAN1_RX1_IRQHandler
                0x0800071c                DMA2_Stream0_IRQHandler
                0x0800071c                TIM4_IRQHandler
                0x0800071c                I2C1_EV_IRQHandler
                0x0800071c                DMA1_Stream6_IRQHandler
                0x0800071c                DMA1_Stream1_IRQHandler
                0x0800071c                TIM3_IRQHandler
                0x0800071c                RCC_IRQHandler
                0x0800071c                TIM8_BRK_TIM12_IRQHandler
                0x0800071c                Default_Handler
                0x0800071c                ADC_IRQHandler
                0x0800071c                DMA1_Stream7_IRQHandler
                0x0800071c                TIM7_IRQHandler
                0x0800071c                CAN2_TX_IRQHandler
                0x0800071c                TIM5_IRQHandler
                0x0800071c                DMA2_Stream7_IRQHandler
                0x0800071c                I2C3_EV_IRQHandler
                0x0800071c                RTC_WKUP_IRQHandler
                0x0800071c                ETH_WKUP_IRQHandler
                0x0800071c                SPI2_IRQHandler
                0x0800071c                OTG_HS_EP1_IN_IRQHandler
                0x0800071c                MemManage_Handler
                0x0800071c                DMA1_Stream0_IRQHandler
                0x0800071c                CAN1_TX_IRQHandler
                0x0800071c                SVC_Handler
                0x0800071c                RNG_IRQHandler
                0x0800071c                ETH_IRQHandler
                0x0800071c                OTG_HS_EP1_OUT_IRQHandler
                0x0800071c                WWDG_IRQHandler
                0x0800071c                TIM2_IRQHandler
                0x0800071c                OTG_FS_WKUP_IRQHandler
                0x0800071c                TIM1_TRG_COM_TIM11_IRQHandler
                0x0800071c                OTG_HS_IRQHandler
                0x0800071c                I2C2_ER_IRQHandler
                0x0800071c                DMA2_Stream1_IRQHandler
                0x0800071c                CAN1_SCE_IRQHandler
                0x0800071c                FLASH_IRQHandler
                0x0800071c                DMA2_Stream4_IRQHandler
                0x0800071c                BusFault_Handler
                0x0800071c                OTG_FS_IRQHandler
                0x0800071c                SPI3_IRQHandler
                0x0800071c                DMA1_Stream4_IRQHandler
                0x0800071c                I2C1_ER_IRQHandler
                0x0800071c                FMC_IRQHandler
                0x0800071c                DMA2_Stream6_IRQHandler
                0x0800071c                DMA1_Stream3_IRQHandler
 .text.GPIO_Config_Pin
                0x08000724      0x1b6 ./output/obj/stm32f407xx_gpio.o
 .text.GPIO_Init
                0x080008da       0x44 ./output/obj/stm32f407xx_gpio.o
                0x080008da                GPIO_Init
 .text.GPIO_TogglePin
                0x0800091e       0x22 ./output/obj/stm32f407xx_gpio.o
                0x0800091e                GPIO_TogglePin
 .text.RCC_EnableHSI
                0x08000940       0x2c ./output/obj/stm32f407xxx_rcc.o
                0x08000940                RCC_EnableHSI
 .text.RCC_EnableHSE
                0x0800096c       0x2c ./output/obj/stm32f407xxx_rcc.o
                0x0800096c                RCC_EnableHSE
 .text.RCC_EnablePLL
                0x08000998       0x2c ./output/obj/stm32f407xxx_rcc.o
                0x08000998                RCC_EnablePLL
 .text.RCC_DisablePLL
                0x080009c4       0x2c ./output/obj/stm32f407xxx_rcc.o
                0x080009c4                RCC_DisablePLL
 .text.RCC_Configure_Bus_Prescalers
                0x080009f0       0x6c ./output/obj/stm32f407xxx_rcc.o
 .text.RCC_Init
                0x08000a5c      0x190 ./output/obj/stm32f407xxx_rcc.o
                0x08000a5c                RCC_Init
 .text.RCC_SetSystemClockTo168MHz
                0x08000bec       0x42 ./output/obj/stm32f407xxx_rcc.o
                0x08000bec                RCC_SetSystemClockTo168MHz
 *fill*         0x08000c2e        0x2 
 .text.RCC_GetSYSCLKValue
                0x08000c30       0xb8 ./output/obj/stm32f407xxx_rcc.o
                0x08000c30                RCC_GetSYSCLKValue
 .text.RCC_GetHCLKValue
                0x08000ce8       0x38 ./output/obj/stm32f407xxx_rcc.o
                0x08000ce8                RCC_GetHCLKValue
 .text.RCC_GetPCLK1Value
                0x08000d20       0x38 ./output/obj/stm32f407xxx_rcc.o
                0x08000d20                RCC_GetPCLK1Value
 .text.RCC_GetPCLK2Value
                0x08000d58       0x38 ./output/obj/stm32f407xxx_rcc.o
                0x08000d58                RCC_GetPCLK2Value
 .text.FLASH_SetLatency
                0x08000d90      0x140 ./output/obj/stm32_f407xxx_flash.o
                0x08000d90                FLASH_SetLatency
 .text.EXTI_SetCallback
                0x08000ed0       0x4c ./output/obj/stm32f407xxx_exti.o
                0x08000ed0                EXTI_SetCallback
 .text.EXTI_Init
                0x08000f1c      0x184 ./output/obj/stm32f407xxx_exti.o
                0x08000f1c                EXTI_Init
 .text.EXTI_IRQHandler
                0x080010a0       0x6c ./output/obj/stm32f407xxx_exti.o
                0x080010a0                EXTI_IRQHandler
 .text.USART_Set_Baudrate
                0x0800110c       0xf8 ./output/obj/stm32f407xxx_uart.o
 .text.USART_Init
                0x08001204      0x18c ./output/obj/stm32f407xxx_uart.o
                0x08001204                USART_Init
 .text.USART_Transmit_IT
                0x08001390       0x44 ./output/obj/stm32f407xxx_uart.o
                0x08001390                USART_Transmit_IT
 .text.USART_Receive_IT
                0x080013d4       0x44 ./output/obj/stm32f407xxx_uart.o
                0x080013d4                USART_Receive_IT
 .text.USART_IRQHandler
                0x08001418      0x136 ./output/obj/stm32f407xxx_uart.o
                0x08001418                USART_IRQHandler
 *(.rodata*)
 *fill*         0x0800154e        0x2 
 .rodata        0x08001550        0xe ./output/obj/main.o
 *fill*         0x0800155e        0x2 
 .rodata.AHBPrescalerTable
                0x08001560       0x20 ./output/obj/stm32f407xxx_rcc.o
 .rodata.APBPrescalerTable
                0x08001580        0x8 ./output/obj/stm32f407xxx_rcc.o
                0x08001588                        . = ALIGN (0x4)
                0x08001588                        _etext = .
                0x08001590                        _la_data = LOADADDR (.data)

.glue_7         0x08001588        0x0
 .glue_7        0x08001588        0x0 linker stubs

.glue_7t        0x08001588        0x0
 .glue_7t       0x08001588        0x0 linker stubs

.vfp11_veneer   0x08001588        0x0
 .vfp11_veneer  0x08001588        0x0 linker stubs

.v4_bx          0x08001588        0x0
 .v4_bx         0x08001588        0x0 linker stubs

.init           0x08001588        0x4
 .init          0x08001588        0x4 C:/GCC_Toolchain/bin/../lib/gcc/arm-none-eabi/15.2.1/thumb/v7e-m/nofp/crti.o
                0x08001588                _init

.fini           0x0800158c        0x4
 .fini          0x0800158c        0x4 C:/GCC_Toolchain/bin/../lib/gcc/arm-none-eabi/15.2.1/thumb/v7e-m/nofp/crti.o
                0x0800158c                _fini

.iplt           0x08001590        0x0
 .iplt          0x08001590        0x0 ./output/obj/main.o

.rel.dyn        0x08001590        0x0
 .rel.iplt      0x08001590        0x0 ./output/obj/main.o

.data           0x20000000        0x8 load address 0x08001590
                0x20000000                        _sdata = .
 *(.data*)
 .data.IRQNumber_EXTI
                0x20000000        0x7 ./output/obj/stm32f407xxx_exti.o
                0x20000008                        . = ALIGN (0x4)
 *fill*         0x20000007        0x1 
                0x20000008                        _edata = .

.igot.plt       0x20000008        0x0 load address 0x08001598
 .igot.plt      0x20000008        0x0 ./output/obj/main.o

.bss            0x20000008       0x84 load address 0x08001598
                0x20000008                        _sbss = .
 *(.bss*)
 .bss.hgpio     0x20000008        0x8 ./output/obj/main.o
                0x20000008                hgpio
 .bss.hexti     0x20000010        0x8 ./output/obj/main.o
                0x20000010                hexti
 .bss.huart     0x20000018       0x24 ./output/obj/main.o
                0x20000018                huart
 .bss.rx_buffer
                0x2000003c        0xa ./output/obj/main.o
                0x2000003c                rx_buffer
 *fill*         0x20000046        0x2 
 .bss.global_tick
                0x20000048        0x4 ./output/obj/stm32f407xxx_systick.o
 .bss.EXTI_CallbackTable
                0x2000004c       0x40 ./output/obj/stm32f407xxx_exti.o
 *(COMMON)
                0x2000008c                        . = ALIGN (0x4)
                0x2000008c                        _ebss = .
OUTPUT(output/GPIO.elf elf32-littlearm)
LOAD linker stubs

.ARM.attributes
                0x00000000       0x2a
 .ARM.attributes
                0x00000000       0x1e C:/GCC_Toolchain/bin/../lib/gcc/arm-none-eabi/15.2.1/thumb/v7e-m/nofp/crti.o
 .ARM.attributes
                0x0000001e       0x2e ./output/obj/main.o
 .ARM.attributes
                0x0000004c       0x2e ./output/obj/stm32f407xxx_it.o
 .ARM.attributes
                0x0000007a       0x2e ./output/obj/stm32f407xxx_nvic.o
 .ARM.attributes
                0x000000a8       0x2e ./output/obj/stm32f407xxx_systick.o
 .ARM.attributes
                0x000000d6       0x2e ./output/obj/stm32f407xx_start_up.o
 .ARM.attributes
                0x00000104       0x2e ./output/obj/stm32f407xx_gpio.o
 .ARM.attributes
                0x00000132       0x2e ./output/obj/stm32f407xxx_rcc.o
 .ARM.attributes
                0x00000160       0x2e ./output/obj/stm32_f407xxx_flash.o
 .ARM.attributes
                0x0000018e       0x2e ./output/obj/stm32f407xxx_exti.o
 .ARM.attributes
                0x000001bc       0x2e ./output/obj/stm32f407xxx_uart.o

.comment        0x00000000       0x45
 .comment       0x00000000       0x45 ./output/obj/main.o
                                 0x46 (size before relaxing)
 .comment       0x00000045        0x0 ./output/obj/stm32f407xxx_it.o
                                 0x46 (size before relaxing)
 .comment       0x00000045        0x0 ./output/obj/stm32f407xxx_nvic.o
                                 0x46 (size before relaxing)
 .comment       0x00000045        0x0 ./output/obj/stm32f407xxx_systick.o
                                 0x46 (size before relaxing)
 .comment       0x00000045        0x0 ./output/obj/stm32f407xx_start_up.o
                                 0x46 (size before relaxing)
 .comment       0x00000045        0x0 ./output/obj/stm32f407xx_gpio.o
                                 0x46 (size before relaxing)
 .comment       0x00000045        0x0 ./output/obj/stm32f407xxx_rcc.o
                                 0x46 (size before relaxing)
 .comment       0x00000045        0x0 ./output/obj/stm32_f407xxx_flash.o
                                 0x46 (size before relaxing)
 .comment       0x00000045        0x0 ./output/obj/stm32f407xxx_exti.o
                                 0x46 (size before relaxing)
 .comment       0x00000045        0x0 ./output/obj/stm32f407xxx_uart.o
                                 0x46 (size before relaxing)

.debug_info     0x00000000     0x20f7
 .debug_info    0x00000000      0x711 ./output/obj/main.o
 .debug_info    0x00000711      0x3bf ./output/obj/stm32f407xxx_it.o
 .debug_info    0x00000ad0      0x24d ./output/obj/stm32f407xxx_nvic.o
 .debug_info    0x00000d1d      0x172 ./output/obj/stm32f407xxx_systick.o
 .debug_info    0x00000e8f      0x164 ./output/obj/stm32f407xx_start_up.o
 .debug_info    0x00000ff3      0x39c ./output/obj/stm32f407xx_gpio.o
 .debug_info    0x0000138f      0x50a ./output/obj/stm32f407xxx_rcc.o
 .debug_info    0x00001899      0x129 ./output/obj/stm32_f407xxx_flash.o
 .debug_info    0x000019c2      0x32b ./output/obj/stm32f407xxx_exti.o
 .debug_info    0x00001ced      0x40a ./output/obj/stm32f407xxx_uart.o

.debug_abbrev   0x00000000      0xc1f
 .debug_abbrev  0x00000000      0x1b8 ./output/obj/main.o
 .debug_abbrev  0x000001b8      0x109 ./output/obj/stm32f407xxx_it.o
 .debug_abbrev  0x000002c1       0xe1 ./output/obj/stm32f407xxx_nvic.o
 .debug_abbrev  0x000003a2      0x12a ./output/obj/stm32f407xxx_systick.o
 .debug_abbrev  0x000004cc       0xda ./output/obj/stm32f407xx_start_up.o
 .debug_abbrev  0x000005a6      0x1b1 ./output/obj/stm32f407xx_gpio.o
 .debug_abbrev  0x00000757      0x1b5 ./output/obj/stm32f407xxx_rcc.o
 .debug_abbrev  0x0000090c       0xa1 ./output/obj/stm32_f407xxx_flash.o
 .debug_abbrev  0x000009ad      0x131 ./output/obj/stm32f407xxx_exti.o
 .debug_abbrev  0x00000ade      0x141 ./output/obj/stm32f407xxx_uart.o

.debug_aranges  0x00000000      0x2c8
 .debug_aranges
                0x00000000       0x38 ./output/obj/main.o
 .debug_aranges
                0x00000038       0x80 ./output/obj/stm32f407xxx_it.o
 .debug_aranges
                0x000000b8       0x40 ./output/obj/stm32f407xxx_nvic.o
 .debug_aranges
                0x000000f8       0x40 ./output/obj/stm32f407xxx_systick.o
 .debug_aranges
                0x00000138       0x28 ./output/obj/stm32f407xx_start_up.o
 .debug_aranges
                0x00000160       0x40 ./output/obj/stm32f407xx_gpio.o
 .debug_aranges
                0x000001a0       0x88 ./output/obj/stm32f407xxx_rcc.o
 .debug_aranges
                0x00000228       0x20 ./output/obj/stm32_f407xxx_flash.o
 .debug_aranges
                0x00000248       0x30 ./output/obj/stm32f407xxx_exti.o
 .debug_aranges
                0x00000278       0x50 ./output/obj/stm32f407xxx_uart.o

.debug_rnglists
                0x00000000      0x216
 .debug_rnglists
                0x00000000       0x26 ./output/obj/main.o
 .debug_rnglists
                0x00000026       0x78 ./output/obj/stm32f407xxx_it.o
 .debug_rnglists
                0x0000009e       0x2b ./output/obj/stm32f407xxx_nvic.o
 .debug_rnglists
                0x000000c9       0x2b ./output/obj/stm32f407xxx_systick.o
 .debug_rnglists
                0x000000f4       0x19 ./output/obj/stm32f407xx_start_up.o
 .debug_rnglists
                0x0000010d       0x2c ./output/obj/stm32f407xx_gpio.o
 .debug_rnglists
                0x00000139       0x63 ./output/obj/stm32f407xxx_rcc.o
 .debug_rnglists
                0x0000019c       0x14 ./output/obj/stm32_f407xxx_flash.o
 .debug_rnglists
                0x000001b0       0x2c ./output/obj/stm32f407xxx_exti.o
 .debug_rnglists
                0x000001dc       0x3a ./output/obj/stm32f407xxx_uart.o

.debug_macro    0x00000000     0x5c61
 .debug_macro   0x00000000       0xb8 ./output/obj/main.o
 .debug_macro   0x000000b8      0xacc ./output/obj/main.o
 .debug_macro   0x00000b84       0x22 ./output/obj/main.o
 .debug_macro   0x00000ba6       0x8e ./output/obj/main.o
 .debug_macro   0x00000c34       0x51 ./output/obj/main.o
 .debug_macro   0x00000c85      0x103 ./output/obj/main.o
 .debug_macro   0x00000d88       0x6a ./output/obj/main.o
 .debug_macro   0x00000df2      0x1df ./output/obj/main.o
 .debug_macro   0x00000fd1      0x26b ./output/obj/main.o
 .debug_macro   0x0000123c      0x27a ./output/obj/main.o
 .debug_macro   0x000014b6      0x7ca ./output/obj/main.o
 .debug_macro   0x00001c80      0xfef ./output/obj/main.o
 .debug_macro   0x00002c6f       0x70 ./output/obj/main.o
 .debug_macro   0x00002cdf      0x4b4 ./output/obj/main.o
 .debug_macro   0x00003193      0x1ca ./output/obj/main.o
 .debug_macro   0x0000335d       0x9d ./output/obj/stm32f407xxx_it.o
 .debug_macro   0x000033fa      0x265 ./output/obj/stm32f407xxx_it.o
 .debug_macro   0x0000365f      0x280 ./output/obj/stm32f407xxx_it.o
 .debug_macro   0x000038df      0x4ae ./output/obj/stm32f407xxx_it.o
 .debug_macro   0x00003d8d       0x82 ./output/obj/stm32f407xxx_nvic.o
 .debug_macro   0x00003e0f       0x81 ./output/obj/stm32f407xxx_systick.o
 .debug_macro   0x00003e90       0x6a ./output/obj/stm32f407xxx_systick.o
 .debug_macro   0x00003efa       0x7b ./output/obj/stm32f407xx_start_up.o
 .debug_macro   0x00003f75       0x93 ./output/obj/stm32f407xx_gpio.o
 .debug_macro   0x00004008      0xfe9 ./output/obj/stm32f407xx_gpio.o
 .debug_macro   0x00004ff1      0x7d0 ./output/obj/stm32f407xx_gpio.o
 .debug_macro   0x000057c1       0x93 ./output/obj/stm32f407xxx_rcc.o
 .debug_macro   0x00005854       0x46 ./output/obj/stm32f407xxx_rcc.o
 .debug_macro   0x0000589a       0x8a ./output/obj/stm32_f407xxx_flash.o
 .debug_macro   0x00005924       0x40 ./output/obj/stm32_f407xxx_flash.o
 .debug_macro   0x00005964       0x9a ./output/obj/stm32f407xxx_exti.o
 .debug_macro   0x000059fe       0x9f ./output/obj/stm32f407xxx_uart.o
 .debug_macro   0x00005a9d      0x1c4 ./output/obj/stm32f407xxx_uart.o

.debug_line     0x00000000     0x22b3
 .debug_line    0x00000000      0x327 ./output/obj/main.o
 .debug_line    0x00000327      0x389 ./output/obj/stm32f407xxx_it.o
 .debug_line    0x000006b0      0x254 ./output/obj/stm32f407xxx_nvic.o
 .debug_line    0x00000904      0x25a ./output/obj/stm32f407xxx_systick.o
 .debug_line    0x00000b5e      0x1c7 ./output/obj/stm32f407xx_start_up.o
 .debug_line    0x00000d25      0x3cd ./output/obj/stm32f407xx_gpio.o
 .debug_line    0x000010f2      0x5ce ./output/obj/stm32f407xxx_rcc.o
 .debug_line    0x000016c0      0x284 ./output/obj/stm32_f407xxx_flash.o
 .debug_line    0x00001944      0x35b ./output/obj/stm32f407xxx_exti.o
 .debug_line    0x00001c9f      0x614 ./output/obj/stm32f407xxx_uart.o

.debug_str      0x00000000     0xec30
 .debug_str     0x00000000     0xec30 ./output/obj/main.o
                               0xe467 (size before relaxing)
 .debug_str     0x0000ec30        0x0 ./output/obj/stm32f407xxx_it.o
                               0x72a1 (size before relaxing)
 .debug_str     0x0000ec30        0x0 ./output/obj/stm32f407xxx_nvic.o
                               0x46bd (size before relaxing)
 .debug_str     0x0000ec30        0x0 ./output/obj/stm32f407xxx_systick.o
                               0x48f9 (size before relaxing)
 .debug_str     0x0000ec30        0x0 ./output/obj/stm32f407xx_start_up.o
                               0x3e48 (size before relaxing)
 .debug_str     0x0000ec30        0x0 ./output/obj/stm32f407xx_gpio.o
                               0xc481 (size before relaxing)
 .debug_str     0x0000ec30        0x0 ./output/obj/stm32f407xxx_rcc.o
                               0x7fe7 (size before relaxing)
 .debug_str     0x0000ec30        0x0 ./output/obj/stm32_f407xxx_flash.o
                               0x572a (size before relaxing)
 .debug_str     0x0000ec30        0x0 ./output/obj/stm32f407xxx_exti.o
                               0x6acb (size before relaxing)
 .debug_str     0x0000ec30        0x0 ./output/obj/stm32f407xxx_uart.o
                               0x84c7 (size before relaxing)

.debug_frame    0x00000000      0x898
 .debug_frame   0x00000000       0x90 ./output/obj/main.o
 .debug_frame   0x00000090      0x18c ./output/obj/stm32f407xxx_it.o
 .debug_frame   0x0000021c       0xd8 ./output/obj/stm32f407xxx_nvic.o
 .debug_frame   0x000002f4       0xb8 ./output/obj/stm32f407xxx_systick.o
 .debug_frame   0x000003ac       0x48 ./output/obj/stm32f407xx_start_up.o
 .debug_frame   0x000003f4       0xd4 ./output/obj/stm32f407xx_gpio.o
 .debug_frame   0x000004c8      0x1f8 ./output/obj/stm32f407xxx_rcc.o
 .debug_frame   0x000006c0       0x38 ./output/obj/stm32_f407xxx_flash.o
 .debug_frame   0x000006f8       0x84 ./output/obj/stm32f407xxx_exti.o
 .debug_frame   0x0000077c      0x11c ./output/obj/stm32f407xxx_uart.o
