Archive member included to satisfy reference by file (symbol)

C:/GCC_Toolchain/bin/../lib/gcc/arm-none-eabi/15.2.1/../../../../arm-none-eabi/lib/thumb/v7e-m/nofp\libc_nano.a(libc_a-exit.o)
                              C:/GCC_Toolchain/bin/../lib/gcc/arm-none-eabi/15.2.1/../../../../arm-none-eabi/lib/thumb/v7e-m/nofp/crt0.o (exit)
C:/GCC_Toolchain/bin/../lib/gcc/arm-none-eabi/15.2.1/../../../../arm-none-eabi/lib/thumb/v7e-m/nofp\libc_nano.a(libc_a-findfp.o)
                              C:/GCC_Toolchain/bin/../lib/gcc/arm-none-eabi/15.2.1/../../../../arm-none-eabi/lib/thumb/v7e-m/nofp\libc_nano.a(libc_a-exit.o) (__stdio_exit_handler)
C:/GCC_Toolchain/bin/../lib/gcc/arm-none-eabi/15.2.1/../../../../arm-none-eabi/lib/thumb/v7e-m/nofp\libc_nano.a(libc_a-fwalk.o)
                              C:/GCC_Toolchain/bin/../lib/gcc/arm-none-eabi/15.2.1/../../../../arm-none-eabi/lib/thumb/v7e-m/nofp\libc_nano.a(libc_a-findfp.o) (_fwalk_sglue)
C:/GCC_Toolchain/bin/../lib/gcc/arm-none-eabi/15.2.1/../../../../arm-none-eabi/lib/thumb/v7e-m/nofp\libc_nano.a(libc_a-stdio.o)
                              C:/GCC_Toolchain/bin/../lib/gcc/arm-none-eabi/15.2.1/../../../../arm-none-eabi/lib/thumb/v7e-m/nofp\libc_nano.a(libc_a-findfp.o) (__sread)
C:/GCC_Toolchain/bin/../lib/gcc/arm-none-eabi/15.2.1/../../../../arm-none-eabi/lib/thumb/v7e-m/nofp\libc_nano.a(libc_a-memset.o)
                              C:/GCC_Toolchain/bin/../lib/gcc/arm-none-eabi/15.2.1/../../../../arm-none-eabi/lib/thumb/v7e-m/nofp/crt0.o (memset)
C:/GCC_Toolchain/bin/../lib/gcc/arm-none-eabi/15.2.1/../../../../arm-none-eabi/lib/thumb/v7e-m/nofp\libc_nano.a(libc_a-closer.o)
                              C:/GCC_Toolchain/bin/../lib/gcc/arm-none-eabi/15.2.1/../../../../arm-none-eabi/lib/thumb/v7e-m/nofp\libc_nano.a(libc_a-stdio.o) (_close_r)
C:/GCC_Toolchain/bin/../lib/gcc/arm-none-eabi/15.2.1/../../../../arm-none-eabi/lib/thumb/v7e-m/nofp\libc_nano.a(libc_a-reent.o)
                              C:/GCC_Toolchain/bin/../lib/gcc/arm-none-eabi/15.2.1/../../../../arm-none-eabi/lib/thumb/v7e-m/nofp\libc_nano.a(libc_a-closer.o) (errno)
C:/GCC_Toolchain/bin/../lib/gcc/arm-none-eabi/15.2.1/../../../../arm-none-eabi/lib/thumb/v7e-m/nofp\libc_nano.a(libc_a-impure.o)
                              C:/GCC_Toolchain/bin/../lib/gcc/arm-none-eabi/15.2.1/../../../../arm-none-eabi/lib/thumb/v7e-m/nofp\libc_nano.a(libc_a-reent.o) (_impure_ptr)
C:/GCC_Toolchain/bin/../lib/gcc/arm-none-eabi/15.2.1/../../../../arm-none-eabi/lib/thumb/v7e-m/nofp\libc_nano.a(libc_a-lseekr.o)
                              C:/GCC_Toolchain/bin/../lib/gcc/arm-none-eabi/15.2.1/../../../../arm-none-eabi/lib/thumb/v7e-m/nofp\libc_nano.a(libc_a-stdio.o) (_lseek_r)
C:/GCC_Toolchain/bin/../lib/gcc/arm-none-eabi/15.2.1/../../../../arm-none-eabi/lib/thumb/v7e-m/nofp\libc_nano.a(libc_a-readr.o)
                              C:/GCC_Toolchain/bin/../lib/gcc/arm-none-eabi/15.2.1/../../../../arm-none-eabi/lib/thumb/v7e-m/nofp\libc_nano.a(libc_a-stdio.o) (_read_r)
C:/GCC_Toolchain/bin/../lib/gcc/arm-none-eabi/15.2.1/../../../../arm-none-eabi/lib/thumb/v7e-m/nofp\libc_nano.a(libc_a-writer.o)
                              C:/GCC_Toolchain/bin/../lib/gcc/arm-none-eabi/15.2.1/../../../../arm-none-eabi/lib/thumb/v7e-m/nofp\libc_nano.a(libc_a-stdio.o) (_write_r)
C:/GCC_Toolchain/bin/../lib/gcc/arm-none-eabi/15.2.1/../../../../arm-none-eabi/lib/thumb/v7e-m/nofp\libc_nano.a(libc_a-init.o)
                              C:/GCC_Toolchain/bin/../lib/gcc/arm-none-eabi/15.2.1/../../../../arm-none-eabi/lib/thumb/v7e-m/nofp/crt0.o (__libc_init_array)
C:/GCC_Toolchain/bin/../lib/gcc/arm-none-eabi/15.2.1/../../../../arm-none-eabi/lib/thumb/v7e-m/nofp\libc_nano.a(libc_a-lock.o)
                              C:/GCC_Toolchain/bin/../lib/gcc/arm-none-eabi/15.2.1/../../../../arm-none-eabi/lib/thumb/v7e-m/nofp\libc_nano.a(libc_a-findfp.o) (__retarget_lock_init_recursive)
C:/GCC_Toolchain/bin/../lib/gcc/arm-none-eabi/15.2.1/../../../../arm-none-eabi/lib/thumb/v7e-m/nofp\libc_nano.a(libc_a-freer.o)
                              C:/GCC_Toolchain/bin/../lib/gcc/arm-none-eabi/15.2.1/../../../../arm-none-eabi/lib/thumb/v7e-m/nofp\libc_nano.a(libc_a-reent.o) (_free_r)
C:/GCC_Toolchain/bin/../lib/gcc/arm-none-eabi/15.2.1/../../../../arm-none-eabi/lib/thumb/v7e-m/nofp\libc_nano.a(libc_a-mallocr.o)
                              C:/GCC_Toolchain/bin/../lib/gcc/arm-none-eabi/15.2.1/../../../../arm-none-eabi/lib/thumb/v7e-m/nofp\libc_nano.a(libc_a-findfp.o) (_malloc_r)
C:/GCC_Toolchain/bin/../lib/gcc/arm-none-eabi/15.2.1/../../../../arm-none-eabi/lib/thumb/v7e-m/nofp\libc_nano.a(libc_a-mlock.o)
                              C:/GCC_Toolchain/bin/../lib/gcc/arm-none-eabi/15.2.1/../../../../arm-none-eabi/lib/thumb/v7e-m/nofp\libc_nano.a(libc_a-freer.o) (__malloc_lock)
C:/GCC_Toolchain/bin/../lib/gcc/arm-none-eabi/15.2.1/../../../../arm-none-eabi/lib/thumb/v7e-m/nofp\libc_nano.a(libc_a-fflush.o)
                              C:/GCC_Toolchain/bin/../lib/gcc/arm-none-eabi/15.2.1/../../../../arm-none-eabi/lib/thumb/v7e-m/nofp\libc_nano.a(libc_a-findfp.o) (_fflush_r)
C:/GCC_Toolchain/bin/../lib/gcc/arm-none-eabi/15.2.1/../../../../arm-none-eabi/lib/thumb/v7e-m/nofp\libc_nano.a(libc_a-sbrkr.o)
                              C:/GCC_Toolchain/bin/../lib/gcc/arm-none-eabi/15.2.1/../../../../arm-none-eabi/lib/thumb/v7e-m/nofp\libc_nano.a(libc_a-mallocr.o) (_sbrk_r)
C:/GCC_Toolchain/bin/../lib/gcc/arm-none-eabi/15.2.1/../../../../arm-none-eabi/lib/thumb/v7e-m/nofp\libnosys.a(close.o)
                              C:/GCC_Toolchain/bin/../lib/gcc/arm-none-eabi/15.2.1/../../../../arm-none-eabi/lib/thumb/v7e-m/nofp\libc_nano.a(libc_a-closer.o) (_close)
C:/GCC_Toolchain/bin/../lib/gcc/arm-none-eabi/15.2.1/../../../../arm-none-eabi/lib/thumb/v7e-m/nofp\libnosys.a(lseek.o)
                              C:/GCC_Toolchain/bin/../lib/gcc/arm-none-eabi/15.2.1/../../../../arm-none-eabi/lib/thumb/v7e-m/nofp\libc_nano.a(libc_a-lseekr.o) (_lseek)
C:/GCC_Toolchain/bin/../lib/gcc/arm-none-eabi/15.2.1/../../../../arm-none-eabi/lib/thumb/v7e-m/nofp\libnosys.a(read.o)
                              C:/GCC_Toolchain/bin/../lib/gcc/arm-none-eabi/15.2.1/../../../../arm-none-eabi/lib/thumb/v7e-m/nofp\libc_nano.a(libc_a-readr.o) (_read)
C:/GCC_Toolchain/bin/../lib/gcc/arm-none-eabi/15.2.1/../../../../arm-none-eabi/lib/thumb/v7e-m/nofp\libnosys.a(sbrk.o)
                              C:/GCC_Toolchain/bin/../lib/gcc/arm-none-eabi/15.2.1/../../../../arm-none-eabi/lib/thumb/v7e-m/nofp\libc_nano.a(libc_a-sbrkr.o) (_sbrk)
C:/GCC_Toolchain/bin/../lib/gcc/arm-none-eabi/15.2.1/../../../../arm-none-eabi/lib/thumb/v7e-m/nofp\libnosys.a(write.o)
                              C:/GCC_Toolchain/bin/../lib/gcc/arm-none-eabi/15.2.1/../../../../arm-none-eabi/lib/thumb/v7e-m/nofp\libc_nano.a(libc_a-writer.o) (_write)
C:/GCC_Toolchain/bin/../lib/gcc/arm-none-eabi/15.2.1/../../../../arm-none-eabi/lib/thumb/v7e-m/nofp\libnosys.a(_exit.o)
                              C:/GCC_Toolchain/bin/../lib/gcc/arm-none-eabi/15.2.1/../../../../arm-none-eabi/lib/thumb/v7e-m/nofp\libc_nano.a(libc_a-exit.o) (_exit)

Discarded input sections

 .text          0x00000000        0x0 C:/GCC_Toolchain/bin/../lib/gcc/arm-none-eabi/15.2.1/thumb/v7e-m/nofp/crti.o
 .data          0x00000000        0x0 C:/GCC_Toolchain/bin/../lib/gcc/arm-none-eabi/15.2.1/thumb/v7e-m/nofp/crti.o
 .bss           0x00000000        0x0 C:/GCC_Toolchain/bin/../lib/gcc/arm-none-eabi/15.2.1/thumb/v7e-m/nofp/crti.o
 .text          0x00000000        0x0 C:/GCC_Toolchain/bin/../lib/gcc/arm-none-eabi/15.2.1/thumb/v7e-m/nofp/crtbegin.o
 .data          0x00000000        0x0 C:/GCC_Toolchain/bin/../lib/gcc/arm-none-eabi/15.2.1/thumb/v7e-m/nofp/crtbegin.o
 .bss           0x00000000        0x0 C:/GCC_Toolchain/bin/../lib/gcc/arm-none-eabi/15.2.1/thumb/v7e-m/nofp/crtbegin.o
 .rodata.all_implied_fbits
                0x00000000       0x24 C:/GCC_Toolchain/bin/../lib/gcc/arm-none-eabi/15.2.1/thumb/v7e-m/nofp/crtbegin.o
 .init_array    0x00000000        0x4 C:/GCC_Toolchain/bin/../lib/gcc/arm-none-eabi/15.2.1/thumb/v7e-m/nofp/crtbegin.o
 .fini_array    0x00000000        0x4 C:/GCC_Toolchain/bin/../lib/gcc/arm-none-eabi/15.2.1/thumb/v7e-m/nofp/crtbegin.o
 .eh_frame      0x00000000        0x0 C:/GCC_Toolchain/bin/../lib/gcc/arm-none-eabi/15.2.1/thumb/v7e-m/nofp/crtbegin.o
 .tm_clone_table
                0x00000000        0x0 C:/GCC_Toolchain/bin/../lib/gcc/arm-none-eabi/15.2.1/thumb/v7e-m/nofp/crtbegin.o
 .text.deregister_tm_clones
                0x00000000       0x1c C:/GCC_Toolchain/bin/../lib/gcc/arm-none-eabi/15.2.1/thumb/v7e-m/nofp/crtbegin.o
 .text.register_tm_clones
                0x00000000       0x24 C:/GCC_Toolchain/bin/../lib/gcc/arm-none-eabi/15.2.1/thumb/v7e-m/nofp/crtbegin.o
 .data.__dso_handle
                0x00000000        0x4 C:/GCC_Toolchain/bin/../lib/gcc/arm-none-eabi/15.2.1/thumb/v7e-m/nofp/crtbegin.o
 .text.__do_global_dtors_aux
                0x00000000       0x28 C:/GCC_Toolchain/bin/../lib/gcc/arm-none-eabi/15.2.1/thumb/v7e-m/nofp/crtbegin.o
 .text.frame_dummy
                0x00000000       0x24 C:/GCC_Toolchain/bin/../lib/gcc/arm-none-eabi/15.2.1/thumb/v7e-m/nofp/crtbegin.o
 .bss.completed.1
                0x00000000        0x1 C:/GCC_Toolchain/bin/../lib/gcc/arm-none-eabi/15.2.1/thumb/v7e-m/nofp/crtbegin.o
 .bss.object.0  0x00000000       0x18 C:/GCC_Toolchain/bin/../lib/gcc/arm-none-eabi/15.2.1/thumb/v7e-m/nofp/crtbegin.o
 .ARM.attributes
                0x00000000       0x2e C:/GCC_Toolchain/bin/../lib/gcc/arm-none-eabi/15.2.1/thumb/v7e-m/nofp/crtbegin.o
 .text          0x00000000       0x7c C:/GCC_Toolchain/bin/../lib/gcc/arm-none-eabi/15.2.1/../../../../arm-none-eabi/lib/thumb/v7e-m/nofp/crt0.o
 .data          0x00000000        0x0 C:/GCC_Toolchain/bin/../lib/gcc/arm-none-eabi/15.2.1/../../../../arm-none-eabi/lib/thumb/v7e-m/nofp/crt0.o
 .bss           0x00000000        0x0 C:/GCC_Toolchain/bin/../lib/gcc/arm-none-eabi/15.2.1/../../../../arm-none-eabi/lib/thumb/v7e-m/nofp/crt0.o
 .ARM.extab     0x00000000        0x0 C:/GCC_Toolchain/bin/../lib/gcc/arm-none-eabi/15.2.1/../../../../arm-none-eabi/lib/thumb/v7e-m/nofp/crt0.o
 .ARM.exidx     0x00000000       0x10 C:/GCC_Toolchain/bin/../lib/gcc/arm-none-eabi/15.2.1/../../../../arm-none-eabi/lib/thumb/v7e-m/nofp/crt0.o
 .debug_line_str
                0x00000000       0xd3 C:/GCC_Toolchain/bin/../lib/gcc/arm-none-eabi/15.2.1/../../../../arm-none-eabi/lib/thumb/v7e-m/nofp/crt0.o
 .ARM.attributes
                0x00000000       0x1c C:/GCC_Toolchain/bin/../lib/gcc/arm-none-eabi/15.2.1/../../../../arm-none-eabi/lib/thumb/v7e-m/nofp/crt0.o
 .group         0x00000000        0xc ./output/obj/main.o
 .group         0x00000000        0xc ./output/obj/main.o
 .group         0x00000000        0xc ./output/obj/main.o
 .group         0x00000000        0xc ./output/obj/main.o
 .group         0x00000000        0xc ./output/obj/main.o
 .group         0x00000000        0xc ./output/obj/main.o
 .group         0x00000000        0xc ./output/obj/main.o
 .group         0x00000000        0xc ./output/obj/main.o
 .group         0x00000000        0xc ./output/obj/main.o
 .group         0x00000000        0xc ./output/obj/main.o
 .group         0x00000000        0xc ./output/obj/main.o
 .group         0x00000000        0xc ./output/obj/main.o
 .group         0x00000000        0xc ./output/obj/main.o
 .group         0x00000000        0xc ./output/obj/main.o
 .group         0x00000000        0xc ./output/obj/main.o
 .text          0x00000000        0x0 ./output/obj/main.o
 .data          0x00000000        0x0 ./output/obj/main.o
 .bss           0x00000000        0x0 ./output/obj/main.o
 .bss.mailbox_status
                0x00000000        0x1 ./output/obj/main.o
 .group         0x00000000        0xc ./output/obj/stm32f407xxx_it.o
 .group         0x00000000        0xc ./output/obj/stm32f407xxx_it.o
 .group         0x00000000        0xc ./output/obj/stm32f407xxx_it.o
 .group         0x00000000        0xc ./output/obj/stm32f407xxx_it.o
 .group         0x00000000        0xc ./output/obj/stm32f407xxx_it.o
 .group         0x00000000        0xc ./output/obj/stm32f407xxx_it.o
 .group         0x00000000        0xc ./output/obj/stm32f407xxx_it.o
 .group         0x00000000        0xc ./output/obj/stm32f407xxx_it.o
 .group         0x00000000        0xc ./output/obj/stm32f407xxx_it.o
 .group         0x00000000        0xc ./output/obj/stm32f407xxx_it.o
 .group         0x00000000        0xc ./output/obj/stm32f407xxx_it.o
 .text          0x00000000        0x0 ./output/obj/stm32f407xxx_it.o
 .data          0x00000000        0x0 ./output/obj/stm32f407xxx_it.o
 .bss           0x00000000        0x0 ./output/obj/stm32f407xxx_it.o
 .debug_macro   0x00000000      0xacc ./output/obj/stm32f407xxx_it.o
 .debug_macro   0x00000000       0x22 ./output/obj/stm32f407xxx_it.o
 .debug_macro   0x00000000       0x8e ./output/obj/stm32f407xxx_it.o
 .debug_macro   0x00000000       0x51 ./output/obj/stm32f407xxx_it.o
 .debug_macro   0x00000000      0x103 ./output/obj/stm32f407xxx_it.o
 .debug_macro   0x00000000       0x6a ./output/obj/stm32f407xxx_it.o
 .debug_macro   0x00000000      0x1df ./output/obj/stm32f407xxx_it.o
 .debug_macro   0x00000000      0x1ca ./output/obj/stm32f407xxx_it.o
 .group         0x00000000        0xc ./output/obj/stm32f407xxx_nvic.o
 .group         0x00000000        0xc ./output/obj/stm32f407xxx_nvic.o
 .group         0x00000000        0xc ./output/obj/stm32f407xxx_nvic.o
 .group         0x00000000        0xc ./output/obj/stm32f407xxx_nvic.o
 .group         0x00000000        0xc ./output/obj/stm32f407xxx_nvic.o
 .group         0x00000000        0xc ./output/obj/stm32f407xxx_nvic.o
 .group         0x00000000        0xc ./output/obj/stm32f407xxx_nvic.o
 .group         0x00000000        0xc ./output/obj/stm32f407xxx_nvic.o
 .text          0x00000000        0x0 ./output/obj/stm32f407xxx_nvic.o
 .data          0x00000000        0x0 ./output/obj/stm32f407xxx_nvic.o
 .bss           0x00000000        0x0 ./output/obj/stm32f407xxx_nvic.o
 .text.NVIC_DisableIRQ
                0x00000000       0x44 ./output/obj/stm32f407xxx_nvic.o
 .text.NVIC_SetPendingIRQ
                0x00000000       0x44 ./output/obj/stm32f407xxx_nvic.o
 .text.NVIC_SetPriority
                0x00000000       0x30 ./output/obj/stm32f407xxx_nvic.o
 .debug_macro   0x00000000      0xacc ./output/obj/stm32f407xxx_nvic.o
 .debug_macro   0x00000000       0x22 ./output/obj/stm32f407xxx_nvic.o
 .debug_macro   0x00000000       0x8e ./output/obj/stm32f407xxx_nvic.o
 .debug_macro   0x00000000       0x51 ./output/obj/stm32f407xxx_nvic.o
 .debug_macro   0x00000000      0x103 ./output/obj/stm32f407xxx_nvic.o
 .debug_macro   0x00000000       0x6a ./output/obj/stm32f407xxx_nvic.o
 .debug_macro   0x00000000      0x1df ./output/obj/stm32f407xxx_nvic.o
 .debug_macro   0x00000000      0x265 ./output/obj/stm32f407xxx_nvic.o
 .group         0x00000000        0xc ./output/obj/stm32f407xxx_systick.o
 .group         0x00000000        0xc ./output/obj/stm32f407xxx_systick.o
 .group         0x00000000        0xc ./output/obj/stm32f407xxx_systick.o
 .group         0x00000000        0xc ./output/obj/stm32f407xxx_systick.o
 .group         0x00000000        0xc ./output/obj/stm32f407xxx_systick.o
 .group         0x00000000        0xc ./output/obj/stm32f407xxx_systick.o
 .group         0x00000000        0xc ./output/obj/stm32f407xxx_systick.o
 .group         0x00000000        0xc ./output/obj/stm32f407xxx_systick.o
 .group         0x00000000        0xc ./output/obj/stm32f407xxx_systick.o
 .text          0x00000000        0x0 ./output/obj/stm32f407xxx_systick.o
 .data          0x00000000        0x0 ./output/obj/stm32f407xxx_systick.o
 .bss           0x00000000        0x0 ./output/obj/stm32f407xxx_systick.o
 .debug_macro   0x00000000      0xacc ./output/obj/stm32f407xxx_systick.o
 .debug_macro   0x00000000       0x22 ./output/obj/stm32f407xxx_systick.o
 .debug_macro   0x00000000       0x8e ./output/obj/stm32f407xxx_systick.o
 .debug_macro   0x00000000       0x51 ./output/obj/stm32f407xxx_systick.o
 .debug_macro   0x00000000      0x103 ./output/obj/stm32f407xxx_systick.o
 .debug_macro   0x00000000       0x6a ./output/obj/stm32f407xxx_systick.o
 .debug_macro   0x00000000      0x1df ./output/obj/stm32f407xxx_systick.o
 .debug_macro   0x00000000      0x265 ./output/obj/stm32f407xxx_systick.o
 .group         0x00000000        0xc ./output/obj/stm32f407xx_start_up.o
 .group         0x00000000        0xc ./output/obj/stm32f407xx_start_up.o
 .group         0x00000000        0xc ./output/obj/stm32f407xx_start_up.o
 .group         0x00000000        0xc ./output/obj/stm32f407xx_start_up.o
 .group         0x00000000        0xc ./output/obj/stm32f407xx_start_up.o
 .group         0x00000000        0xc ./output/obj/stm32f407xx_start_up.o
 .group         0x00000000        0xc ./output/obj/stm32f407xx_start_up.o
 .text          0x00000000        0x0 ./output/obj/stm32f407xx_start_up.o
 .data          0x00000000        0x0 ./output/obj/stm32f407xx_start_up.o
 .bss           0x00000000        0x0 ./output/obj/stm32f407xx_start_up.o
 .debug_macro   0x00000000      0xacc ./output/obj/stm32f407xx_start_up.o
 .debug_macro   0x00000000       0x22 ./output/obj/stm32f407xx_start_up.o
 .debug_macro   0x00000000       0x8e ./output/obj/stm32f407xx_start_up.o
 .debug_macro   0x00000000       0x51 ./output/obj/stm32f407xx_start_up.o
 .debug_macro   0x00000000      0x103 ./output/obj/stm32f407xx_start_up.o
 .debug_macro   0x00000000       0x6a ./output/obj/stm32f407xx_start_up.o
 .debug_macro   0x00000000      0x1df ./output/obj/stm32f407xx_start_up.o
 .group         0x00000000        0xc ./output/obj/stm32f407xx_gpio.o
 .group         0x00000000        0xc ./output/obj/stm32f407xx_gpio.o
 .group         0x00000000        0xc ./output/obj/stm32f407xx_gpio.o
 .group         0x00000000        0xc ./output/obj/stm32f407xx_gpio.o
 .group         0x00000000        0xc ./output/obj/stm32f407xx_gpio.o
 .group         0x00000000        0xc ./output/obj/stm32f407xx_gpio.o
 .group         0x00000000        0xc ./output/obj/stm32f407xx_gpio.o
 .group         0x00000000        0xc ./output/obj/stm32f407xx_gpio.o
 .group         0x00000000        0xc ./output/obj/stm32f407xx_gpio.o
 .group         0x00000000        0xc ./output/obj/stm32f407xx_gpio.o
 .group         0x00000000        0xc ./output/obj/stm32f407xx_gpio.o
 .text          0x00000000        0x0 ./output/obj/stm32f407xx_gpio.o
 .data          0x00000000        0x0 ./output/obj/stm32f407xx_gpio.o
 .bss           0x00000000        0x0 ./output/obj/stm32f407xx_gpio.o
 .text.GPIO_ReadPin
                0x00000000       0x28 ./output/obj/stm32f407xx_gpio.o
 .text.GPIO_WritePin
                0x00000000       0x30 ./output/obj/stm32f407xx_gpio.o
 .debug_macro   0x00000000      0xacc ./output/obj/stm32f407xx_gpio.o
 .debug_macro   0x00000000       0x22 ./output/obj/stm32f407xx_gpio.o
 .debug_macro   0x00000000       0x8e ./output/obj/stm32f407xx_gpio.o
 .debug_macro   0x00000000       0x51 ./output/obj/stm32f407xx_gpio.o
 .debug_macro   0x00000000      0x103 ./output/obj/stm32f407xx_gpio.o
 .debug_macro   0x00000000       0x6a ./output/obj/stm32f407xx_gpio.o
 .debug_macro   0x00000000      0x1df ./output/obj/stm32f407xx_gpio.o
 .debug_macro   0x00000000      0x26b ./output/obj/stm32f407xx_gpio.o
 .debug_macro   0x00000000      0x288 ./output/obj/stm32f407xx_gpio.o
 .group         0x00000000        0xc ./output/obj/stm32f407xxx_rcc.o
 .group         0x00000000        0xc ./output/obj/stm32f407xxx_rcc.o
 .group         0x00000000        0xc ./output/obj/stm32f407xxx_rcc.o
 .group         0x00000000        0xc ./output/obj/stm32f407xxx_rcc.o
 .group         0x00000000        0xc ./output/obj/stm32f407xxx_rcc.o
 .group         0x00000000        0xc ./output/obj/stm32f407xxx_rcc.o
 .group         0x00000000        0xc ./output/obj/stm32f407xxx_rcc.o
 .group         0x00000000        0xc ./output/obj/stm32f407xxx_rcc.o
 .group         0x00000000        0xc ./output/obj/stm32f407xxx_rcc.o
 .group         0x00000000        0xc ./output/obj/stm32f407xxx_rcc.o
 .group         0x00000000        0xc ./output/obj/stm32f407xxx_rcc.o
 .text          0x00000000        0x0 ./output/obj/stm32f407xxx_rcc.o
 .data          0x00000000        0x0 ./output/obj/stm32f407xxx_rcc.o
 .bss           0x00000000        0x0 ./output/obj/stm32f407xxx_rcc.o
 .text.RCC_DisableHSI
                0x00000000       0x2c ./output/obj/stm32f407xxx_rcc.o
 .text.RCC_DisableHSE
                0x00000000       0x2c ./output/obj/stm32f407xxx_rcc.o
 .text.RCC_SetSystemClockTo84MHz
                0x00000000       0x42 ./output/obj/stm32f407xxx_rcc.o
 .debug_macro   0x00000000      0xacc ./output/obj/stm32f407xxx_rcc.o
 .debug_macro   0x00000000       0x22 ./output/obj/stm32f407xxx_rcc.o
 .debug_macro   0x00000000       0x8e ./output/obj/stm32f407xxx_rcc.o
 .debug_macro   0x00000000       0x51 ./output/obj/stm32f407xxx_rcc.o
 .debug_macro   0x00000000      0x103 ./output/obj/stm32f407xxx_rcc.o
 .debug_macro   0x00000000       0x6a ./output/obj/stm32f407xxx_rcc.o
 .debug_macro   0x00000000      0x1df ./output/obj/stm32f407xxx_rcc.o
 .debug_macro   0x00000000      0x26b ./output/obj/stm32f407xxx_rcc.o
 .debug_macro   0x00000000      0x288 ./output/obj/stm32f407xxx_rcc.o
 .debug_macro   0x00000000      0x7ca ./output/obj/stm32f407xxx_rcc.o
 .group         0x00000000        0xc ./output/obj/stm32_f407xxx_flash.o
 .group         0x00000000        0xc ./output/obj/stm32_f407xxx_flash.o
 .group         0x00000000        0xc ./output/obj/stm32_f407xxx_flash.o
 .group         0x00000000        0xc ./output/obj/stm32_f407xxx_flash.o
 .group         0x00000000        0xc ./output/obj/stm32_f407xxx_flash.o
 .group         0x00000000        0xc ./output/obj/stm32_f407xxx_flash.o
 .group         0x00000000        0xc ./output/obj/stm32_f407xxx_flash.o
 .group         0x00000000        0xc ./output/obj/stm32_f407xxx_flash.o
 .group         0x00000000        0xc ./output/obj/stm32_f407xxx_flash.o
 .group         0x00000000        0xc ./output/obj/stm32_f407xxx_flash.o
 .text          0x00000000        0x0 ./output/obj/stm32_f407xxx_flash.o
 .data          0x00000000        0x0 ./output/obj/stm32_f407xxx_flash.o
 .bss           0x00000000        0x0 ./output/obj/stm32_f407xxx_flash.o
 .debug_macro   0x00000000      0xacc ./output/obj/stm32_f407xxx_flash.o
 .debug_macro   0x00000000       0x22 ./output/obj/stm32_f407xxx_flash.o
 .debug_macro   0x00000000       0x8e ./output/obj/stm32_f407xxx_flash.o
 .debug_macro   0x00000000       0x51 ./output/obj/stm32_f407xxx_flash.o
 .debug_macro   0x00000000      0x103 ./output/obj/stm32_f407xxx_flash.o
 .debug_macro   0x00000000       0x6a ./output/obj/stm32_f407xxx_flash.o
 .debug_macro   0x00000000      0x1df ./output/obj/stm32_f407xxx_flash.o
 .debug_macro   0x00000000      0x26b ./output/obj/stm32_f407xxx_flash.o
 .debug_macro   0x00000000      0x288 ./output/obj/stm32_f407xxx_flash.o
 .group         0x00000000        0xc ./output/obj/stm32f407xxx_exti.o
 .group         0x00000000        0xc ./output/obj/stm32f407xxx_exti.o
 .group         0x00000000        0xc ./output/obj/stm32f407xxx_exti.o
 .group         0x00000000        0xc ./output/obj/stm32f407xxx_exti.o
 .group         0x00000000        0xc ./output/obj/stm32f407xxx_exti.o
 .group         0x00000000        0xc ./output/obj/stm32f407xxx_exti.o
 .group         0x00000000        0xc ./output/obj/stm32f407xxx_exti.o
 .group         0x00000000        0xc ./output/obj/stm32f407xxx_exti.o
 .group         0x00000000        0xc ./output/obj/stm32f407xxx_exti.o
 .group         0x00000000        0xc ./output/obj/stm32f407xxx_exti.o
 .text          0x00000000        0x0 ./output/obj/stm32f407xxx_exti.o
 .data          0x00000000        0x0 ./output/obj/stm32f407xxx_exti.o
 .bss           0x00000000        0x0 ./output/obj/stm32f407xxx_exti.o
 .debug_macro   0x00000000      0xacc ./output/obj/stm32f407xxx_exti.o
 .debug_macro   0x00000000       0x22 ./output/obj/stm32f407xxx_exti.o
 .debug_macro   0x00000000       0x8e ./output/obj/stm32f407xxx_exti.o
 .debug_macro   0x00000000       0x51 ./output/obj/stm32f407xxx_exti.o
 .debug_macro   0x00000000      0x103 ./output/obj/stm32f407xxx_exti.o
 .debug_macro   0x00000000       0x6a ./output/obj/stm32f407xxx_exti.o
 .debug_macro   0x00000000      0x1df ./output/obj/stm32f407xxx_exti.o
 .debug_macro   0x00000000      0x26b ./output/obj/stm32f407xxx_exti.o
 .debug_macro   0x00000000      0x288 ./output/obj/stm32f407xxx_exti.o
 .debug_macro   0x00000000      0x4ae ./output/obj/stm32f407xxx_exti.o
 .group         0x00000000        0xc ./output/obj/stm32f407xxx_uart.o
 .group         0x00000000        0xc ./output/obj/stm32f407xxx_uart.o
 .group         0x00000000        0xc ./output/obj/stm32f407xxx_uart.o
 .group         0x00000000        0xc ./output/obj/stm32f407xxx_uart.o
 .group         0x00000000        0xc ./output/obj/stm32f407xxx_uart.o
 .group         0x00000000        0xc ./output/obj/stm32f407xxx_uart.o
 .group         0x00000000        0xc ./output/obj/stm32f407xxx_uart.o
 .group         0x00000000        0xc ./output/obj/stm32f407xxx_uart.o
 .group         0x00000000        0xc ./output/obj/stm32f407xxx_uart.o
 .group         0x00000000        0xc ./output/obj/stm32f407xxx_uart.o
 .group         0x00000000        0xc ./output/obj/stm32f407xxx_uart.o
 .text          0x00000000        0x0 ./output/obj/stm32f407xxx_uart.o
 .data          0x00000000        0x0 ./output/obj/stm32f407xxx_uart.o
 .bss           0x00000000        0x0 ./output/obj/stm32f407xxx_uart.o
 .text.USART_Transmit_Polling
                0x00000000       0x5a ./output/obj/stm32f407xxx_uart.o
 .text.USART_Receive_Polling
                0x00000000       0x4c ./output/obj/stm32f407xxx_uart.o
 .debug_macro   0x00000000      0xacc ./output/obj/stm32f407xxx_uart.o
 .debug_macro   0x00000000       0x22 ./output/obj/stm32f407xxx_uart.o
 .debug_macro   0x00000000       0x8e ./output/obj/stm32f407xxx_uart.o
 .debug_macro   0x00000000       0x51 ./output/obj/stm32f407xxx_uart.o
 .debug_macro   0x00000000      0x103 ./output/obj/stm32f407xxx_uart.o
 .debug_macro   0x00000000       0x6a ./output/obj/stm32f407xxx_uart.o
 .debug_macro   0x00000000      0x1df ./output/obj/stm32f407xxx_uart.o
 .debug_macro   0x00000000      0x26b ./output/obj/stm32f407xxx_uart.o
 .debug_macro   0x00000000      0x288 ./output/obj/stm32f407xxx_uart.o
 .debug_macro   0x00000000      0x7d0 ./output/obj/stm32f407xxx_uart.o
 .group         0x00000000        0xc ./output/obj/stm32f407xxx_can.o
 .group         0x00000000        0xc ./output/obj/stm32f407xxx_can.o
 .group         0x00000000        0xc ./output/obj/stm32f407xxx_can.o
 .group         0x00000000        0xc ./output/obj/stm32f407xxx_can.o
 .group         0x00000000        0xc ./output/obj/stm32f407xxx_can.o
 .group         0x00000000        0xc ./output/obj/stm32f407xxx_can.o
 .group         0x00000000        0xc ./output/obj/stm32f407xxx_can.o
 .group         0x00000000        0xc ./output/obj/stm32f407xxx_can.o
 .group         0x00000000        0xc ./output/obj/stm32f407xxx_can.o
 .group         0x00000000        0xc ./output/obj/stm32f407xxx_can.o
 .group         0x00000000        0xc ./output/obj/stm32f407xxx_can.o
 .text          0x00000000        0x0 ./output/obj/stm32f407xxx_can.o
 .data          0x00000000        0x0 ./output/obj/stm32f407xxx_can.o
 .bss           0x00000000        0x0 ./output/obj/stm32f407xxx_can.o
 .text.CAN_Stop
                0x00000000       0x90 ./output/obj/stm32f407xxx_can.o
 .text.CAN_RequestSleep
                0x00000000       0x90 ./output/obj/stm32f407xxx_can.o
 .text.CAN_WakeUp
                0x00000000       0xaa ./output/obj/stm32f407xxx_can.o
 .text.CAN_Receive_FIFO0_Status
                0x00000000       0x26 ./output/obj/stm32f407xxx_can.o
 .text.CAN_Receive_FIFO1_Status
                0x00000000       0x26 ./output/obj/stm32f407xxx_can.o
 .text.CAN_Get_RxMessage
                0x00000000      0x250 ./output/obj/stm32f407xxx_can.o
 .debug_macro   0x00000000      0xacc ./output/obj/stm32f407xxx_can.o
 .debug_macro   0x00000000       0x22 ./output/obj/stm32f407xxx_can.o
 .debug_macro   0x00000000       0x8e ./output/obj/stm32f407xxx_can.o
 .debug_macro   0x00000000       0x51 ./output/obj/stm32f407xxx_can.o
 .debug_macro   0x00000000      0x103 ./output/obj/stm32f407xxx_can.o
 .debug_macro   0x00000000       0x6a ./output/obj/stm32f407xxx_can.o
 .debug_macro   0x00000000      0x1df ./output/obj/stm32f407xxx_can.o
 .debug_macro   0x00000000      0x26b ./output/obj/stm32f407xxx_can.o
 .debug_macro   0x00000000      0x288 ./output/obj/stm32f407xxx_can.o
 .debug_macro   0x00000000       0x70 ./output/obj/stm32f407xxx_can.o
 .text          0x00000000        0x0 C:/GCC_Toolchain/bin/../lib/gcc/arm-none-eabi/15.2.1/../../../../arm-none-eabi/lib/thumb/v7e-m/nofp\libc_nano.a(libc_a-exit.o)
 .data          0x00000000        0x0 C:/GCC_Toolchain/bin/../lib/gcc/arm-none-eabi/15.2.1/../../../../arm-none-eabi/lib/thumb/v7e-m/nofp\libc_nano.a(libc_a-exit.o)
 .bss           0x00000000        0x0 C:/GCC_Toolchain/bin/../lib/gcc/arm-none-eabi/15.2.1/../../../../arm-none-eabi/lib/thumb/v7e-m/nofp\libc_nano.a(libc_a-exit.o)
 .text.exit     0x00000000       0x24 C:/GCC_Toolchain/bin/../lib/gcc/arm-none-eabi/15.2.1/../../../../arm-none-eabi/lib/thumb/v7e-m/nofp\libc_nano.a(libc_a-exit.o)
 .debug_frame   0x00000000       0x28 C:/GCC_Toolchain/bin/../lib/gcc/arm-none-eabi/15.2.1/../../../../arm-none-eabi/lib/thumb/v7e-m/nofp\libc_nano.a(libc_a-exit.o)
 .ARM.attributes
                0x00000000       0x2e C:/GCC_Toolchain/bin/../lib/gcc/arm-none-eabi/15.2.1/../../../../arm-none-eabi/lib/thumb/v7e-m/nofp\libc_nano.a(libc_a-exit.o)
 .text          0x00000000        0x0 C:/GCC_Toolchain/bin/../lib/gcc/arm-none-eabi/15.2.1/../../../../arm-none-eabi/lib/thumb/v7e-m/nofp\libc_nano.a(libc_a-findfp.o)
 .data          0x00000000        0x0 C:/GCC_Toolchain/bin/../lib/gcc/arm-none-eabi/15.2.1/../../../../arm-none-eabi/lib/thumb/v7e-m/nofp\libc_nano.a(libc_a-findfp.o)
 .bss           0x00000000        0x0 C:/GCC_Toolchain/bin/../lib/gcc/arm-none-eabi/15.2.1/../../../../arm-none-eabi/lib/thumb/v7e-m/nofp\libc_nano.a(libc_a-findfp.o)
 .text.std      0x00000000       0x6c C:/GCC_Toolchain/bin/../lib/gcc/arm-none-eabi/15.2.1/../../../../arm-none-eabi/lib/thumb/v7e-m/nofp\libc_nano.a(libc_a-findfp.o)
 .text.stdio_exit_handler
                0x00000000       0x18 C:/GCC_Toolchain/bin/../lib/gcc/arm-none-eabi/15.2.1/../../../../arm-none-eabi/lib/thumb/v7e-m/nofp\libc_nano.a(libc_a-findfp.o)
 .text.cleanup_stdio
                0x00000000       0x40 C:/GCC_Toolchain/bin/../lib/gcc/arm-none-eabi/15.2.1/../../../../arm-none-eabi/lib/thumb/v7e-m/nofp\libc_nano.a(libc_a-findfp.o)
 .text.__fp_lock
                0x00000000       0x18 C:/GCC_Toolchain/bin/../lib/gcc/arm-none-eabi/15.2.1/../../../../arm-none-eabi/lib/thumb/v7e-m/nofp\libc_nano.a(libc_a-findfp.o)
 .text.__fp_unlock
                0x00000000       0x18 C:/GCC_Toolchain/bin/../lib/gcc/arm-none-eabi/15.2.1/../../../../arm-none-eabi/lib/thumb/v7e-m/nofp\libc_nano.a(libc_a-findfp.o)
 .text.global_stdio_init.part.0
                0x00000000       0x40 C:/GCC_Toolchain/bin/../lib/gcc/arm-none-eabi/15.2.1/../../../../arm-none-eabi/lib/thumb/v7e-m/nofp\libc_nano.a(libc_a-findfp.o)
 .text.__sfp_lock_acquire
                0x00000000        0xc C:/GCC_Toolchain/bin/../lib/gcc/arm-none-eabi/15.2.1/../../../../arm-none-eabi/lib/thumb/v7e-m/nofp\libc_nano.a(libc_a-findfp.o)
 .text.__sfp_lock_release
                0x00000000        0xc C:/GCC_Toolchain/bin/../lib/gcc/arm-none-eabi/15.2.1/../../../../arm-none-eabi/lib/thumb/v7e-m/nofp\libc_nano.a(libc_a-findfp.o)
 .text.__sfp    0x00000000       0xa4 C:/GCC_Toolchain/bin/../lib/gcc/arm-none-eabi/15.2.1/../../../../arm-none-eabi/lib/thumb/v7e-m/nofp\libc_nano.a(libc_a-findfp.o)
 .text.__sinit  0x00000000       0x30 C:/GCC_Toolchain/bin/../lib/gcc/arm-none-eabi/15.2.1/../../../../arm-none-eabi/lib/thumb/v7e-m/nofp\libc_nano.a(libc_a-findfp.o)
 .text.__fp_lock_all
                0x00000000       0x1c C:/GCC_Toolchain/bin/../lib/gcc/arm-none-eabi/15.2.1/../../../../arm-none-eabi/lib/thumb/v7e-m/nofp\libc_nano.a(libc_a-findfp.o)
 .text.__fp_unlock_all
                0x00000000       0x1c C:/GCC_Toolchain/bin/../lib/gcc/arm-none-eabi/15.2.1/../../../../arm-none-eabi/lib/thumb/v7e-m/nofp\libc_nano.a(libc_a-findfp.o)
 .data.__sglue  0x00000000        0xc C:/GCC_Toolchain/bin/../lib/gcc/arm-none-eabi/15.2.1/../../../../arm-none-eabi/lib/thumb/v7e-m/nofp\libc_nano.a(libc_a-findfp.o)
 .bss.__sf      0x00000000      0x138 C:/GCC_Toolchain/bin/../lib/gcc/arm-none-eabi/15.2.1/../../../../arm-none-eabi/lib/thumb/v7e-m/nofp\libc_nano.a(libc_a-findfp.o)
 .bss.__stdio_exit_handler
                0x00000000        0x4 C:/GCC_Toolchain/bin/../lib/gcc/arm-none-eabi/15.2.1/../../../../arm-none-eabi/lib/thumb/v7e-m/nofp\libc_nano.a(libc_a-findfp.o)
 .debug_frame   0x00000000      0x144 C:/GCC_Toolchain/bin/../lib/gcc/arm-none-eabi/15.2.1/../../../../arm-none-eabi/lib/thumb/v7e-m/nofp\libc_nano.a(libc_a-findfp.o)
 .ARM.attributes
                0x00000000       0x2e C:/GCC_Toolchain/bin/../lib/gcc/arm-none-eabi/15.2.1/../../../../arm-none-eabi/lib/thumb/v7e-m/nofp\libc_nano.a(libc_a-findfp.o)
 .text          0x00000000        0x0 C:/GCC_Toolchain/bin/../lib/gcc/arm-none-eabi/15.2.1/../../../../arm-none-eabi/lib/thumb/v7e-m/nofp\libc_nano.a(libc_a-fwalk.o)
 .data          0x00000000        0x0 C:/GCC_Toolchain/bin/../lib/gcc/arm-none-eabi/15.2.1/../../../../arm-none-eabi/lib/thumb/v7e-m/nofp\libc_nano.a(libc_a-fwalk.o)
 .bss           0x00000000        0x0 C:/GCC_Toolchain/bin/../lib/gcc/arm-none-eabi/15.2.1/../../../../arm-none-eabi/lib/thumb/v7e-m/nofp\libc_nano.a(libc_a-fwalk.o)
 .text._fwalk_sglue
                0x00000000       0x3a C:/GCC_Toolchain/bin/../lib/gcc/arm-none-eabi/15.2.1/../../../../arm-none-eabi/lib/thumb/v7e-m/nofp\libc_nano.a(libc_a-fwalk.o)
 .debug_frame   0x00000000       0x34 C:/GCC_Toolchain/bin/../lib/gcc/arm-none-eabi/15.2.1/../../../../arm-none-eabi/lib/thumb/v7e-m/nofp\libc_nano.a(libc_a-fwalk.o)
 .ARM.attributes
                0x00000000       0x2e C:/GCC_Toolchain/bin/../lib/gcc/arm-none-eabi/15.2.1/../../../../arm-none-eabi/lib/thumb/v7e-m/nofp\libc_nano.a(libc_a-fwalk.o)
 .text          0x00000000        0x0 C:/GCC_Toolchain/bin/../lib/gcc/arm-none-eabi/15.2.1/../../../../arm-none-eabi/lib/thumb/v7e-m/nofp\libc_nano.a(libc_a-stdio.o)
 .data          0x00000000        0x0 C:/GCC_Toolchain/bin/../lib/gcc/arm-none-eabi/15.2.1/../../../../arm-none-eabi/lib/thumb/v7e-m/nofp\libc_nano.a(libc_a-stdio.o)
 .bss           0x00000000        0x0 C:/GCC_Toolchain/bin/../lib/gcc/arm-none-eabi/15.2.1/../../../../arm-none-eabi/lib/thumb/v7e-m/nofp\libc_nano.a(libc_a-stdio.o)
 .text.__sread  0x00000000       0x22 C:/GCC_Toolchain/bin/../lib/gcc/arm-none-eabi/15.2.1/../../../../arm-none-eabi/lib/thumb/v7e-m/nofp\libc_nano.a(libc_a-stdio.o)
 .text.__seofread
                0x00000000        0x4 C:/GCC_Toolchain/bin/../lib/gcc/arm-none-eabi/15.2.1/../../../../arm-none-eabi/lib/thumb/v7e-m/nofp\libc_nano.a(libc_a-stdio.o)
 .text.__swrite
                0x00000000       0x38 C:/GCC_Toolchain/bin/../lib/gcc/arm-none-eabi/15.2.1/../../../../arm-none-eabi/lib/thumb/v7e-m/nofp\libc_nano.a(libc_a-stdio.o)
 .text.__sseek  0x00000000       0x26 C:/GCC_Toolchain/bin/../lib/gcc/arm-none-eabi/15.2.1/../../../../arm-none-eabi/lib/thumb/v7e-m/nofp\libc_nano.a(libc_a-stdio.o)
 .text.__sclose
                0x00000000        0x8 C:/GCC_Toolchain/bin/../lib/gcc/arm-none-eabi/15.2.1/../../../../arm-none-eabi/lib/thumb/v7e-m/nofp\libc_nano.a(libc_a-stdio.o)
 .debug_frame   0x00000000       0x88 C:/GCC_Toolchain/bin/../lib/gcc/arm-none-eabi/15.2.1/../../../../arm-none-eabi/lib/thumb/v7e-m/nofp\libc_nano.a(libc_a-stdio.o)
 .ARM.attributes
                0x00000000       0x2e C:/GCC_Toolchain/bin/../lib/gcc/arm-none-eabi/15.2.1/../../../../arm-none-eabi/lib/thumb/v7e-m/nofp\libc_nano.a(libc_a-stdio.o)
 .text          0x00000000        0x0 C:/GCC_Toolchain/bin/../lib/gcc/arm-none-eabi/15.2.1/../../../../arm-none-eabi/lib/thumb/v7e-m/nofp\libc_nano.a(libc_a-memset.o)
 .data          0x00000000        0x0 C:/GCC_Toolchain/bin/../lib/gcc/arm-none-eabi/15.2.1/../../../../arm-none-eabi/lib/thumb/v7e-m/nofp\libc_nano.a(libc_a-memset.o)
 .bss           0x00000000        0x0 C:/GCC_Toolchain/bin/../lib/gcc/arm-none-eabi/15.2.1/../../../../arm-none-eabi/lib/thumb/v7e-m/nofp\libc_nano.a(libc_a-memset.o)
 .text.memset   0x00000000       0x10 C:/GCC_Toolchain/bin/../lib/gcc/arm-none-eabi/15.2.1/../../../../arm-none-eabi/lib/thumb/v7e-m/nofp\libc_nano.a(libc_a-memset.o)
 .debug_frame   0x00000000       0x20 C:/GCC_Toolchain/bin/../lib/gcc/arm-none-eabi/15.2.1/../../../../arm-none-eabi/lib/thumb/v7e-m/nofp\libc_nano.a(libc_a-memset.o)
 .ARM.attributes
                0x00000000       0x2e C:/GCC_Toolchain/bin/../lib/gcc/arm-none-eabi/15.2.1/../../../../arm-none-eabi/lib/thumb/v7e-m/nofp\libc_nano.a(libc_a-memset.o)
 .text          0x00000000        0x0 C:/GCC_Toolchain/bin/../lib/gcc/arm-none-eabi/15.2.1/../../../../arm-none-eabi/lib/thumb/v7e-m/nofp\libc_nano.a(libc_a-closer.o)
 .data          0x00000000        0x0 C:/GCC_Toolchain/bin/../lib/gcc/arm-none-eabi/15.2.1/../../../../arm-none-eabi/lib/thumb/v7e-m/nofp\libc_nano.a(libc_a-closer.o)
 .bss           0x00000000        0x0 C:/GCC_Toolchain/bin/../lib/gcc/arm-none-eabi/15.2.1/../../../../arm-none-eabi/lib/thumb/v7e-m/nofp\libc_nano.a(libc_a-closer.o)
 .text._close_r
                0x00000000       0x20 C:/GCC_Toolchain/bin/../lib/gcc/arm-none-eabi/15.2.1/../../../../arm-none-eabi/lib/thumb/v7e-m/nofp\libc_nano.a(libc_a-closer.o)
 .debug_frame   0x00000000       0x2c C:/GCC_Toolchain/bin/../lib/gcc/arm-none-eabi/15.2.1/../../../../arm-none-eabi/lib/thumb/v7e-m/nofp\libc_nano.a(libc_a-closer.o)
 .ARM.attributes
                0x00000000       0x2e C:/GCC_Toolchain/bin/../lib/gcc/arm-none-eabi/15.2.1/../../../../arm-none-eabi/lib/thumb/v7e-m/nofp\libc_nano.a(libc_a-closer.o)
 .text          0x00000000        0x0 C:/GCC_Toolchain/bin/../lib/gcc/arm-none-eabi/15.2.1/../../../../arm-none-eabi/lib/thumb/v7e-m/nofp\libc_nano.a(libc_a-reent.o)
 .data          0x00000000        0x0 C:/GCC_Toolchain/bin/../lib/gcc/arm-none-eabi/15.2.1/../../../../arm-none-eabi/lib/thumb/v7e-m/nofp\libc_nano.a(libc_a-reent.o)
 .bss           0x00000000        0x0 C:/GCC_Toolchain/bin/../lib/gcc/arm-none-eabi/15.2.1/../../../../arm-none-eabi/lib/thumb/v7e-m/nofp\libc_nano.a(libc_a-reent.o)
 .text._reclaim_reent
                0x00000000       0xbc C:/GCC_Toolchain/bin/../lib/gcc/arm-none-eabi/15.2.1/../../../../arm-none-eabi/lib/thumb/v7e-m/nofp\libc_nano.a(libc_a-reent.o)
 .bss.errno     0x00000000        0x4 C:/GCC_Toolchain/bin/../lib/gcc/arm-none-eabi/15.2.1/../../../../arm-none-eabi/lib/thumb/v7e-m/nofp\libc_nano.a(libc_a-reent.o)
 .debug_frame   0x00000000       0x38 C:/GCC_Toolchain/bin/../lib/gcc/arm-none-eabi/15.2.1/../../../../arm-none-eabi/lib/thumb/v7e-m/nofp\libc_nano.a(libc_a-reent.o)
 .ARM.attributes
                0x00000000       0x2e C:/GCC_Toolchain/bin/../lib/gcc/arm-none-eabi/15.2.1/../../../../arm-none-eabi/lib/thumb/v7e-m/nofp\libc_nano.a(libc_a-reent.o)
 .text          0x00000000        0x0 C:/GCC_Toolchain/bin/../lib/gcc/arm-none-eabi/15.2.1/../../../../arm-none-eabi/lib/thumb/v7e-m/nofp\libc_nano.a(libc_a-impure.o)
 .data          0x00000000        0x0 C:/GCC_Toolchain/bin/../lib/gcc/arm-none-eabi/15.2.1/../../../../arm-none-eabi/lib/thumb/v7e-m/nofp\libc_nano.a(libc_a-impure.o)
 .bss           0x00000000        0x0 C:/GCC_Toolchain/bin/../lib/gcc/arm-none-eabi/15.2.1/../../../../arm-none-eabi/lib/thumb/v7e-m/nofp\libc_nano.a(libc_a-impure.o)
 .data._impure_ptr
                0x00000000        0x4 C:/GCC_Toolchain/bin/../lib/gcc/arm-none-eabi/15.2.1/../../../../arm-none-eabi/lib/thumb/v7e-m/nofp\libc_nano.a(libc_a-impure.o)
 .data._impure_data
                0x00000000       0x4c C:/GCC_Toolchain/bin/../lib/gcc/arm-none-eabi/15.2.1/../../../../arm-none-eabi/lib/thumb/v7e-m/nofp\libc_nano.a(libc_a-impure.o)
 .ARM.attributes
                0x00000000       0x2e C:/GCC_Toolchain/bin/../lib/gcc/arm-none-eabi/15.2.1/../../../../arm-none-eabi/lib/thumb/v7e-m/nofp\libc_nano.a(libc_a-impure.o)
 .text          0x00000000        0x0 C:/GCC_Toolchain/bin/../lib/gcc/arm-none-eabi/15.2.1/../../../../arm-none-eabi/lib/thumb/v7e-m/nofp\libc_nano.a(libc_a-lseekr.o)
 .data          0x00000000        0x0 C:/GCC_Toolchain/bin/../lib/gcc/arm-none-eabi/15.2.1/../../../../arm-none-eabi/lib/thumb/v7e-m/nofp\libc_nano.a(libc_a-lseekr.o)
 .bss           0x00000000        0x0 C:/GCC_Toolchain/bin/../lib/gcc/arm-none-eabi/15.2.1/../../../../arm-none-eabi/lib/thumb/v7e-m/nofp\libc_nano.a(libc_a-lseekr.o)
 .text._lseek_r
                0x00000000       0x24 C:/GCC_Toolchain/bin/../lib/gcc/arm-none-eabi/15.2.1/../../../../arm-none-eabi/lib/thumb/v7e-m/nofp\libc_nano.a(libc_a-lseekr.o)
 .debug_frame   0x00000000       0x2c C:/GCC_Toolchain/bin/../lib/gcc/arm-none-eabi/15.2.1/../../../../arm-none-eabi/lib/thumb/v7e-m/nofp\libc_nano.a(libc_a-lseekr.o)
 .ARM.attributes
                0x00000000       0x2e C:/GCC_Toolchain/bin/../lib/gcc/arm-none-eabi/15.2.1/../../../../arm-none-eabi/lib/thumb/v7e-m/nofp\libc_nano.a(libc_a-lseekr.o)
 .text          0x00000000        0x0 C:/GCC_Toolchain/bin/../lib/gcc/arm-none-eabi/15.2.1/../../../../arm-none-eabi/lib/thumb/v7e-m/nofp\libc_nano.a(libc_a-readr.o)
 .data          0x00000000        0x0 C:/GCC_Toolchain/bin/../lib/gcc/arm-none-eabi/15.2.1/../../../../arm-none-eabi/lib/thumb/v7e-m/nofp\libc_nano.a(libc_a-readr.o)
 .bss           0x00000000        0x0 C:/GCC_Toolchain/bin/../lib/gcc/arm-none-eabi/15.2.1/../../../../arm-none-eabi/lib/thumb/v7e-m/nofp\libc_nano.a(libc_a-readr.o)
 .text._read_r  0x00000000       0x24 C:/GCC_Toolchain/bin/../lib/gcc/arm-none-eabi/15.2.1/../../../../arm-none-eabi/lib/thumb/v7e-m/nofp\libc_nano.a(libc_a-readr.o)
 .debug_frame   0x00000000       0x2c C:/GCC_Toolchain/bin/../lib/gcc/arm-none-eabi/15.2.1/../../../../arm-none-eabi/lib/thumb/v7e-m/nofp\libc_nano.a(libc_a-readr.o)
 .ARM.attributes
                0x00000000       0x2e C:/GCC_Toolchain/bin/../lib/gcc/arm-none-eabi/15.2.1/../../../../arm-none-eabi/lib/thumb/v7e-m/nofp\libc_nano.a(libc_a-readr.o)
 .text          0x00000000        0x0 C:/GCC_Toolchain/bin/../lib/gcc/arm-none-eabi/15.2.1/../../../../arm-none-eabi/lib/thumb/v7e-m/nofp\libc_nano.a(libc_a-writer.o)
 .data          0x00000000        0x0 C:/GCC_Toolchain/bin/../lib/gcc/arm-none-eabi/15.2.1/../../../../arm-none-eabi/lib/thumb/v7e-m/nofp\libc_nano.a(libc_a-writer.o)
 .bss           0x00000000        0x0 C:/GCC_Toolchain/bin/../lib/gcc/arm-none-eabi/15.2.1/../../../../arm-none-eabi/lib/thumb/v7e-m/nofp\libc_nano.a(libc_a-writer.o)
 .text._write_r
                0x00000000       0x24 C:/GCC_Toolchain/bin/../lib/gcc/arm-none-eabi/15.2.1/../../../../arm-none-eabi/lib/thumb/v7e-m/nofp\libc_nano.a(libc_a-writer.o)
 .debug_frame   0x00000000       0x2c C:/GCC_Toolchain/bin/../lib/gcc/arm-none-eabi/15.2.1/../../../../arm-none-eabi/lib/thumb/v7e-m/nofp\libc_nano.a(libc_a-writer.o)
 .ARM.attributes
                0x00000000       0x2e C:/GCC_Toolchain/bin/../lib/gcc/arm-none-eabi/15.2.1/../../../../arm-none-eabi/lib/thumb/v7e-m/nofp\libc_nano.a(libc_a-writer.o)
 .text          0x00000000        0x0 C:/GCC_Toolchain/bin/../lib/gcc/arm-none-eabi/15.2.1/../../../../arm-none-eabi/lib/thumb/v7e-m/nofp\libc_nano.a(libc_a-init.o)
 .data          0x00000000        0x0 C:/GCC_Toolchain/bin/../lib/gcc/arm-none-eabi/15.2.1/../../../../arm-none-eabi/lib/thumb/v7e-m/nofp\libc_nano.a(libc_a-init.o)
 .bss           0x00000000        0x0 C:/GCC_Toolchain/bin/../lib/gcc/arm-none-eabi/15.2.1/../../../../arm-none-eabi/lib/thumb/v7e-m/nofp\libc_nano.a(libc_a-init.o)
 .text.__libc_init_array
                0x00000000       0x48 C:/GCC_Toolchain/bin/../lib/gcc/arm-none-eabi/15.2.1/../../../../arm-none-eabi/lib/thumb/v7e-m/nofp\libc_nano.a(libc_a-init.o)
 .debug_frame   0x00000000       0x2c C:/GCC_Toolchain/bin/../lib/gcc/arm-none-eabi/15.2.1/../../../../arm-none-eabi/lib/thumb/v7e-m/nofp\libc_nano.a(libc_a-init.o)
 .ARM.attributes
                0x00000000       0x2e C:/GCC_Toolchain/bin/../lib/gcc/arm-none-eabi/15.2.1/../../../../arm-none-eabi/lib/thumb/v7e-m/nofp\libc_nano.a(libc_a-init.o)
 .text          0x00000000        0x0 C:/GCC_Toolchain/bin/../lib/gcc/arm-none-eabi/15.2.1/../../../../arm-none-eabi/lib/thumb/v7e-m/nofp\libc_nano.a(libc_a-lock.o)
 .data          0x00000000        0x0 C:/GCC_Toolchain/bin/../lib/gcc/arm-none-eabi/15.2.1/../../../../arm-none-eabi/lib/thumb/v7e-m/nofp\libc_nano.a(libc_a-lock.o)
 .bss           0x00000000        0x0 C:/GCC_Toolchain/bin/../lib/gcc/arm-none-eabi/15.2.1/../../../../arm-none-eabi/lib/thumb/v7e-m/nofp\libc_nano.a(libc_a-lock.o)
 .text.__retarget_lock_init
                0x00000000        0x2 C:/GCC_Toolchain/bin/../lib/gcc/arm-none-eabi/15.2.1/../../../../arm-none-eabi/lib/thumb/v7e-m/nofp\libc_nano.a(libc_a-lock.o)
 .text.__retarget_lock_init_recursive
                0x00000000        0x2 C:/GCC_Toolchain/bin/../lib/gcc/arm-none-eabi/15.2.1/../../../../arm-none-eabi/lib/thumb/v7e-m/nofp\libc_nano.a(libc_a-lock.o)
 .text.__retarget_lock_close
                0x00000000        0x2 C:/GCC_Toolchain/bin/../lib/gcc/arm-none-eabi/15.2.1/../../../../arm-none-eabi/lib/thumb/v7e-m/nofp\libc_nano.a(libc_a-lock.o)
 .text.__retarget_lock_close_recursive
                0x00000000        0x2 C:/GCC_Toolchain/bin/../lib/gcc/arm-none-eabi/15.2.1/../../../../arm-none-eabi/lib/thumb/v7e-m/nofp\libc_nano.a(libc_a-lock.o)
 .text.__retarget_lock_acquire
                0x00000000        0x2 C:/GCC_Toolchain/bin/../lib/gcc/arm-none-eabi/15.2.1/../../../../arm-none-eabi/lib/thumb/v7e-m/nofp\libc_nano.a(libc_a-lock.o)
 .text.__retarget_lock_acquire_recursive
                0x00000000        0x2 C:/GCC_Toolchain/bin/../lib/gcc/arm-none-eabi/15.2.1/../../../../arm-none-eabi/lib/thumb/v7e-m/nofp\libc_nano.a(libc_a-lock.o)
 .text.__retarget_lock_try_acquire
                0x00000000        0x4 C:/GCC_Toolchain/bin/../lib/gcc/arm-none-eabi/15.2.1/../../../../arm-none-eabi/lib/thumb/v7e-m/nofp\libc_nano.a(libc_a-lock.o)
 .text.__retarget_lock_try_acquire_recursive
                0x00000000        0x4 C:/GCC_Toolchain/bin/../lib/gcc/arm-none-eabi/15.2.1/../../../../arm-none-eabi/lib/thumb/v7e-m/nofp\libc_nano.a(libc_a-lock.o)
 .text.__retarget_lock_release
                0x00000000        0x2 C:/GCC_Toolchain/bin/../lib/gcc/arm-none-eabi/15.2.1/../../../../arm-none-eabi/lib/thumb/v7e-m/nofp\libc_nano.a(libc_a-lock.o)
 .text.__retarget_lock_release_recursive
                0x00000000        0x2 C:/GCC_Toolchain/bin/../lib/gcc/arm-none-eabi/15.2.1/../../../../arm-none-eabi/lib/thumb/v7e-m/nofp\libc_nano.a(libc_a-lock.o)
 .bss.__lock___arc4random_mutex
                0x00000000        0x1 C:/GCC_Toolchain/bin/../lib/gcc/arm-none-eabi/15.2.1/../../../../arm-none-eabi/lib/thumb/v7e-m/nofp\libc_nano.a(libc_a-lock.o)
 .bss.__lock___dd_hash_mutex
                0x00000000        0x1 C:/GCC_Toolchain/bin/../lib/gcc/arm-none-eabi/15.2.1/../../../../arm-none-eabi/lib/thumb/v7e-m/nofp\libc_nano.a(libc_a-lock.o)
 .bss.__lock___tz_mutex
                0x00000000        0x1 C:/GCC_Toolchain/bin/../lib/gcc/arm-none-eabi/15.2.1/../../../../arm-none-eabi/lib/thumb/v7e-m/nofp\libc_nano.a(libc_a-lock.o)
 .bss.__lock___env_recursive_mutex
                0x00000000        0x1 C:/GCC_Toolchain/bin/../lib/gcc/arm-none-eabi/15.2.1/../../../../arm-none-eabi/lib/thumb/v7e-m/nofp\libc_nano.a(libc_a-lock.o)
 .bss.__lock___malloc_recursive_mutex
                0x00000000        0x1 C:/GCC_Toolchain/bin/../lib/gcc/arm-none-eabi/15.2.1/../../../../arm-none-eabi/lib/thumb/v7e-m/nofp\libc_nano.a(libc_a-lock.o)
 .bss.__lock___at_quick_exit_mutex
                0x00000000        0x1 C:/GCC_Toolchain/bin/../lib/gcc/arm-none-eabi/15.2.1/../../../../arm-none-eabi/lib/thumb/v7e-m/nofp\libc_nano.a(libc_a-lock.o)
 .bss.__lock___atexit_recursive_mutex
                0x00000000        0x1 C:/GCC_Toolchain/bin/../lib/gcc/arm-none-eabi/15.2.1/../../../../arm-none-eabi/lib/thumb/v7e-m/nofp\libc_nano.a(libc_a-lock.o)
 .bss.__lock___sfp_recursive_mutex
                0x00000000        0x1 C:/GCC_Toolchain/bin/../lib/gcc/arm-none-eabi/15.2.1/../../../../arm-none-eabi/lib/thumb/v7e-m/nofp\libc_nano.a(libc_a-lock.o)
 .debug_frame   0x00000000       0xb0 C:/GCC_Toolchain/bin/../lib/gcc/arm-none-eabi/15.2.1/../../../../arm-none-eabi/lib/thumb/v7e-m/nofp\libc_nano.a(libc_a-lock.o)
 .ARM.attributes
                0x00000000       0x2e C:/GCC_Toolchain/bin/../lib/gcc/arm-none-eabi/15.2.1/../../../../arm-none-eabi/lib/thumb/v7e-m/nofp\libc_nano.a(libc_a-lock.o)
 .text          0x00000000        0x0 C:/GCC_Toolchain/bin/../lib/gcc/arm-none-eabi/15.2.1/../../../../arm-none-eabi/lib/thumb/v7e-m/nofp\libc_nano.a(libc_a-freer.o)
 .data          0x00000000        0x0 C:/GCC_Toolchain/bin/../lib/gcc/arm-none-eabi/15.2.1/../../../../arm-none-eabi/lib/thumb/v7e-m/nofp\libc_nano.a(libc_a-freer.o)
 .bss           0x00000000        0x0 C:/GCC_Toolchain/bin/../lib/gcc/arm-none-eabi/15.2.1/../../../../arm-none-eabi/lib/thumb/v7e-m/nofp\libc_nano.a(libc_a-freer.o)
 .text._free_r  0x00000000       0x98 C:/GCC_Toolchain/bin/../lib/gcc/arm-none-eabi/15.2.1/../../../../arm-none-eabi/lib/thumb/v7e-m/nofp\libc_nano.a(libc_a-freer.o)
 .debug_frame   0x00000000       0x38 C:/GCC_Toolchain/bin/../lib/gcc/arm-none-eabi/15.2.1/../../../../arm-none-eabi/lib/thumb/v7e-m/nofp\libc_nano.a(libc_a-freer.o)
 .ARM.attributes
                0x00000000       0x2e C:/GCC_Toolchain/bin/../lib/gcc/arm-none-eabi/15.2.1/../../../../arm-none-eabi/lib/thumb/v7e-m/nofp\libc_nano.a(libc_a-freer.o)
 .text          0x00000000        0x0 C:/GCC_Toolchain/bin/../lib/gcc/arm-none-eabi/15.2.1/../../../../arm-none-eabi/lib/thumb/v7e-m/nofp\libc_nano.a(libc_a-mallocr.o)
 .data          0x00000000        0x0 C:/GCC_Toolchain/bin/../lib/gcc/arm-none-eabi/15.2.1/../../../../arm-none-eabi/lib/thumb/v7e-m/nofp\libc_nano.a(libc_a-mallocr.o)
 .bss           0x00000000        0x0 C:/GCC_Toolchain/bin/../lib/gcc/arm-none-eabi/15.2.1/../../../../arm-none-eabi/lib/thumb/v7e-m/nofp\libc_nano.a(libc_a-mallocr.o)
 .text.sbrk_aligned
                0x00000000       0x44 C:/GCC_Toolchain/bin/../lib/gcc/arm-none-eabi/15.2.1/../../../../arm-none-eabi/lib/thumb/v7e-m/nofp\libc_nano.a(libc_a-mallocr.o)
 .text._malloc_r
                0x00000000       0xf8 C:/GCC_Toolchain/bin/../lib/gcc/arm-none-eabi/15.2.1/../../../../arm-none-eabi/lib/thumb/v7e-m/nofp\libc_nano.a(libc_a-mallocr.o)
 .bss.__malloc_sbrk_start
                0x00000000        0x4 C:/GCC_Toolchain/bin/../lib/gcc/arm-none-eabi/15.2.1/../../../../arm-none-eabi/lib/thumb/v7e-m/nofp\libc_nano.a(libc_a-mallocr.o)
 .bss.__malloc_free_list
                0x00000000        0x4 C:/GCC_Toolchain/bin/../lib/gcc/arm-none-eabi/15.2.1/../../../../arm-none-eabi/lib/thumb/v7e-m/nofp\libc_nano.a(libc_a-mallocr.o)
 .debug_frame   0x00000000       0x50 C:/GCC_Toolchain/bin/../lib/gcc/arm-none-eabi/15.2.1/../../../../arm-none-eabi/lib/thumb/v7e-m/nofp\libc_nano.a(libc_a-mallocr.o)
 .ARM.attributes
                0x00000000       0x2e C:/GCC_Toolchain/bin/../lib/gcc/arm-none-eabi/15.2.1/../../../../arm-none-eabi/lib/thumb/v7e-m/nofp\libc_nano.a(libc_a-mallocr.o)
 .text          0x00000000        0x0 C:/GCC_Toolchain/bin/../lib/gcc/arm-none-eabi/15.2.1/../../../../arm-none-eabi/lib/thumb/v7e-m/nofp\libc_nano.a(libc_a-mlock.o)
 .data          0x00000000        0x0 C:/GCC_Toolchain/bin/../lib/gcc/arm-none-eabi/15.2.1/../../../../arm-none-eabi/lib/thumb/v7e-m/nofp\libc_nano.a(libc_a-mlock.o)
 .bss           0x00000000        0x0 C:/GCC_Toolchain/bin/../lib/gcc/arm-none-eabi/15.2.1/../../../../arm-none-eabi/lib/thumb/v7e-m/nofp\libc_nano.a(libc_a-mlock.o)
 .text.__malloc_lock
                0x00000000        0xc C:/GCC_Toolchain/bin/../lib/gcc/arm-none-eabi/15.2.1/../../../../arm-none-eabi/lib/thumb/v7e-m/nofp\libc_nano.a(libc_a-mlock.o)
 .text.__malloc_unlock
                0x00000000        0xc C:/GCC_Toolchain/bin/../lib/gcc/arm-none-eabi/15.2.1/../../../../arm-none-eabi/lib/thumb/v7e-m/nofp\libc_nano.a(libc_a-mlock.o)
 .debug_frame   0x00000000       0x30 C:/GCC_Toolchain/bin/../lib/gcc/arm-none-eabi/15.2.1/../../../../arm-none-eabi/lib/thumb/v7e-m/nofp\libc_nano.a(libc_a-mlock.o)
 .ARM.attributes
                0x00000000       0x2e C:/GCC_Toolchain/bin/../lib/gcc/arm-none-eabi/15.2.1/../../../../arm-none-eabi/lib/thumb/v7e-m/nofp\libc_nano.a(libc_a-mlock.o)
 .text          0x00000000        0x0 C:/GCC_Toolchain/bin/../lib/gcc/arm-none-eabi/15.2.1/../../../../arm-none-eabi/lib/thumb/v7e-m/nofp\libc_nano.a(libc_a-fflush.o)
 .data          0x00000000        0x0 C:/GCC_Toolchain/bin/../lib/gcc/arm-none-eabi/15.2.1/../../../../arm-none-eabi/lib/thumb/v7e-m/nofp\libc_nano.a(libc_a-fflush.o)
 .bss           0x00000000        0x0 C:/GCC_Toolchain/bin/../lib/gcc/arm-none-eabi/15.2.1/../../../../arm-none-eabi/lib/thumb/v7e-m/nofp\libc_nano.a(libc_a-fflush.o)
 .text.__sflush_r
                0x00000000       0xf8 C:/GCC_Toolchain/bin/../lib/gcc/arm-none-eabi/15.2.1/../../../../arm-none-eabi/lib/thumb/v7e-m/nofp\libc_nano.a(libc_a-fflush.o)
 .text._fflush_r
                0x00000000       0x50 C:/GCC_Toolchain/bin/../lib/gcc/arm-none-eabi/15.2.1/../../../../arm-none-eabi/lib/thumb/v7e-m/nofp\libc_nano.a(libc_a-fflush.o)
 .text.fflush   0x00000000       0x28 C:/GCC_Toolchain/bin/../lib/gcc/arm-none-eabi/15.2.1/../../../../arm-none-eabi/lib/thumb/v7e-m/nofp\libc_nano.a(libc_a-fflush.o)
 .debug_frame   0x00000000       0x5c C:/GCC_Toolchain/bin/../lib/gcc/arm-none-eabi/15.2.1/../../../../arm-none-eabi/lib/thumb/v7e-m/nofp\libc_nano.a(libc_a-fflush.o)
 .ARM.attributes
                0x00000000       0x2e C:/GCC_Toolchain/bin/../lib/gcc/arm-none-eabi/15.2.1/../../../../arm-none-eabi/lib/thumb/v7e-m/nofp\libc_nano.a(libc_a-fflush.o)
 .text          0x00000000        0x0 C:/GCC_Toolchain/bin/../lib/gcc/arm-none-eabi/15.2.1/../../../../arm-none-eabi/lib/thumb/v7e-m/nofp\libc_nano.a(libc_a-sbrkr.o)
 .data          0x00000000        0x0 C:/GCC_Toolchain/bin/../lib/gcc/arm-none-eabi/15.2.1/../../../../arm-none-eabi/lib/thumb/v7e-m/nofp\libc_nano.a(libc_a-sbrkr.o)
 .bss           0x00000000        0x0 C:/GCC_Toolchain/bin/../lib/gcc/arm-none-eabi/15.2.1/../../../../arm-none-eabi/lib/thumb/v7e-m/nofp\libc_nano.a(libc_a-sbrkr.o)
 .text._sbrk_r  0x00000000       0x20 C:/GCC_Toolchain/bin/../lib/gcc/arm-none-eabi/15.2.1/../../../../arm-none-eabi/lib/thumb/v7e-m/nofp\libc_nano.a(libc_a-sbrkr.o)
 .debug_frame   0x00000000       0x2c C:/GCC_Toolchain/bin/../lib/gcc/arm-none-eabi/15.2.1/../../../../arm-none-eabi/lib/thumb/v7e-m/nofp\libc_nano.a(libc_a-sbrkr.o)
 .ARM.attributes
                0x00000000       0x2e C:/GCC_Toolchain/bin/../lib/gcc/arm-none-eabi/15.2.1/../../../../arm-none-eabi/lib/thumb/v7e-m/nofp\libc_nano.a(libc_a-sbrkr.o)
 .text          0x00000000        0x0 C:/GCC_Toolchain/bin/../lib/gcc/arm-none-eabi/15.2.1/../../../../arm-none-eabi/lib/thumb/v7e-m/nofp\libnosys.a(close.o)
 .data          0x00000000        0x0 C:/GCC_Toolchain/bin/../lib/gcc/arm-none-eabi/15.2.1/../../../../arm-none-eabi/lib/thumb/v7e-m/nofp\libnosys.a(close.o)
 .bss           0x00000000        0x0 C:/GCC_Toolchain/bin/../lib/gcc/arm-none-eabi/15.2.1/../../../../arm-none-eabi/lib/thumb/v7e-m/nofp\libnosys.a(close.o)
 .text._close   0x00000000       0x10 C:/GCC_Toolchain/bin/../lib/gcc/arm-none-eabi/15.2.1/../../../../arm-none-eabi/lib/thumb/v7e-m/nofp\libnosys.a(close.o)
 .gnu.warning._close
                0x00000000        0x0 C:/GCC_Toolchain/bin/../lib/gcc/arm-none-eabi/15.2.1/../../../../arm-none-eabi/lib/thumb/v7e-m/nofp\libnosys.a(close.o)
 .debug_frame   0x00000000       0x20 C:/GCC_Toolchain/bin/../lib/gcc/arm-none-eabi/15.2.1/../../../../arm-none-eabi/lib/thumb/v7e-m/nofp\libnosys.a(close.o)
 .ARM.attributes
                0x00000000       0x2e C:/GCC_Toolchain/bin/../lib/gcc/arm-none-eabi/15.2.1/../../../../arm-none-eabi/lib/thumb/v7e-m/nofp\libnosys.a(close.o)
 .text          0x00000000        0x0 C:/GCC_Toolchain/bin/../lib/gcc/arm-none-eabi/15.2.1/../../../../arm-none-eabi/lib/thumb/v7e-m/nofp\libnosys.a(lseek.o)
 .data          0x00000000        0x0 C:/GCC_Toolchain/bin/../lib/gcc/arm-none-eabi/15.2.1/../../../../arm-none-eabi/lib/thumb/v7e-m/nofp\libnosys.a(lseek.o)
 .bss           0x00000000        0x0 C:/GCC_Toolchain/bin/../lib/gcc/arm-none-eabi/15.2.1/../../../../arm-none-eabi/lib/thumb/v7e-m/nofp\libnosys.a(lseek.o)
 .text._lseek   0x00000000       0x10 C:/GCC_Toolchain/bin/../lib/gcc/arm-none-eabi/15.2.1/../../../../arm-none-eabi/lib/thumb/v7e-m/nofp\libnosys.a(lseek.o)
 .gnu.warning._lseek
                0x00000000        0x0 C:/GCC_Toolchain/bin/../lib/gcc/arm-none-eabi/15.2.1/../../../../arm-none-eabi/lib/thumb/v7e-m/nofp\libnosys.a(lseek.o)
 .debug_frame   0x00000000       0x20 C:/GCC_Toolchain/bin/../lib/gcc/arm-none-eabi/15.2.1/../../../../arm-none-eabi/lib/thumb/v7e-m/nofp\libnosys.a(lseek.o)
 .ARM.attributes
                0x00000000       0x2e C:/GCC_Toolchain/bin/../lib/gcc/arm-none-eabi/15.2.1/../../../../arm-none-eabi/lib/thumb/v7e-m/nofp\libnosys.a(lseek.o)
 .text          0x00000000        0x0 C:/GCC_Toolchain/bin/../lib/gcc/arm-none-eabi/15.2.1/../../../../arm-none-eabi/lib/thumb/v7e-m/nofp\libnosys.a(read.o)
 .data          0x00000000        0x0 C:/GCC_Toolchain/bin/../lib/gcc/arm-none-eabi/15.2.1/../../../../arm-none-eabi/lib/thumb/v7e-m/nofp\libnosys.a(read.o)
 .bss           0x00000000        0x0 C:/GCC_Toolchain/bin/../lib/gcc/arm-none-eabi/15.2.1/../../../../arm-none-eabi/lib/thumb/v7e-m/nofp\libnosys.a(read.o)
 .text._read    0x00000000       0x10 C:/GCC_Toolchain/bin/../lib/gcc/arm-none-eabi/15.2.1/../../../../arm-none-eabi/lib/thumb/v7e-m/nofp\libnosys.a(read.o)
 .gnu.warning._read
                0x00000000        0x0 C:/GCC_Toolchain/bin/../lib/gcc/arm-none-eabi/15.2.1/../../../../arm-none-eabi/lib/thumb/v7e-m/nofp\libnosys.a(read.o)
 .debug_frame   0x00000000       0x20 C:/GCC_Toolchain/bin/../lib/gcc/arm-none-eabi/15.2.1/../../../../arm-none-eabi/lib/thumb/v7e-m/nofp\libnosys.a(read.o)
 .ARM.attributes
                0x00000000       0x2e C:/GCC_Toolchain/bin/../lib/gcc/arm-none-eabi/15.2.1/../../../../arm-none-eabi/lib/thumb/v7e-m/nofp\libnosys.a(read.o)
 .text          0x00000000        0x0 C:/GCC_Toolchain/bin/../lib/gcc/arm-none-eabi/15.2.1/../../../../arm-none-eabi/lib/thumb/v7e-m/nofp\libnosys.a(sbrk.o)
 .data          0x00000000        0x0 C:/GCC_Toolchain/bin/../lib/gcc/arm-none-eabi/15.2.1/../../../../arm-none-eabi/lib/thumb/v7e-m/nofp\libnosys.a(sbrk.o)
 .bss           0x00000000        0x0 C:/GCC_Toolchain/bin/../lib/gcc/arm-none-eabi/15.2.1/../../../../arm-none-eabi/lib/thumb/v7e-m/nofp\libnosys.a(sbrk.o)
 .text._sbrk    0x00000000       0x1c C:/GCC_Toolchain/bin/../lib/gcc/arm-none-eabi/15.2.1/../../../../arm-none-eabi/lib/thumb/v7e-m/nofp\libnosys.a(sbrk.o)
 .bss.heap_end.0
                0x00000000        0x4 C:/GCC_Toolchain/bin/../lib/gcc/arm-none-eabi/15.2.1/../../../../arm-none-eabi/lib/thumb/v7e-m/nofp\libnosys.a(sbrk.o)
 .debug_frame   0x00000000       0x20 C:/GCC_Toolchain/bin/../lib/gcc/arm-none-eabi/15.2.1/../../../../arm-none-eabi/lib/thumb/v7e-m/nofp\libnosys.a(sbrk.o)
 .ARM.attributes
                0x00000000       0x2e C:/GCC_Toolchain/bin/../lib/gcc/arm-none-eabi/15.2.1/../../../../arm-none-eabi/lib/thumb/v7e-m/nofp\libnosys.a(sbrk.o)
 .text          0x00000000        0x0 C:/GCC_Toolchain/bin/../lib/gcc/arm-none-eabi/15.2.1/../../../../arm-none-eabi/lib/thumb/v7e-m/nofp\libnosys.a(write.o)
 .data          0x00000000        0x0 C:/GCC_Toolchain/bin/../lib/gcc/arm-none-eabi/15.2.1/../../../../arm-none-eabi/lib/thumb/v7e-m/nofp\libnosys.a(write.o)
 .bss           0x00000000        0x0 C:/GCC_Toolchain/bin/../lib/gcc/arm-none-eabi/15.2.1/../../../../arm-none-eabi/lib/thumb/v7e-m/nofp\libnosys.a(write.o)
 .text._write   0x00000000       0x10 C:/GCC_Toolchain/bin/../lib/gcc/arm-none-eabi/15.2.1/../../../../arm-none-eabi/lib/thumb/v7e-m/nofp\libnosys.a(write.o)
 .gnu.warning._write
                0x00000000        0x0 C:/GCC_Toolchain/bin/../lib/gcc/arm-none-eabi/15.2.1/../../../../arm-none-eabi/lib/thumb/v7e-m/nofp\libnosys.a(write.o)
 .debug_frame   0x00000000       0x20 C:/GCC_Toolchain/bin/../lib/gcc/arm-none-eabi/15.2.1/../../../../arm-none-eabi/lib/thumb/v7e-m/nofp\libnosys.a(write.o)
 .ARM.attributes
                0x00000000       0x2e C:/GCC_Toolchain/bin/../lib/gcc/arm-none-eabi/15.2.1/../../../../arm-none-eabi/lib/thumb/v7e-m/nofp\libnosys.a(write.o)
 .text          0x00000000        0x0 C:/GCC_Toolchain/bin/../lib/gcc/arm-none-eabi/15.2.1/../../../../arm-none-eabi/lib/thumb/v7e-m/nofp\libnosys.a(_exit.o)
 .data          0x00000000        0x0 C:/GCC_Toolchain/bin/../lib/gcc/arm-none-eabi/15.2.1/../../../../arm-none-eabi/lib/thumb/v7e-m/nofp\libnosys.a(_exit.o)
 .bss           0x00000000        0x0 C:/GCC_Toolchain/bin/../lib/gcc/arm-none-eabi/15.2.1/../../../../arm-none-eabi/lib/thumb/v7e-m/nofp\libnosys.a(_exit.o)
 .text._exit    0x00000000        0x4 C:/GCC_Toolchain/bin/../lib/gcc/arm-none-eabi/15.2.1/../../../../arm-none-eabi/lib/thumb/v7e-m/nofp\libnosys.a(_exit.o)
 .debug_frame   0x00000000       0x20 C:/GCC_Toolchain/bin/../lib/gcc/arm-none-eabi/15.2.1/../../../../arm-none-eabi/lib/thumb/v7e-m/nofp\libnosys.a(_exit.o)
 .ARM.attributes
                0x00000000       0x2e C:/GCC_Toolchain/bin/../lib/gcc/arm-none-eabi/15.2.1/../../../../arm-none-eabi/lib/thumb/v7e-m/nofp\libnosys.a(_exit.o)
 .text          0x00000000        0x0 C:/GCC_Toolchain/bin/../lib/gcc/arm-none-eabi/15.2.1/thumb/v7e-m/nofp/crtend.o
 .data          0x00000000        0x0 C:/GCC_Toolchain/bin/../lib/gcc/arm-none-eabi/15.2.1/thumb/v7e-m/nofp/crtend.o
 .bss           0x00000000        0x0 C:/GCC_Toolchain/bin/../lib/gcc/arm-none-eabi/15.2.1/thumb/v7e-m/nofp/crtend.o
 .rodata.all_implied_fbits
                0x00000000       0x24 C:/GCC_Toolchain/bin/../lib/gcc/arm-none-eabi/15.2.1/thumb/v7e-m/nofp/crtend.o
 .eh_frame      0x00000000        0x4 C:/GCC_Toolchain/bin/../lib/gcc/arm-none-eabi/15.2.1/thumb/v7e-m/nofp/crtend.o
 .tm_clone_table
                0x00000000        0x0 C:/GCC_Toolchain/bin/../lib/gcc/arm-none-eabi/15.2.1/thumb/v7e-m/nofp/crtend.o
 .ARM.attributes
                0x00000000       0x2e C:/GCC_Toolchain/bin/../lib/gcc/arm-none-eabi/15.2.1/thumb/v7e-m/nofp/crtend.o
 .text          0x00000000        0x0 C:/GCC_Toolchain/bin/../lib/gcc/arm-none-eabi/15.2.1/thumb/v7e-m/nofp/crtn.o
 .data          0x00000000        0x0 C:/GCC_Toolchain/bin/../lib/gcc/arm-none-eabi/15.2.1/thumb/v7e-m/nofp/crtn.o
 .bss           0x00000000        0x0 C:/GCC_Toolchain/bin/../lib/gcc/arm-none-eabi/15.2.1/thumb/v7e-m/nofp/crtn.o
 .init          0x00000000        0x8 C:/GCC_Toolchain/bin/../lib/gcc/arm-none-eabi/15.2.1/thumb/v7e-m/nofp/crtn.o
 .fini          0x00000000        0x8 C:/GCC_Toolchain/bin/../lib/gcc/arm-none-eabi/15.2.1/thumb/v7e-m/nofp/crtn.o
 .ARM.attributes
                0x00000000       0x1e C:/GCC_Toolchain/bin/../lib/gcc/arm-none-eabi/15.2.1/thumb/v7e-m/nofp/crtn.o

Memory Configuration

Name             Origin             Length             Attributes
FLASH            0x08000000         0x00080000         xr
SRAM             0x20000000         0x00020000         xrw
*default*        0x00000000         0xffffffff

Linker script and memory map

LOAD C:/GCC_Toolchain/bin/../lib/gcc/arm-none-eabi/15.2.1/thumb/v7e-m/nofp/crti.o
LOAD C:/GCC_Toolchain/bin/../lib/gcc/arm-none-eabi/15.2.1/thumb/v7e-m/nofp/crtbegin.o
LOAD C:/GCC_Toolchain/bin/../lib/gcc/arm-none-eabi/15.2.1/../../../../arm-none-eabi/lib/thumb/v7e-m/nofp/crt0.o
LOAD ./output/obj/main.o
LOAD ./output/obj/stm32f407xxx_it.o
LOAD ./output/obj/stm32f407xxx_nvic.o
LOAD ./output/obj/stm32f407xxx_systick.o
LOAD ./output/obj/stm32f407xx_start_up.o
LOAD ./output/obj/stm32f407xx_gpio.o
LOAD ./output/obj/stm32f407xxx_rcc.o
LOAD ./output/obj/stm32_f407xxx_flash.o
LOAD ./output/obj/stm32f407xxx_exti.o
LOAD ./output/obj/stm32f407xxx_uart.o
LOAD ./output/obj/stm32f407xxx_can.o
START GROUP
LOAD C:/GCC_Toolchain/bin/../lib/gcc/arm-none-eabi/15.2.1/thumb/v7e-m/nofp\libgcc.a
LOAD C:/GCC_Toolchain/bin/../lib/gcc/arm-none-eabi/15.2.1/../../../../arm-none-eabi/lib/thumb/v7e-m/nofp\libc_nano.a
END GROUP
START GROUP
LOAD C:/GCC_Toolchain/bin/../lib/gcc/arm-none-eabi/15.2.1/thumb/v7e-m/nofp\libgcc.a
LOAD C:/GCC_Toolchain/bin/../lib/gcc/arm-none-eabi/15.2.1/../../../../arm-none-eabi/lib/thumb/v7e-m/nofp\libc_nano.a
LOAD C:/GCC_Toolchain/bin/../lib/gcc/arm-none-eabi/15.2.1/../../../../arm-none-eabi/lib/thumb/v7e-m/nofp\libnosys.a
END GROUP
START GROUP
LOAD C:/GCC_Toolchain/bin/../lib/gcc/arm-none-eabi/15.2.1/thumb/v7e-m/nofp\libgcc.a
LOAD C:/GCC_Toolchain/bin/../lib/gcc/arm-none-eabi/15.2.1/../../../../arm-none-eabi/lib/thumb/v7e-m/nofp\libc_nano.a
LOAD C:/GCC_Toolchain/bin/../lib/gcc/arm-none-eabi/15.2.1/../../../../arm-none-eabi/lib/thumb/v7e-m/nofp\libnosys.a
END GROUP
LOAD C:/GCC_Toolchain/bin/../lib/gcc/arm-none-eabi/15.2.1/thumb/v7e-m/nofp/crtend.o
LOAD C:/GCC_Toolchain/bin/../lib/gcc/arm-none-eabi/15.2.1/thumb/v7e-m/nofp/crtn.o
                0x20020000                        _estack = (ORIGIN (SRAM) + LENGTH (SRAM))

.text           0x08000000     0x26b4
                0x08000000                        _stext = .
 *(.isr_vector)
 .isr_vector    0x08000000      0x188 ./output/obj/stm32f407xx_start_up.o
                0x08000000                vector_table
 *(.text*)
 .text.EXTI_Callback
                0x08000188       0x14 ./output/obj/main.o
                0x08000188                EXTI_Callback
 .text.main     0x0800019c       0xec ./output/obj/main.o
                0x0800019c                main
 .text.GPIO_INIT
                0x08000288      0x154 ./output/obj/main.o
 .text.USART_INIT
                0x080003dc       0x58 ./output/obj/main.o
 .text.CAN_INIT
                0x08000434       0xb4 ./output/obj/main.o
 .text.USART1_IRQHandler
                0x080004e8       0x14 ./output/obj/stm32f407xxx_it.o
                0x080004e8                USART1_IRQHandler
 .text.USART2_IRQHandler
                0x080004fc       0x14 ./output/obj/stm32f407xxx_it.o
                0x080004fc                USART2_IRQHandler
 .text.USART3_IRQHandler
                0x08000510       0x14 ./output/obj/stm32f407xxx_it.o
                0x08000510                USART3_IRQHandler
 .text.UART4_IRQHandler
                0x08000524       0x14 ./output/obj/stm32f407xxx_it.o
                0x08000524                UART4_IRQHandler
 .text.UART5_IRQHandler
                0x08000538       0x14 ./output/obj/stm32f407xxx_it.o
                0x08000538                UART5_IRQHandler
 .text.USART6_IRQHandler
                0x0800054c       0x14 ./output/obj/stm32f407xxx_it.o
                0x0800054c                USART6_IRQHandler
 .text.EXTI0_IRQHandler
                0x08000560        0xe ./output/obj/stm32f407xxx_it.o
                0x08000560                EXTI0_IRQHandler
 .text.EXTI1_IRQHandler
                0x0800056e        0xe ./output/obj/stm32f407xxx_it.o
                0x0800056e                EXTI1_IRQHandler
 .text.EXTI2_IRQHandler
                0x0800057c        0xe ./output/obj/stm32f407xxx_it.o
                0x0800057c                EXTI2_IRQHandler
 .text.EXTI3_IRQHandler
                0x0800058a        0xe ./output/obj/stm32f407xxx_it.o
                0x0800058a                EXTI3_IRQHandler
 .text.EXTI4_IRQHandler
                0x08000598        0xe ./output/obj/stm32f407xxx_it.o
                0x08000598                EXTI4_IRQHandler
 *fill*         0x080005a6        0x2 
 .text.EXTI15_10_IRQHandler
                0x080005a8       0xa4 ./output/obj/stm32f407xxx_it.o
                0x080005a8                EXTI15_10_IRQHandler
 .text.EXTI9_5_IRQHandler
                0x0800064c       0x8c ./output/obj/stm32f407xxx_it.o
                0x0800064c                EXTI9_5_IRQHandler
 .text.NVIC_EnableIRQ
                0x080006d8       0x40 ./output/obj/stm32f407xxx_nvic.o
                0x080006d8                NVIC_EnableIRQ
 .text.NVIC_ClearPendingIRQ
                0x08000718       0x44 ./output/obj/stm32f407xxx_nvic.o
                0x08000718                NVIC_ClearPendingIRQ
 .text.SYSTICK_Init
                0x0800075c       0x6c ./output/obj/stm32f407xxx_systick.o
                0x0800075c                SYSTICK_Init
 .text.SYSTICK_DelayMs
                0x080007c8       0x2a ./output/obj/stm32f407xxx_systick.o
                0x080007c8                SYSTICK_DelayMs
 *fill*         0x080007f2        0x2 
 .text.SYSTICK_GetTick
                0x080007f4       0x14 ./output/obj/stm32f407xxx_systick.o
                0x080007f4                SYSTICK_GetTick
 .text.SYSTICK_IncTick
                0x08000808       0x1c ./output/obj/stm32f407xxx_systick.o
                0x08000808                SYSTICK_IncTick
 .text.SysTick_Handler
                0x08000824        0xc ./output/obj/stm32f407xxx_systick.o
                0x08000824                SysTick_Handler
 .text.Reset_Handler
                0x08000830       0x70 ./output/obj/stm32f407xx_start_up.o
                0x08000830                Reset_Handler
 .text.Default_Handler
                0x080008a0        0x8 ./output/obj/stm32f407xx_start_up.o
                0x080008a0                RTC_Alarm_IRQHandler
                0x080008a0                TIM8_CC_IRQHandler
                0x080008a0                DebugMon_Handler
                0x080008a0                TIM1_CC_IRQHandler
                0x080008a0                DMA2_Stream5_IRQHandler
                0x080008a0                HardFault_Handler
                0x080008a0                DMA1_Stream5_IRQHandler
                0x080008a0                PVD_IRQHandler
                0x080008a0                SDIO_IRQHandler
                0x080008a0                TAMP_STAMP_IRQHandler
                0x080008a0                PendSV_Handler
                0x080008a0                NMI_Handler
                0x080008a0                CAN2_RX1_IRQHandler
                0x080008a0                TIM8_TRG_COM_TIM14_IRQHandler
                0x080008a0                TIM1_UP_TIM10_IRQHandler
                0x080008a0                TIM8_UP_TIM13_IRQHandler
                0x080008a0                I2C3_ER_IRQHandler
                0x080008a0                I2C2_EV_IRQHandler
                0x080008a0                DMA1_Stream2_IRQHandler
                0x080008a0                CAN1_RX0_IRQHandler
                0x080008a0                FPU_IRQHandler
                0x080008a0                OTG_HS_WKUP_IRQHandler
                0x080008a0                UsageFault_Handler
                0x080008a0                CAN2_SCE_IRQHandler
                0x080008a0                DMA2_Stream2_IRQHandler
                0x080008a0                SPI1_IRQHandler
                0x080008a0                TIM6_DAC_IRQHandler
                0x080008a0                TIM1_BRK_TIM9_IRQHandler
                0x080008a0                DCMI_IRQHandler
                0x080008a0                CAN2_RX0_IRQHandler
                0x080008a0                DMA2_Stream3_IRQHandler
                0x080008a0                CAN1_RX1_IRQHandler
                0x080008a0                DMA2_Stream0_IRQHandler
                0x080008a0                TIM4_IRQHandler
                0x080008a0                I2C1_EV_IRQHandler
                0x080008a0                DMA1_Stream6_IRQHandler
                0x080008a0                DMA1_Stream1_IRQHandler
                0x080008a0                TIM3_IRQHandler
                0x080008a0                RCC_IRQHandler
                0x080008a0                TIM8_BRK_TIM12_IRQHandler
                0x080008a0                Default_Handler
                0x080008a0                ADC_IRQHandler
                0x080008a0                DMA1_Stream7_IRQHandler
                0x080008a0                TIM7_IRQHandler
                0x080008a0                CAN2_TX_IRQHandler
                0x080008a0                TIM5_IRQHandler
                0x080008a0                DMA2_Stream7_IRQHandler
                0x080008a0                I2C3_EV_IRQHandler
                0x080008a0                RTC_WKUP_IRQHandler
                0x080008a0                ETH_WKUP_IRQHandler
                0x080008a0                SPI2_IRQHandler
                0x080008a0                OTG_HS_EP1_IN_IRQHandler
                0x080008a0                MemManage_Handler
                0x080008a0                DMA1_Stream0_IRQHandler
                0x080008a0                CAN1_TX_IRQHandler
                0x080008a0                SVC_Handler
                0x080008a0                RNG_IRQHandler
                0x080008a0                ETH_IRQHandler
                0x080008a0                OTG_HS_EP1_OUT_IRQHandler
                0x080008a0                WWDG_IRQHandler
                0x080008a0                TIM2_IRQHandler
                0x080008a0                OTG_FS_WKUP_IRQHandler
                0x080008a0                TIM1_TRG_COM_TIM11_IRQHandler
                0x080008a0                OTG_HS_IRQHandler
                0x080008a0                I2C2_ER_IRQHandler
                0x080008a0                DMA2_Stream1_IRQHandler
                0x080008a0                CAN1_SCE_IRQHandler
                0x080008a0                FLASH_IRQHandler
                0x080008a0                DMA2_Stream4_IRQHandler
                0x080008a0                BusFault_Handler
                0x080008a0                OTG_FS_IRQHandler
                0x080008a0                SPI3_IRQHandler
                0x080008a0                DMA1_Stream4_IRQHandler
                0x080008a0                I2C1_ER_IRQHandler
                0x080008a0                FMC_IRQHandler
                0x080008a0                DMA2_Stream6_IRQHandler
                0x080008a0                DMA1_Stream3_IRQHandler
 .text.GPIO_Config_Pin
                0x080008a8      0x1b6 ./output/obj/stm32f407xx_gpio.o
 .text.GPIO_Init
                0x08000a5e       0x44 ./output/obj/stm32f407xx_gpio.o
                0x08000a5e                GPIO_Init
 .text.GPIO_TogglePin
                0x08000aa2       0x22 ./output/obj/stm32f407xx_gpio.o
                0x08000aa2                GPIO_TogglePin
 .text.RCC_EnableHSI
                0x08000ac4       0x2c ./output/obj/stm32f407xxx_rcc.o
                0x08000ac4                RCC_EnableHSI
 .text.RCC_EnableHSE
                0x08000af0       0x2c ./output/obj/stm32f407xxx_rcc.o
                0x08000af0                RCC_EnableHSE
 .text.RCC_EnablePLL
                0x08000b1c       0x2c ./output/obj/stm32f407xxx_rcc.o
                0x08000b1c                RCC_EnablePLL
 .text.RCC_DisablePLL
                0x08000b48       0x2c ./output/obj/stm32f407xxx_rcc.o
                0x08000b48                RCC_DisablePLL
 .text.RCC_Configure_Bus_Prescalers
                0x08000b74       0x6c ./output/obj/stm32f407xxx_rcc.o
 .text.RCC_Init
                0x08000be0      0x190 ./output/obj/stm32f407xxx_rcc.o
                0x08000be0                RCC_Init
 .text.RCC_SetSystemClockTo168MHz
                0x08000d70       0x42 ./output/obj/stm32f407xxx_rcc.o
                0x08000d70                RCC_SetSystemClockTo168MHz
 *fill*         0x08000db2        0x2 
 .text.RCC_GetSYSCLKValue
                0x08000db4       0xb8 ./output/obj/stm32f407xxx_rcc.o
                0x08000db4                RCC_GetSYSCLKValue
 .text.RCC_GetHCLKValue
                0x08000e6c       0x38 ./output/obj/stm32f407xxx_rcc.o
                0x08000e6c                RCC_GetHCLKValue
 .text.RCC_GetPCLK1Value
                0x08000ea4       0x38 ./output/obj/stm32f407xxx_rcc.o
                0x08000ea4                RCC_GetPCLK1Value
 .text.RCC_GetPCLK2Value
                0x08000edc       0x38 ./output/obj/stm32f407xxx_rcc.o
                0x08000edc                RCC_GetPCLK2Value
 .text.FLASH_SetLatency
                0x08000f14      0x140 ./output/obj/stm32_f407xxx_flash.o
                0x08000f14                FLASH_SetLatency
 .text.EXTI_SetCallback
                0x08001054       0x4c ./output/obj/stm32f407xxx_exti.o
                0x08001054                EXTI_SetCallback
 .text.EXTI_Init
                0x080010a0      0x184 ./output/obj/stm32f407xxx_exti.o
                0x080010a0                EXTI_Init
 .text.EXTI_IRQHandler
                0x08001224       0x6c ./output/obj/stm32f407xxx_exti.o
                0x08001224                EXTI_IRQHandler
 .text.USART_Set_Baudrate
                0x08001290       0xf8 ./output/obj/stm32f407xxx_uart.o
 .text.USART_Init
                0x08001388      0x18c ./output/obj/stm32f407xxx_uart.o
                0x08001388                USART_Init
 .text.USART_Transmit_IT
                0x08001514       0x44 ./output/obj/stm32f407xxx_uart.o
                0x08001514                USART_Transmit_IT
 .text.USART_Receive_IT
                0x08001558       0x44 ./output/obj/stm32f407xxx_uart.o
                0x08001558                USART_Receive_IT
 .text.USART_IRQHandler
                0x0800159c      0x136 ./output/obj/stm32f407xxx_uart.o
                0x0800159c                USART_IRQHandler
 *fill*         0x080016d2        0x2 
 .text.CAN_Init
                0x080016d4      0x388 ./output/obj/stm32f407xxx_can.o
                0x080016d4                CAN_Init
 .text.CAN_ConfigFilter
                0x08001a5c      0x268 ./output/obj/stm32f407xxx_can.o
                0x08001a5c                CAN_ConfigFilter
 .text.CAN_Start
                0x08001cc4      0x116 ./output/obj/stm32f407xxx_can.o
                0x08001cc4                CAN_Start
 *fill*         0x08001dda        0x2 
 .text.CAN_Add_TxMessage
                0x08001ddc      0x418 ./output/obj/stm32f407xxx_can.o
                0x08001ddc                CAN_Add_TxMessage
 .text.CAN_Get_TxMailboxesStatus
                0x080021f4      0x476 ./output/obj/stm32f407xxx_can.o
                0x080021f4                CAN_Get_TxMailboxesStatus
 *(.rodata*)
 *fill*         0x0800266a        0x2 
 .rodata        0x0800266c       0x20 ./output/obj/main.o
 .rodata.AHBPrescalerTable
                0x0800268c       0x20 ./output/obj/stm32f407xxx_rcc.o
 .rodata.APBPrescalerTable
                0x080026ac        0x8 ./output/obj/stm32f407xxx_rcc.o
                0x080026b4                        . = ALIGN (0x4)
                0x080026b4                        _etext = .
                0x080026bc                        _la_data = LOADADDR (.data)

.glue_7         0x080026b4        0x0
 .glue_7        0x080026b4        0x0 linker stubs

.glue_7t        0x080026b4        0x0
 .glue_7t       0x080026b4        0x0 linker stubs

.vfp11_veneer   0x080026b4        0x0
 .vfp11_veneer  0x080026b4        0x0 linker stubs

.v4_bx          0x080026b4        0x0
 .v4_bx         0x080026b4        0x0 linker stubs

.init           0x080026b4        0x4
 .init          0x080026b4        0x4 C:/GCC_Toolchain/bin/../lib/gcc/arm-none-eabi/15.2.1/thumb/v7e-m/nofp/crti.o
                0x080026b4                _init

.fini           0x080026b8        0x4
 .fini          0x080026b8        0x4 C:/GCC_Toolchain/bin/../lib/gcc/arm-none-eabi/15.2.1/thumb/v7e-m/nofp/crti.o
                0x080026b8                _fini

.iplt           0x080026bc        0x0
 .iplt          0x080026bc        0x0 ./output/obj/main.o

.rel.dyn        0x080026bc        0x0
 .rel.iplt      0x080026bc        0x0 ./output/obj/main.o

.data           0x20000000        0x8 load address 0x080026bc
                0x20000000                        _sdata = .
 *(.data*)
 .data.IRQNumber_EXTI
                0x20000000        0x7 ./output/obj/stm32f407xxx_exti.o
                0x20000008                        . = ALIGN (0x4)
 *fill*         0x20000007        0x1 
                0x20000008                        _edata = .

.igot.plt       0x20000008        0x0 load address 0x080026c4
 .igot.plt      0x20000008        0x0 ./output/obj/main.o

.bss            0x20000008       0xbc load address 0x080026c4
                0x20000008                        _sbss = .
 *(.bss*)
 .bss.hgpio     0x20000008        0x8 ./output/obj/main.o
                0x20000008                hgpio
 .bss.hexti     0x20000010        0x8 ./output/obj/main.o
                0x20000010                hexti
 .bss.huart     0x20000018       0x24 ./output/obj/main.o
                0x20000018                huart
 .bss.hcan      0x2000003c       0x34 ./output/obj/main.o
                0x2000003c                hcan
 .bss.rx_buffer
                0x20000070        0xa ./output/obj/main.o
                0x20000070                rx_buffer
 *fill*         0x2000007a        0x2 
 .bss.global_tick
                0x2000007c        0x4 ./output/obj/stm32f407xxx_systick.o
 .bss.EXTI_CallbackTable
                0x20000080       0x40 ./output/obj/stm32f407xxx_exti.o
 .bss.tickstart
                0x200000c0        0x4 ./output/obj/stm32f407xxx_can.o
                0x200000c0                tickstart
 *(COMMON)
                0x200000c4                        . = ALIGN (0x4)
                0x200000c4                        _ebss = .
OUTPUT(output/stm32f307xxx_driver.elf elf32-littlearm)
LOAD linker stubs

.ARM.attributes
                0x00000000       0x2a
 .ARM.attributes
                0x00000000       0x1e C:/GCC_Toolchain/bin/../lib/gcc/arm-none-eabi/15.2.1/thumb/v7e-m/nofp/crti.o
 .ARM.attributes
                0x0000001e       0x2e ./output/obj/main.o
 .ARM.attributes
                0x0000004c       0x2e ./output/obj/stm32f407xxx_it.o
 .ARM.attributes
                0x0000007a       0x2e ./output/obj/stm32f407xxx_nvic.o
 .ARM.attributes
                0x000000a8       0x2e ./output/obj/stm32f407xxx_systick.o
 .ARM.attributes
                0x000000d6       0x2e ./output/obj/stm32f407xx_start_up.o
 .ARM.attributes
                0x00000104       0x2e ./output/obj/stm32f407xx_gpio.o
 .ARM.attributes
                0x00000132       0x2e ./output/obj/stm32f407xxx_rcc.o
 .ARM.attributes
                0x00000160       0x2e ./output/obj/stm32_f407xxx_flash.o
 .ARM.attributes
                0x0000018e       0x2e ./output/obj/stm32f407xxx_exti.o
 .ARM.attributes
                0x000001bc       0x2e ./output/obj/stm32f407xxx_uart.o
 .ARM.attributes
                0x000001ea       0x2e ./output/obj/stm32f407xxx_can.o

.comment        0x00000000       0x45
 .comment       0x00000000       0x45 ./output/obj/main.o
                                 0x46 (size before relaxing)
 .comment       0x00000045        0x0 ./output/obj/stm32f407xxx_it.o
                                 0x46 (size before relaxing)
 .comment       0x00000045        0x0 ./output/obj/stm32f407xxx_nvic.o
                                 0x46 (size before relaxing)
 .comment       0x00000045        0x0 ./output/obj/stm32f407xxx_systick.o
                                 0x46 (size before relaxing)
 .comment       0x00000045        0x0 ./output/obj/stm32f407xx_start_up.o
                                 0x46 (size before relaxing)
 .comment       0x00000045        0x0 ./output/obj/stm32f407xx_gpio.o
                                 0x46 (size before relaxing)
 .comment       0x00000045        0x0 ./output/obj/stm32f407xxx_rcc.o
                                 0x46 (size before relaxing)
 .comment       0x00000045        0x0 ./output/obj/stm32_f407xxx_flash.o
                                 0x46 (size before relaxing)
 .comment       0x00000045        0x0 ./output/obj/stm32f407xxx_exti.o
                                 0x46 (size before relaxing)
 .comment       0x00000045        0x0 ./output/obj/stm32f407xxx_uart.o
                                 0x46 (size before relaxing)
 .comment       0x00000045        0x0 ./output/obj/stm32f407xxx_can.o
                                 0x46 (size before relaxing)

.debug_info     0x00000000     0x30dc
 .debug_info    0x00000000      0xd7a ./output/obj/main.o
 .debug_info    0x00000d7a      0x3bf ./output/obj/stm32f407xxx_it.o
 .debug_info    0x00001139      0x24d ./output/obj/stm32f407xxx_nvic.o
 .debug_info    0x00001386      0x172 ./output/obj/stm32f407xxx_systick.o
 .debug_info    0x000014f8      0x164 ./output/obj/stm32f407xx_start_up.o
 .debug_info    0x0000165c      0x39c ./output/obj/stm32f407xx_gpio.o
 .debug_info    0x000019f8      0x50a ./output/obj/stm32f407xxx_rcc.o
 .debug_info    0x00001f02      0x129 ./output/obj/stm32_f407xxx_flash.o
 .debug_info    0x0000202b      0x32b ./output/obj/stm32f407xxx_exti.o
 .debug_info    0x00002356      0x40a ./output/obj/stm32f407xxx_uart.o
 .debug_info    0x00002760      0x97c ./output/obj/stm32f407xxx_can.o

.debug_abbrev   0x00000000      0xea4
 .debug_abbrev  0x00000000      0x1fd ./output/obj/main.o
 .debug_abbrev  0x000001fd      0x109 ./output/obj/stm32f407xxx_it.o
 .debug_abbrev  0x00000306       0xe1 ./output/obj/stm32f407xxx_nvic.o
 .debug_abbrev  0x000003e7      0x12a ./output/obj/stm32f407xxx_systick.o
 .debug_abbrev  0x00000511       0xda ./output/obj/stm32f407xx_start_up.o
 .debug_abbrev  0x000005eb      0x1b1 ./output/obj/stm32f407xx_gpio.o
 .debug_abbrev  0x0000079c      0x1b5 ./output/obj/stm32f407xxx_rcc.o
 .debug_abbrev  0x00000951       0xa1 ./output/obj/stm32_f407xxx_flash.o
 .debug_abbrev  0x000009f2      0x131 ./output/obj/stm32f407xxx_exti.o
 .debug_abbrev  0x00000b23      0x141 ./output/obj/stm32f407xxx_uart.o
 .debug_abbrev  0x00000c64      0x240 ./output/obj/stm32f407xxx_can.o

.debug_aranges  0x00000000      0x340
 .debug_aranges
                0x00000000       0x40 ./output/obj/main.o
 .debug_aranges
                0x00000040       0x80 ./output/obj/stm32f407xxx_it.o
 .debug_aranges
                0x000000c0       0x40 ./output/obj/stm32f407xxx_nvic.o
 .debug_aranges
                0x00000100       0x40 ./output/obj/stm32f407xxx_systick.o
 .debug_aranges
                0x00000140       0x28 ./output/obj/stm32f407xx_start_up.o
 .debug_aranges
                0x00000168       0x40 ./output/obj/stm32f407xx_gpio.o
 .debug_aranges
                0x000001a8       0x88 ./output/obj/stm32f407xxx_rcc.o
 .debug_aranges
                0x00000230       0x20 ./output/obj/stm32_f407xxx_flash.o
 .debug_aranges
                0x00000250       0x30 ./output/obj/stm32f407xxx_exti.o
 .debug_aranges
                0x00000280       0x50 ./output/obj/stm32f407xxx_uart.o
 .debug_aranges
                0x000002d0       0x70 ./output/obj/stm32f407xxx_can.o

.debug_rnglists
                0x00000000      0x276
 .debug_rnglists
                0x00000000       0x2e ./output/obj/main.o
 .debug_rnglists
                0x0000002e       0x78 ./output/obj/stm32f407xxx_it.o
 .debug_rnglists
                0x000000a6       0x2b ./output/obj/stm32f407xxx_nvic.o
 .debug_rnglists
                0x000000d1       0x2b ./output/obj/stm32f407xxx_systick.o
 .debug_rnglists
                0x000000fc       0x19 ./output/obj/stm32f407xx_start_up.o
 .debug_rnglists
                0x00000115       0x2c ./output/obj/stm32f407xx_gpio.o
 .debug_rnglists
                0x00000141       0x63 ./output/obj/stm32f407xxx_rcc.o
 .debug_rnglists
                0x000001a4       0x14 ./output/obj/stm32_f407xxx_flash.o
 .debug_rnglists
                0x000001b8       0x2c ./output/obj/stm32f407xxx_exti.o
 .debug_rnglists
                0x000001e4       0x3a ./output/obj/stm32f407xxx_uart.o
 .debug_rnglists
                0x0000021e       0x58 ./output/obj/stm32f407xxx_can.o

.debug_macro    0x00000000     0x6c39
 .debug_macro   0x00000000       0xc1 ./output/obj/main.o
 .debug_macro   0x000000c1      0xacc ./output/obj/main.o
 .debug_macro   0x00000b8d       0x22 ./output/obj/main.o
 .debug_macro   0x00000baf       0x8e ./output/obj/main.o
 .debug_macro   0x00000c3d       0x51 ./output/obj/main.o
 .debug_macro   0x00000c8e      0x103 ./output/obj/main.o
 .debug_macro   0x00000d91       0x6a ./output/obj/main.o
 .debug_macro   0x00000dfb      0x1df ./output/obj/main.o
 .debug_macro   0x00000fda      0x26b ./output/obj/main.o
 .debug_macro   0x00001245      0x288 ./output/obj/main.o
 .debug_macro   0x000014cd      0x7ca ./output/obj/main.o
 .debug_macro   0x00001c97      0xfef ./output/obj/main.o
 .debug_macro   0x00002c86       0x70 ./output/obj/main.o
 .debug_macro   0x00002cf6      0x4b4 ./output/obj/main.o
 .debug_macro   0x000031aa      0x1ca ./output/obj/main.o
 .debug_macro   0x00003374      0x78d ./output/obj/main.o
 .debug_macro   0x00003b01       0x9d ./output/obj/stm32f407xxx_it.o
 .debug_macro   0x00003b9e      0x265 ./output/obj/stm32f407xxx_it.o
 .debug_macro   0x00003e03      0x28e ./output/obj/stm32f407xxx_it.o
 .debug_macro   0x00004091      0x4ae ./output/obj/stm32f407xxx_it.o
 .debug_macro   0x0000453f       0x82 ./output/obj/stm32f407xxx_nvic.o
 .debug_macro   0x000045c1       0x81 ./output/obj/stm32f407xxx_systick.o
 .debug_macro   0x00004642       0x6a ./output/obj/stm32f407xxx_systick.o
 .debug_macro   0x000046ac       0x7b ./output/obj/stm32f407xx_start_up.o
 .debug_macro   0x00004727       0x93 ./output/obj/stm32f407xx_gpio.o
 .debug_macro   0x000047ba      0xfe9 ./output/obj/stm32f407xx_gpio.o
 .debug_macro   0x000057a3      0x7d0 ./output/obj/stm32f407xx_gpio.o
 .debug_macro   0x00005f73       0x93 ./output/obj/stm32f407xxx_rcc.o
 .debug_macro   0x00006006       0x46 ./output/obj/stm32f407xxx_rcc.o
 .debug_macro   0x0000604c       0x8a ./output/obj/stm32_f407xxx_flash.o
 .debug_macro   0x000060d6       0x40 ./output/obj/stm32_f407xxx_flash.o
 .debug_macro   0x00006116       0x9a ./output/obj/stm32f407xxx_exti.o
 .debug_macro   0x000061b0       0x9f ./output/obj/stm32f407xxx_uart.o
 .debug_macro   0x0000624f      0x1c4 ./output/obj/stm32f407xxx_uart.o
 .debug_macro   0x00006413       0x9f ./output/obj/stm32f407xxx_can.o
 .debug_macro   0x000064b2      0x787 ./output/obj/stm32f407xxx_can.o

.debug_line     0x00000000     0x3339
 .debug_line    0x00000000      0x3e1 ./output/obj/main.o
 .debug_line    0x000003e1      0x389 ./output/obj/stm32f407xxx_it.o
 .debug_line    0x0000076a      0x254 ./output/obj/stm32f407xxx_nvic.o
 .debug_line    0x000009be      0x25a ./output/obj/stm32f407xxx_systick.o
 .debug_line    0x00000c18      0x1c7 ./output/obj/stm32f407xx_start_up.o
 .debug_line    0x00000ddf      0x3cd ./output/obj/stm32f407xx_gpio.o
 .debug_line    0x000011ac      0x5ce ./output/obj/stm32f407xxx_rcc.o
 .debug_line    0x0000177a      0x284 ./output/obj/stm32_f407xxx_flash.o
 .debug_line    0x000019fe      0x35b ./output/obj/stm32f407xxx_exti.o
 .debug_line    0x00001d59      0x614 ./output/obj/stm32f407xxx_uart.o
 .debug_line    0x0000236d      0xfcc ./output/obj/stm32f407xxx_can.o

.debug_str      0x00000000    0x10e75
 .debug_str     0x00000000    0x10e75 ./output/obj/main.o
                              0x10560 (size before relaxing)
 .debug_str     0x00010e75        0x0 ./output/obj/stm32f407xxx_it.o
                               0x72ef (size before relaxing)
 .debug_str     0x00010e75        0x0 ./output/obj/stm32f407xxx_nvic.o
                               0x46bd (size before relaxing)
 .debug_str     0x00010e75        0x0 ./output/obj/stm32f407xxx_systick.o
                               0x48f9 (size before relaxing)
 .debug_str     0x00010e75        0x0 ./output/obj/stm32f407xx_start_up.o
                               0x3e48 (size before relaxing)
 .debug_str     0x00010e75        0x0 ./output/obj/stm32f407xx_gpio.o
                               0xc4cf (size before relaxing)
 .debug_str     0x00010e75        0x0 ./output/obj/stm32f407xxx_rcc.o
                               0x8035 (size before relaxing)
 .debug_str     0x00010e75        0x0 ./output/obj/stm32_f407xxx_flash.o
                               0x5778 (size before relaxing)
 .debug_str     0x00010e75        0x0 ./output/obj/stm32f407xxx_exti.o
                               0x6b19 (size before relaxing)
 .debug_str     0x00010e75        0x0 ./output/obj/stm32f407xxx_uart.o
                               0x8515 (size before relaxing)
 .debug_str     0x00010e75        0x0 ./output/obj/stm32f407xxx_can.o
                               0x7ae7 (size before relaxing)

.debug_frame    0x00000000      0xa7c
 .debug_frame   0x00000000       0xbc ./output/obj/main.o
 .debug_frame   0x000000bc      0x18c ./output/obj/stm32f407xxx_it.o
 .debug_frame   0x00000248       0xd8 ./output/obj/stm32f407xxx_nvic.o
 .debug_frame   0x00000320       0xb8 ./output/obj/stm32f407xxx_systick.o
 .debug_frame   0x000003d8       0x48 ./output/obj/stm32f407xx_start_up.o
 .debug_frame   0x00000420       0xd4 ./output/obj/stm32f407xx_gpio.o
 .debug_frame   0x000004f4      0x1f8 ./output/obj/stm32f407xxx_rcc.o
 .debug_frame   0x000006ec       0x38 ./output/obj/stm32_f407xxx_flash.o
 .debug_frame   0x00000724       0x84 ./output/obj/stm32f407xxx_exti.o
 .debug_frame   0x000007a8      0x11c ./output/obj/stm32f407xxx_uart.o
 .debug_frame   0x000008c4      0x1b8 ./output/obj/stm32f407xxx_can.o
